Component: ARM Compiler 5.06 update 7 (build 960) Tool: armlink [4d3601]

==============================================================================

Section Cross References

    startup_stm32f103xb.o(RESET) refers to startup_stm32f103xb.o(STACK) for __initial_sp
    startup_stm32f103xb.o(RESET) refers to startup_stm32f103xb.o(.text) for Reset_Handler
    startup_stm32f103xb.o(RESET) refers to stm32f1xx_it.o(i.NMI_Handler) for NMI_Handler
    startup_stm32f103xb.o(RESET) refers to stm32f1xx_it.o(i.HardFault_Handler) for HardFault_Handler
    startup_stm32f103xb.o(RESET) refers to stm32f1xx_it.o(i.MemManage_Handler) for MemManage_Handler
    startup_stm32f103xb.o(RESET) refers to stm32f1xx_it.o(i.BusFault_Handler) for BusFault_Handler
    startup_stm32f103xb.o(RESET) refers to stm32f1xx_it.o(i.UsageFault_Handler) for UsageFault_Handler
    startup_stm32f103xb.o(RESET) refers to stm32f1xx_it.o(i.SVC_Handler) for SVC_Handler
    startup_stm32f103xb.o(RESET) refers to stm32f1xx_it.o(i.DebugMon_Handler) for DebugMon_Handler
    startup_stm32f103xb.o(RESET) refers to stm32f1xx_it.o(i.PendSV_Handler) for PendSV_Handler
    startup_stm32f103xb.o(RESET) refers to stm32f1xx_it.o(i.SysTick_Handler) for SysTick_Handler
    startup_stm32f103xb.o(RESET) refers to stm32f1xx_it.o(i.DMA1_Channel3_IRQHandler) for DMA1_Channel3_IRQHandler
    startup_stm32f103xb.o(RESET) refers to stm32f1xx_it.o(i.USB_LP_CAN1_RX0_IRQHandler) for USB_LP_CAN1_RX0_IRQHandler
    startup_stm32f103xb.o(RESET) refers to stm32f1xx_it.o(i.TIM1_UP_IRQHandler) for TIM1_UP_IRQHandler
    startup_stm32f103xb.o(RESET) refers to stm32f1xx_it.o(i.TIM2_IRQHandler) for TIM2_IRQHandler
    startup_stm32f103xb.o(RESET) refers to porttimer.o(i.TIM3_IRQHandler) for TIM3_IRQHandler
    startup_stm32f103xb.o(RESET) refers to stm32f1xx_it.o(i.TIM4_IRQHandler) for TIM4_IRQHandler
    startup_stm32f103xb.o(RESET) refers to portserial.o(i.USART2_IRQHandler) for USART2_IRQHandler
    startup_stm32f103xb.o(RESET) refers to stm32f1xx_it.o(i.USART3_IRQHandler) for USART3_IRQHandler
    startup_stm32f103xb.o(.text) refers to system_stm32f1xx.o(i.SystemInit) for SystemInit
    startup_stm32f103xb.o(.text) refers to entry.o(.ARM.Collect$$$$00000000) for __main
    aht20.o(i.AHT20_DeInit) refers to stm32f1xx_hal_i2c.o(i.HAL_I2C_Master_Transmit) for HAL_I2C_Master_Transmit
    aht20.o(i.AHT20_DeInit) refers to i2c.o(.bss) for hi2c1
    aht20.o(i.AHT20_Init) refers to stm32f1xx_hal.o(i.HAL_Delay) for HAL_Delay
    aht20.o(i.AHT20_Init) refers to stm32f1xx_hal_i2c.o(i.HAL_I2C_Master_Transmit) for HAL_I2C_Master_Transmit
    aht20.o(i.AHT20_Init) refers to aht20.o(i.AHT20_Read_Status) for AHT20_Read_Status
    aht20.o(i.AHT20_Init) refers to aht20.o(i.AHT20_DeInit) for AHT20_DeInit
    aht20.o(i.AHT20_Init) refers to i2c.o(.bss) for hi2c1
    aht20.o(i.AHT20_Read) refers to aht20.o(i.AHT20_ReadData) for AHT20_ReadData
    aht20.o(i.AHT20_Read) refers to fmul.o(.text) for __aeabi_fmul
    aht20.o(i.AHT20_Read) refers to ffixui.o(.text) for __aeabi_f2uiz
    aht20.o(i.AHT20_Read) refers to aht20.o(.data) for .data
    aht20.o(i.AHT20_Read) refers to port.o(.bss) for REG_HOLD_BUF
    aht20.o(i.AHT20_ReadData) refers to stm32f1xx_hal_i2c.o(i.HAL_I2C_Master_Transmit) for HAL_I2C_Master_Transmit
    aht20.o(i.AHT20_ReadData) refers to stm32f1xx_hal.o(i.HAL_Delay) for HAL_Delay
    aht20.o(i.AHT20_ReadData) refers to aht20.o(i.AHT20_Read_Status) for AHT20_Read_Status
    aht20.o(i.AHT20_ReadData) refers to stm32f1xx_hal_i2c.o(i.HAL_I2C_Master_Receive) for HAL_I2C_Master_Receive
    aht20.o(i.AHT20_ReadData) refers to dfltui.o(.text) for __aeabi_ui2d
    aht20.o(i.AHT20_ReadData) refers to dmul.o(.text) for __aeabi_dmul
    aht20.o(i.AHT20_ReadData) refers to dscalb.o(.text) for __ARM_scalbn
    aht20.o(i.AHT20_ReadData) refers to d2f.o(.text) for __aeabi_d2f
    aht20.o(i.AHT20_ReadData) refers to dadd.o(.text) for __aeabi_dsub
    aht20.o(i.AHT20_ReadData) refers to i2c.o(.bss) for hi2c1
    aht20.o(i.AHT20_ReadData) refers to aht20.o(.data) for .data
    aht20.o(i.AHT20_Read_Status) refers to stm32f1xx_hal_i2c.o(i.HAL_I2C_Master_Receive) for HAL_I2C_Master_Receive
    aht20.o(i.AHT20_Read_Status) refers to i2c.o(.bss) for hi2c1
    cjson.o(i.add_item_to_object) refers to cjson.o(i.cJSON_strdup) for cJSON_strdup
    cjson.o(i.add_item_to_object) refers to cjson.o(i.add_item_to_array) for add_item_to_array
    cjson.o(i.cJSON_AddArrayToObject) refers to cjson.o(i.cJSON_CreateArray) for cJSON_CreateArray
    cjson.o(i.cJSON_AddArrayToObject) refers to cjson.o(i.add_item_to_object) for add_item_to_object
    cjson.o(i.cJSON_AddArrayToObject) refers to cjson.o(i.cJSON_Delete) for cJSON_Delete
    cjson.o(i.cJSON_AddArrayToObject) refers to cjson.o(.data) for .data
    cjson.o(i.cJSON_AddBoolToObject) refers to cjson.o(i.cJSON_CreateBool) for cJSON_CreateBool
    cjson.o(i.cJSON_AddBoolToObject) refers to cjson.o(i.add_item_to_object) for add_item_to_object
[...]
    proceedPDO                               0x080084dd   Thumb Code   556  pdo.o(i.proceedPDO)
    proceedSDO                               0x08008709   Thumb Code  4758  sdo.o(i.proceedSDO)
    proceedSYNC                              0x080099a9   Thumb Code    40  sync.o(i.proceedSYNC)
    prveMBError2Exception                    0x080099d1   Thumb Code    24  mbutils.o(i.prveMBError2Exception)
    realloc                                  0x080099e9   Thumb Code   102  mallocr.o(i.realloc)
    resetSDO                                 0x08009a55   Thumb Code    24  sdo.o(i.resetSDO)
    resetSDOline                             0x08009a6d   Thumb Code    50  sdo.o(i.resetSDOline)
    scanIndexOD                              0x08009a9f   Thumb Code    22  objacces.o(i.scanIndexOD)
    sendOnePDOevent                          0x08009ab5   Thumb Code   256  pdo.o(i.sendOnePDOevent)
    sendSDO                                  0x08009be5   Thumb Code   120  sdo.o(i.sendSDO)
    sendSDOabort                             0x08009c5d   Thumb Code    56  sdo.o(i.sendSDOabort)
    sendSYNC                                 0x08009c95   Thumb Code    20  sync.o(i.sendSYNC)
    sendSYNCMessage                          0x08009ca9   Thumb Code    34  sync.o(i.sendSYNCMessage)
    setNodeId                                0x08009ccd   Thumb Code   302  states.o(i.setNodeId)
    setSDOlineRestBytes                      0x08009e01   Thumb Code    22  sdo.o(i.setSDOlineRestBytes)
    setState                                 0x08009e19   Thumb Code   160  states.o(i.setState)
    setTimer                                 0x08009ebd   Thumb Code    12  canfestival.o(i.setTimer)
    slaveSendBootUp                          0x08009ec9   Thumb Code    42  nmtslave.o(i.slaveSendBootUp)
    startSYNC                                0x08009ef5   Thumb Code    86  sync.o(i.startSYNC)
    stopSYNC                                 0x08009f55   Thumb Code    44  sync.o(i.stopSYNC)
    strtod                                   0x08009f81   Thumb Code    28  strtod.o(i.strtod)
    switchCommunicationState                 0x08009f9d   Thumb Code   234  states.o(i.switchCommunicationState)
    usMBCRC16                                0x0800a089   Thumb Code    40  mbcrc.o(i.usMBCRC16)
    vMBPortSerialEnable                      0x0800a189   Thumb Code    76  portserial.o(i.vMBPortSerialEnable)
    vMBPortTimersDisable                     0x0800a1dd   Thumb Code    32  porttimer.o(i.vMBPortTimersDisable)
    vMBPortTimersEnable                      0x0800a201   Thumb Code    20  porttimer.o(i.vMBPortTimersEnable)
    xMBPortEventGet                          0x0800a219   Thumb Code    24  portevent.o(i.xMBPortEventGet)
    xMBPortEventInit                         0x0800a235   Thumb Code    10  portevent.o(i.xMBPortEventInit)
    xMBPortEventPost                         0x0800a245   Thumb Code    12  portevent.o(i.xMBPortEventPost)
    xMBPortSerialGetByte                     0x0800a255   Thumb Code    10  portserial.o(i.xMBPortSerialGetByte)
    xMBPortSerialInit                        0x0800a265   Thumb Code    88  portserial.o(i.xMBPortSerialInit)
    xMBPortSerialPutByte                     0x0800a2c5   Thumb Code     8  portserial.o(i.xMBPortSerialPutByte)
    xMBPortTimersInit                        0x0800a2d1   Thumb Code   106  porttimer.o(i.xMBPortTimersInit)
    xMBRTUReceiveFSM                         0x0800a345   Thumb Code    96  mbrtu.o(i.xMBRTUReceiveFSM)
    xMBRTUTimerT35Expired                    0x0800a3ad   Thumb Code    58  mbrtu.o(i.xMBRTUTimerT35Expired)
    xMBRTUTransmitFSM                        0x0800a3ed   Thumb Code    86  mbrtu.o(i.xMBRTUTransmitFSM)
    F6x8                                     0x0800a448   Data         552  oled.o(.constdata)
    F8X16                                    0x0800a670   Data        1520  oled.o(.constdata)
    TestSlave_iam_a_slave                    0x0800aea0   Data           1  testslave.o(.constdata)
    TestSlave_objdict                        0x0800aea4   Data         168  testslave.o(.constdata)
    TestSlave_firstIndex                     0x0800af4c   Data          12  testslave.o(.constdata)
    TestSlave_lastIndex                      0x0800af58   Data          12  testslave.o(.constdata)
    TestSlave_ObjdictSize                    0x0800af64   Data           2  testslave.o(.constdata)
    AHBPrescTable                            0x0800af8a   Data          16  system_stm32f1xx.o(.constdata)
    APBPrescTable                            0x0800af9a   Data           8  system_stm32f1xx.o(.constdata)
    __ctype_categories                       0x0800afa2   Data          64  ctype_c.o(.constdata)
    Region$$Table$$Base                      0x0800afe4   Number         0  anon$$obj.o(Region$$Table)
    Region$$Table$$Limit                     0x0800b004   Number         0  anon$$obj.o(Region$$Table)
    RH                                       0x20000000   Data           4  aht20.o(.data)
    Temp                                     0x20000004   Data           4  aht20.o(.data)
    TIM1_Timeout_Flag                        0x2000001c   Data           1  modbus.o(.data)
    SlaveAddress                             0x2000001d   Data           1  modbus.o(.data)
    Modify_SlaveAddress_Flag                 0x2000001e   Data           1  modbus.o(.data)
    MQTT_UPLoad_Flag                         0x2000001f   Data           1  mqtt.o(.data)
    MQTT_Download_Flag                       0x20000020   Data           1  mqtt.o(.data)
    WIFI4G_CMD_Status                        0x20000021   Data           1  wifi4g.o(.data)
    WIFI4G_TouChuan_Flag                     0x20000022   Data           1  wifi4g.o(.data)
    RX3_Offset                               0x20000023   Data           1  usart.o(.data)
    pxMBFrameCBByteReceived                  0x20000048   Data           4  mb.o(.data)
    pxMBFrameCBTransmitterEmpty              0x2000004c   Data           4  mb.o(.data)
    pxMBPortCBTimerExpired                   0x20000050   Data           4  mb.o(.data)
    REG_COILS_BUF                            0x200000e4   Data          10  port.o(.data)
    REG_DISC_BUF                             0x200000ee   Data          10  port.o(.data)
    last_timer_raw                           0x200000fc   Data           2  timer.o(.data)
    total_sleep_time                         0x20000100   Data           4  timer.o(.data)
    TestSlave_bDeviceNodeId                  0x20000104   Data           1  testslave.o(.data)
    TestSlave_obj1000                        0x20000108   Data           4  testslave.o(.data)
    TestSlave_Index1000                      0x2000010c   Data          12  testslave.o(.data)
    TestSlave_obj1001                        0x20000118   Data           1  testslave.o(.data)
    TestSlave_Index1001                      0x2000011c   Data          12  testslave.o(.data)
    TestSlave_highestSubIndex_obj1003        0x20000128   Data           1  testslave.o(.data)
    TestSlave_obj1003                        0x2000012c   Data           4  testslave.o(.data)
    TestSlave_obj1005                        0x20000130   Data           4  testslave.o(.data)
    TestSlave_obj1006                        0x20000134   Data           4  testslave.o(.data)
    TestSlave_obj100C                        0x20000138   Data           2  testslave.o(.data)
    TestSlave_obj100D                        0x2000013a   Data           1  testslave.o(.data)
    TestSlave_obj1014                        0x2000013c   Data           4  testslave.o(.data)
    TestSlave_highestSubIndex_obj1016        0x20000140   Data           1  testslave.o(.data)
    TestSlave_obj1016                        0x20000144   Data           4  testslave.o(.data)
    TestSlave_obj1017                        0x20000148   Data           2  testslave.o(.data)
    TestSlave_highestSubIndex_obj1018        0x2000014a   Data           1  testslave.o(.data)
    TestSlave_obj1018_Vendor_ID              0x2000014c   Data           4  testslave.o(.data)
    TestSlave_obj1018_Product_Code           0x20000150   Data           4  testslave.o(.data)
    TestSlave_obj1018_Revision_Number        0x20000154   Data           4  testslave.o(.data)
    TestSlave_obj1018_Serial_Number          0x20000158   Data           4  testslave.o(.data)
    TestSlave_Index1018                      0x2000015c   Data          60  testslave.o(.data)
    TestSlave_highestSubIndex_obj1200        0x20000198   Data           1  testslave.o(.data)
    TestSlave_obj1200_COB_ID_Client_to_Server_Receive_SDO 0x2000019c   Data           4  testslave.o(.data)
    TestSlave_obj1200_COB_ID_Server_to_Client_Transmit_SDO 0x200001a0   Data           4  testslave.o(.data)
    TestSlave_Index1200                      0x200001a4   Data          36  testslave.o(.data)
    TestSlave_highestSubIndex_obj1400        0x200001c8   Data           1  testslave.o(.data)
    TestSlave_obj1400_COB_ID_used_by_PDO     0x200001cc   Data           4  testslave.o(.data)
    TestSlave_obj1400_Transmission_Type      0x200001d0   Data           1  testslave.o(.data)
    TestSlave_obj1400_Inhibit_Time           0x200001d2   Data           2  testslave.o(.data)
    TestSlave_obj1400_Compatibility_Entry    0x200001d4   Data           1  testslave.o(.data)
    TestSlave_obj1400_Event_Timer            0x200001d6   Data           2  testslave.o(.data)
    TestSlave_obj1400_SYNC_start_value       0x200001d8   Data           1  testslave.o(.data)
    TestSlave_Index1400                      0x200001dc   Data          84  testslave.o(.data)
    TestSlave_highestSubIndex_obj1401        0x20000230   Data           1  testslave.o(.data)
    TestSlave_obj1401_COB_ID_used_by_PDO     0x20000234   Data           4  testslave.o(.data)
    TestSlave_obj1401_Transmission_Type      0x20000238   Data           1  testslave.o(.data)
    TestSlave_obj1401_Inhibit_Time           0x2000023a   Data           2  testslave.o(.data)
    TestSlave_obj1401_Compatibility_Entry    0x2000023c   Data           1  testslave.o(.data)
    TestSlave_obj1401_Event_Timer            0x2000023e   Data           2  testslave.o(.data)
    TestSlave_obj1401_SYNC_start_value       0x20000240   Data           1  testslave.o(.data)
    TestSlave_Index1401                      0x20000244   Data          84  testslave.o(.data)
    TestSlave_highestSubIndex_obj1402        0x20000298   Data           1  testslave.o(.data)
    TestSlave_obj1402_COB_ID_used_by_PDO     0x2000029c   Data           4  testslave.o(.data)
    TestSlave_obj1402_Transmission_Type      0x200002a0   Data           1  testslave.o(.data)
    TestSlave_obj1402_Inhibit_Time           0x200002a2   Data           2  testslave.o(.data)
    TestSlave_obj1402_Compatibility_Entry    0x200002a4   Data           1  testslave.o(.data)
    TestSlave_obj1402_Event_Timer            0x200002a6   Data           2  testslave.o(.data)
    TestSlave_obj1402_SYNC_start_value       0x200002a8   Data           1  testslave.o(.data)
    TestSlave_Index1402                      0x200002ac   Data          84  testslave.o(.data)
    TestSlave_highestSubIndex_obj1403        0x20000300   Data           1  testslave.o(.data)
    TestSlave_obj1403_COB_ID_used_by_PDO     0x20000304   Data           4  testslave.o(.data)
    TestSlave_obj1403_Transmission_Type      0x20000308   Data           1  testslave.o(.data)
    TestSlave_obj1403_Inhibit_Time           0x2000030a   Data           2  testslave.o(.data)
    TestSlave_obj1403_Compatibility_Entry    0x2000030c   Data           1  testslave.o(.data)
    TestSlave_obj1403_Event_Timer            0x2000030e   Data           2  testslave.o(.data)
    TestSlave_obj1403_SYNC_start_value       0x20000310   Data           1  testslave.o(.data)
    TestSlave_Index1403                      0x20000314   Data          84  testslave.o(.data)
    TestSlave_highestSubIndex_obj1600        0x20000368   Data           1  testslave.o(.data)
    TestSlave_Index1600                      0x2000036c   Data         108  testslave.o(.data)
    TestSlave_highestSubIndex_obj1601        0x200003d8   Data           1  testslave.o(.data)
    TestSlave_Index1601                      0x200003dc   Data         108  testslave.o(.data)
    TestSlave_highestSubIndex_obj1602        0x20000448   Data           1  testslave.o(.data)
    TestSlave_Index1602                      0x2000044c   Data         108  testslave.o(.data)
    TestSlave_highestSubIndex_obj1603        0x200004b8   Data           1  testslave.o(.data)
    TestSlave_Index1603                      0x200004bc   Data         108  testslave.o(.data)
    TestSlave_highestSubIndex_obj1800        0x20000528   Data           1  testslave.o(.data)
    TestSlave_obj1800_COB_ID_used_by_PDO     0x2000052c   Data           4  testslave.o(.data)
    TestSlave_obj1800_Transmission_Type      0x20000530   Data           1  testslave.o(.data)
    TestSlave_obj1800_Inhibit_Time           0x20000532   Data           2  testslave.o(.data)
    TestSlave_obj1800_Compatibility_Entry    0x20000534   Data           1  testslave.o(.data)
    TestSlave_obj1800_Event_Timer            0x20000536   Data           2  testslave.o(.data)
    TestSlave_obj1800_SYNC_start_value       0x20000538   Data           1  testslave.o(.data)
    TestSlave_Index1800                      0x2000053c   Data          84  testslave.o(.data)
    TestSlave_highestSubIndex_obj1801        0x20000590   Data           1  testslave.o(.data)
    TestSlave_obj1801_COB_ID_used_by_PDO     0x20000594   Data           4  testslave.o(.data)
    TestSlave_obj1801_Transmission_Type      0x20000598   Data           1  testslave.o(.data)
    TestSlave_obj1801_Inhibit_Time           0x2000059a   Data           2  testslave.o(.data)
    TestSlave_obj1801_Compatibility_Entry    0x2000059c   Data           1  testslave.o(.data)
    TestSlave_obj1801_Event_Timer            0x2000059e   Data           2  testslave.o(.data)
    TestSlave_obj1801_SYNC_start_value       0x200005a0   Data           1  testslave.o(.data)
    TestSlave_Index1801                      0x200005a4   Data          84  testslave.o(.data)
    TestSlave_highestSubIndex_obj1802        0x200005f8   Data           1  testslave.o(.data)
    TestSlave_obj1802_COB_ID_used_by_PDO     0x200005fc   Data           4  testslave.o(.data)
    TestSlave_obj1802_Transmission_Type      0x20000600   Data           1  testslave.o(.data)
    TestSlave_obj1802_Inhibit_Time           0x20000602   Data           2  testslave.o(.data)
    TestSlave_obj1802_Compatibility_Entry    0x20000604   Data           1  testslave.o(.data)
    TestSlave_obj1802_Event_Timer            0x20000606   Data           2  testslave.o(.data)
    TestSlave_obj1802_SYNC_start_value       0x20000608   Data           1  testslave.o(.data)
    TestSlave_Index1802                      0x2000060c   Data          84  testslave.o(.data)
    TestSlave_highestSubIndex_obj1803        0x20000660   Data           1  testslave.o(.data)
    TestSlave_obj1803_COB_ID_used_by_PDO     0x20000664   Data           4  testslave.o(.data)
    TestSlave_obj1803_Transmission_Type      0x20000668   Data           1  testslave.o(.data)
    TestSlave_obj1803_Inhibit_Time           0x2000066a   Data           2  testslave.o(.data)
    TestSlave_obj1803_Compatibility_Entry    0x2000066c   Data           1  testslave.o(.data)
    TestSlave_obj1803_Event_Timer            0x2000066e   Data           2  testslave.o(.data)
    TestSlave_obj1803_SYNC_start_value       0x20000670   Data           1  testslave.o(.data)
    TestSlave_Index1803                      0x20000674   Data          84  testslave.o(.data)
    TestSlave_highestSubIndex_obj1A00        0x200006c8   Data           1  testslave.o(.data)
    TestSlave_Index1A00                      0x200006cc   Data         108  testslave.o(.data)
    TestSlave_highestSubIndex_obj1A01        0x20000738   Data           1  testslave.o(.data)
    TestSlave_Index1A01                      0x2000073c   Data         108  testslave.o(.data)
    TestSlave_highestSubIndex_obj1A02        0x200007a8   Data           1  testslave.o(.data)
    TestSlave_Index1A02                      0x200007ac   Data         108  testslave.o(.data)
    TestSlave_highestSubIndex_obj1A03        0x20000818   Data           1  testslave.o(.data)
    TestSlave_Index1A03                      0x2000081c   Data         108  testslave.o(.data)
    TestSlave_highestSubIndex_obj2000        0x20000888   Data           1  testslave.o(.data)
    TestSlave_Index2000                      0x2000088c   Data         132  testslave.o(.data)
    TestSlave_PDO_status                     0x20000910   Data          72  testslave.o(.data)
    TestSlave_Data                           0x20000958   Data         572  testslave.o(.data)
    TestSlave_heartBeatTimers                0x20000b94   Data           2  testslave.o(.data)
    uwTickFreq                               0x20000b98   Data           1  stm32f1xx_hal.o(.data)
    uwTickPrio                               0x20000b9c   Data           4  stm32f1xx_hal.o(.data)
    uwTick                                   0x20000ba0   Data           4  stm32f1xx_hal.o(.data)
    SystemCoreClock                          0x20000ba4   Data           4  system_stm32f1xx.o(.data)
    __stdout                                 0x20000ba8   Data           4  stdout.o(.data)
    __microlib_freelist                      0x20000bac   Data           4  mvars.o(.data)
    __microlib_freelist_initialised          0x20000bb0   Data           4  mvars.o(.data)
    QUART3                                   0x20000bb4   Data         264  fifo.o(.bss)
    Parse_Substr                             0x20000e5b   Data          32  wifi4g.o(.bss)
    RecvBuf                                  0x20000e7b   Data         256  wifi4g.o(.bss)
    hcan                                     0x20000f7c   Data          40  f1can.o(.bss)
    hadc1                                    0x20000fa4   Data          48  adc.o(.bss)
    hi2c1                                    0x20000fd4   Data          84  i2c.o(.bss)
    htim1                                    0x20001028   Data          72  tim.o(.bss)
    htim2                                    0x20001070   Data          72  tim.o(.bss)
    htim3                                    0x200010b8   Data          72  tim.o(.bss)
    htim4                                    0x20001100   Data          72  tim.o(.bss)
    RX3_Buf                                  0x20001148   Data         256  usart.o(.bss)
    huart1                                   0x20001248   Data          72  usart.o(.bss)
    huart2                                   0x20001290   Data          72  usart.o(.bss)
    huart3                                   0x200012d8   Data          72  usart.o(.bss)
    hdma_usart3_rx                           0x20001320   Data          68  usart.o(.bss)
    ucRTUBuf                                 0x20001384   Data         256  mbrtu.o(.bss)
    REG_HOLD_BUF                             0x20001484   Data          20  port.o(.bss)
    REG_INPUT_BUF                            0x20001498   Data          20  port.o(.bss)
    timers                                   0x200014ac   Data         192  timer.o(.bss)
    TxHeader                                 0x2000156c   Data          24  canfestival.o(.bss)
    RxHeader                                 0x20001584   Data          28  canfestival.o(.bss)
    TestSlave_obj1600                        0x200015a0   Data          32  testslave.o(.bss)
    TestSlave_obj1601                        0x200015c0   Data          32  testslave.o(.bss)
    TestSlave_obj1602                        0x200015e0   Data          32  testslave.o(.bss)
    TestSlave_obj1603                        0x20001600   Data          32  testslave.o(.bss)
    TestSlave_Index1800_callbacks            0x20001620   Data          28  testslave.o(.bss)
    TestSlave_Index1801_callbacks            0x2000163c   Data          28  testslave.o(.bss)
    TestSlave_Index1802_callbacks            0x20001658   Data          28  testslave.o(.bss)
    TestSlave_Index1803_callbacks            0x20001674   Data          28  testslave.o(.bss)
    DeviceInfo_callbacks                     0x20001690   Data          44  testslave.o(.bss)
    TestSlave_obj1A00                        0x200016bc   Data          32  testslave.o(.bss)
    TestSlave_obj1A01                        0x200016dc   Data          32  testslave.o(.bss)
    TestSlave_obj1A02                        0x200016fc   Data          32  testslave.o(.bss)
    TestSlave_obj1A03                        0x2000171c   Data          32  testslave.o(.bss)
    __heap_base                              0x20001740   Data           0  startup_stm32f103xb.o(HEAP)
    __heap_limit                             0x20001940   Data           0  startup_stm32f103xb.o(HEAP)
    __initial_sp                             0x20001d40   Data           0  startup_stm32f103xb.o(STACK)



==============================================================================

Memory Map of the image

  Image Entry point : 0x080000ed

  Load Region LR_IROM1 (Base: 0x08000000, Size: 0x0000bbb8, Max: 0x00010000, ABSOLUTE, COMPRESSED[0x0000b34c])

    Execution Region ER_IROM1 (Exec base: 0x08000000, Load base: 0x08000000, Size: 0x0000b004, Max: 0x00010000, ABSOLUTE)

    Exec Addr    Load Addr    Size         Type   Attr      Idx    E Section Name        Object

    0x08000000   0x08000000   0x000000ec   Data   RO            3    RESET               startup_stm32f103xb.o
    0x080000ec   0x080000ec   0x00000000   Code   RO         6727  * .ARM.Collect$$$$00000000  mc_w.l(entry.o)
    0x080000ec   0x080000ec   0x00000004   Code   RO         7079    .ARM.Collect$$$$00000001  mc_w.l(entry2.o)
    0x080000f0   0x080000f0   0x00000004   Code   RO         7082    .ARM.Collect$$$$00000004  mc_w.l(entry5.o)
    0x080000f4   0x080000f4   0x00000000   Code   RO         7084    .ARM.Collect$$$$00000008  mc_w.l(entry7b.o)
    0x080000f4   0x080000f4   0x00000000   Code   RO         7086    .ARM.Collect$$$$0000000A  mc_w.l(entry8b.o)
    0x080000f4   0x080000f4   0x00000008   Code   RO         7087    .ARM.Collect$$$$0000000B  mc_w.l(entry9a.o)
    0x080000fc   0x080000fc   0x00000004   Code   RO         7094    .ARM.Collect$$$$0000000E  mc_w.l(entry12b.o)
    0x08000100   0x08000100   0x00000000   Code   RO         7089    .ARM.Collect$$$$0000000F  mc_w.l(entry10a.o)
    0x08000100   0x08000100   0x00000000   Code   RO         7091    .ARM.Collect$$$$00000011  mc_w.l(entry11a.o)
    0x08000100   0x08000100   0x00000004   Code   RO         7080    .ARM.Collect$$$$00002712  mc_w.l(entry2.o)
    0x08000104   0x08000104   0x00000024   Code   RO            4    .text               startup_stm32f103xb.o
    0x08000128   0x08000128   0x00000020   Code   RO         6730    .text               mc_w.l(llushr.o)
    0x08000148   0x08000148   0x0000000c   Code   RO         6732    .text               mc_w.l(tolower.o)
    0x08000154   0x08000154   0x00000024   Code   RO         6736    .text               mc_w.l(memcpya.o)
    0x08000178   0x08000178   0x00000024   Code   RO         6738    .text               mc_w.l(memseta.o)
    0x0800019c   0x0800019c   0x00000024   Code   RO         6740    .text               mc_w.l(strstr.o)
    0x080001c0   0x080001c0   0x0000000e   Code   RO         6742    .text               mc_w.l(strlen.o)
    0x080001ce   0x080001ce   0x0000001c   Code   RO         6744    .text               mc_w.l(strcmp.o)
    0x080001ea   0x080001ea   0x0000001a   Code   RO         6746    .text               mc_w.l(memcmp.o)
    0x08000204   0x08000204   0x0000001e   Code   RO         6750    .text               mc_w.l(strncmp.o)
    0x08000222   0x08000222   0x00000002   PAD
    0x08000224   0x08000224   0x00000360   Code   RO         7045    .text               mc_w.l(scanf_fp.o)
    0x08000584   0x08000584   0x00000064   Code   RO         7049    .text               mf_w.l(fmul.o)
    0x080005e8   0x080005e8   0x0000007c   Code   RO         7051    .text               mf_w.l(fdiv.o)
    0x08000664   0x08000664   0x0000014e   Code   RO         7053    .text               mf_w.l(dadd.o)
    0x080007b2   0x080007b2   0x000000e4   Code   RO         7055    .text               mf_w.l(dmul.o)
    0x08000896   0x08000896   0x000000de   Code   RO         7057    .text               mf_w.l(ddiv.o)
    0x08000974   0x08000974   0x0000002e   Code   RO         7059    .text               mf_w.l(dscalb.o)
    0x080009a2   0x080009a2   0x0000000a   Code   RO         7061    .text               mf_w.l(ffltui.o)
    0x080009ac   0x080009ac   0x0000001a   Code   RO         7065    .text               mf_w.l(dfltui.o)
    0x080009c6   0x080009c6   0x00000028   Code   RO         7067    .text               mf_w.l(ffixui.o)
    0x080009ee   0x080009ee   0x0000003e   Code   RO         7069    .text               mf_w.l(dfixi.o)
    0x08000a2c   0x08000a2c   0x00000030   Code   RO         7073    .text               mf_w.l(cdcmple.o)
    0x08000a5c   0x08000a5c   0x00000030   Code   RO         7075    .text               mf_w.l(cdrcmple.o)
    0x08000a8c   0x08000a8c   0x00000038   Code   RO         7077    .text               mf_w.l(d2f.o)
    0x08000ac4   0x08000ac4   0x0000002c   Code   RO         7096    .text               mc_w.l(uidiv.o)
    0x08000af0   0x08000af0   0x00000062   Code   RO         7098    .text               mc_w.l(uldiv.o)
    0x08000b52   0x08000b52   0x0000001e   Code   RO         7100    .text               mc_w.l(llshl.o)
    0x08000b70   0x08000b70   0x00000024   Code   RO         7102    .text               mc_w.l(llsshr.o)
    0x08000b94   0x08000b94   0x00000040   Code   RO         7108    .text               mc_w.l(_sgetc.o)
    0x08000bd4   0x08000bd4   0x0000009c   Code   RO         7110    .text               mc_w.l(strtod.o)
    0x08000c70   0x08000c70   0x00000000   Code   RO         7112    .text               mc_w.l(iusefp.o)
    0x08000c70   0x08000c70   0x0000006e   Code   RO         7113    .text               mf_w.l(fepilogue.o)
    0x08000cde   0x08000cde   0x000000ba   Code   RO         7115    .text               mf_w.l(depilogue.o)
    0x08000d98   0x08000d98   0x00000018   Code   RO         7117    .text               mf_w.l(dfltul.o)
    0x08000db0   0x08000db0   0x00000030   Code   RO         7119    .text               mf_w.l(dfixul.o)
    0x08000de0   0x08000de0   0x00000024   Code   RO         7121    .text               mc_w.l(init.o)
    0x08000e04   0x08000e04   0x0000000a   Code   RO         7123    .text               mc_w.l(isspace_c.o)
    0x08000e0e   0x08000e0e   0x00000002   PAD
    0x08000e10   0x08000e10   0x00000028   Code   RO         7127    .text               mc_w.l(ctype_c.o)
    0x08000e38   0x08000e38   0x00000056   Code   RO         7138    .text               mc_w.l(__dczerorl2.o)
    0x08000e8e   0x08000e8e   0x00000002   PAD
    0x08000e90   0x08000e90   0x00000056   Code   RO         3428    i.ADC_ConversionStop_Disable  stm32f1xx_hal_adc.o
    0x08000ee6   0x08000ee6   0x00000002   PAD
    0x08000ee8   0x08000ee8   0x0000007c   Code   RO         3432    i.ADC_Enable        stm32f1xx_hal_adc.o
    0x08000f64   0x08000f64   0x00000120   Code   RO         1494    i.ADC_VR_CPU_Read   adc.o
    0x08001084   0x08001084   0x0000002c   Code   RO           13    i.AHT20_DeInit      aht20.o
    0x080010b0   0x080010b0   0x00000040   Code   RO           14    i.AHT20_Init        aht20.o
    0x080010f0   0x080010f0   0x00000038   Code   RO           15    i.AHT20_Read        aht20.o
    0x08001128   0x08001128   0x000000fc   Code   RO           16    i.AHT20_ReadData    aht20.o
    0x08001224   0x08001224   0x00000020   Code   RO           17    i.AHT20_Read_Status  aht20.o
    0x08001244   0x08001244   0x00000020   Code   RO         1446    i.BEEP_Control      gpio.o
    0x08001264   0x08001264   0x00000002   Code   RO         1735    i.BusFault_Handler  stm32f1xx_it.o
    0x08001266   0x08001266   0x00000002   PAD
    0x08001268   0x08001268   0x00000050   Code   RO         3157    i.CanFestival_Can_Init  canfestival.o
    0x080012b8   0x080012b8   0x0000002c   Code   RO         2492    i.ConsumerHeartbeatAlarm  lifegrd.o
    0x080012e4   0x080012e4   0x000000a0   Code   RO         2693    i.CopyBits          pdo.o
    0x08001384   0x08001384   0x0000000c   Code   RO         1736    i.DMA1_Channel3_IRQHandler  stm32f1xx_it.o
    0x08001390   0x08001390   0x0000002a   Code   RO         4084    i.DMA_SetConfig     stm32f1xx_hal_dma.o
    0x080013ba   0x080013ba   0x00000002   Code   RO         1737    i.DebugMon_Handler  stm32f1xx_it.o
    0x080013bc   0x080013bc   0x0000002c   Code   RO         3089    i.DelAlarm          timer.o
    0x080013e8   0x080013e8   0x00000030   Code   RO          807    i.Dequeue           fifo.o
    0x08001418   0x08001418   0x00000044   Code   RO          808    i.Enqueue           fifo.o
    0x0800145c   0x0800145c   0x00000030   Code   RO          809    i.Enqueue_Bytes     fifo.o
    0x0800148c   0x0800148c   0x00000004   Code   RO         1362    i.Error_Handler     main.o
    0x08001490   0x08001490   0x00000062   Code   RO         2493    i.GuardTimeAlarm    lifegrd.o
    0x080014f2   0x080014f2   0x00000002   PAD
    0x080014f4   0x080014f4   0x000000d8   Code   RO         3608    i.HAL_ADCEx_Calibration_Start  stm32f1xx_hal_adc_ex.o
    0x080015cc   0x080015cc   0x000000fc   Code   RO         3434    i.HAL_ADC_ConfigChannel  stm32f1xx_hal_adc.o
    0x080016c8   0x080016c8   0x00000006   Code   RO         3441    i.HAL_ADC_GetValue  stm32f1xx_hal_adc.o
    0x080016ce   0x080016ce   0x00000002   PAD
    0x080016d0   0x080016d0   0x0000011c   Code   RO         3443    i.HAL_ADC_Init      stm32f1xx_hal_adc.o
    0x080017ec   0x080017ec   0x00000058   Code   RO         1496    i.HAL_ADC_MspInit   adc.o
    0x08001844   0x08001844   0x0000013c   Code   RO         3447    i.HAL_ADC_PollForConversion  stm32f1xx_hal_adc.o
    0x08001980   0x08001980   0x000000c0   Code   RO         3449    i.HAL_ADC_Start     stm32f1xx_hal_adc.o
    0x08001a40   0x08001a40   0x00000024   Code   RO         4682    i.HAL_CAN_ActivateNotification  stm32f1xx_hal_can.o
    0x08001a64   0x08001a64   0x000000d0   Code   RO         4683    i.HAL_CAN_AddTxMessage  stm32f1xx_hal_can.o
    0x08001b34   0x08001b34   0x000000ee   Code   RO         4684    i.HAL_CAN_ConfigFilter  stm32f1xx_hal_can.o
    0x08001c22   0x08001c22   0x00000002   Code   RO         4687    i.HAL_CAN_ErrorCallback  stm32f1xx_hal_can.o
    0x08001c24   0x08001c24   0x000000f4   Code   RO         4690    i.HAL_CAN_GetRxMessage  stm32f1xx_hal_can.o
    0x08001d18   0x08001d18   0x000001fc   Code   RO         4694    i.HAL_CAN_IRQHandler  stm32f1xx_hal_can.o
    0x08001f14   0x08001f14   0x0000011a   Code   RO         4695    i.HAL_CAN_Init      stm32f1xx_hal_can.o
    0x0800202e   0x0800202e   0x00000002   PAD
    0x08002030   0x08002030   0x0000007c   Code   RO         1321    i.HAL_CAN_MspInit   f1can.o
    0x080020ac   0x080020ac   0x00000002   Code   RO         4702    i.HAL_CAN_RxFifo0FullCallback  stm32f1xx_hal_can.o
    0x080020ae   0x080020ae   0x00000002   PAD
    0x080020b0   0x080020b0   0x00000044   Code   RO         3158    i.HAL_CAN_RxFifo0MsgPendingCallback  canfestival.o
    0x080020f4   0x080020f4   0x00000002   Code   RO         4704    i.HAL_CAN_RxFifo1FullCallback  stm32f1xx_hal_can.o
    0x080020f6   0x080020f6   0x00000002   Code   RO         4705    i.HAL_CAN_RxFifo1MsgPendingCallback  stm32f1xx_hal_can.o
    0x080020f8   0x080020f8   0x00000002   Code   RO         4706    i.HAL_CAN_SleepCallback  stm32f1xx_hal_can.o
    0x080020fa   0x080020fa   0x00000002   PAD
    0x080020fc   0x080020fc   0x00000058   Code   RO         4707    i.HAL_CAN_Start     stm32f1xx_hal_can.o
    0x08002154   0x08002154   0x00000002   Code   RO         4709    i.HAL_CAN_TxMailbox0AbortCallback  stm32f1xx_hal_can.o
    0x08002156   0x08002156   0x00000002   Code   RO         4710    i.HAL_CAN_TxMailbox0CompleteCallback  stm32f1xx_hal_can.o
    0x08002158   0x08002158   0x00000002   Code   RO         4711    i.HAL_CAN_TxMailbox1AbortCallback  stm32f1xx_hal_can.o
    0x0800215a   0x0800215a   0x00000002   Code   RO         4712    i.HAL_CAN_TxMailbox1CompleteCallback  stm32f1xx_hal_can.o
    0x0800215c   0x0800215c   0x00000002   Code   RO         4713    i.HAL_CAN_TxMailbox2AbortCallback  stm32f1xx_hal_can.o
    0x0800215e   0x0800215e   0x00000002   Code   RO         4714    i.HAL_CAN_TxMailbox2CompleteCallback  stm32f1xx_hal_can.o
    0x08002160   0x08002160   0x00000002   Code   RO         4716    i.HAL_CAN_WakeUpFromRxMsgCallback  stm32f1xx_hal_can.o
    0x08002162   0x08002162   0x00000046   Code   RO         4085    i.HAL_DMA_Abort     stm32f1xx_hal_dma.o
    0x080021a8   0x080021a8   0x00000098   Code   RO         4086    i.HAL_DMA_Abort_IT  stm32f1xx_hal_dma.o
    0x08002240   0x08002240   0x00000154   Code   RO         4090    i.HAL_DMA_IRQHandler  stm32f1xx_hal_dma.o
    0x08002394   0x08002394   0x0000005c   Code   RO         4091    i.HAL_DMA_Init      stm32f1xx_hal_dma.o
    0x080023f0   0x080023f0   0x00000070   Code   RO         4095    i.HAL_DMA_Start_IT  stm32f1xx_hal_dma.o
    0x08002460   0x08002460   0x00000024   Code   RO         3711    i.HAL_Delay         stm32f1xx_hal.o
    0x08002484   0x08002484   0x000001e0   Code   RO         4021    i.HAL_GPIO_Init     stm32f1xx_hal_gpio.o
    0x08002664   0x08002664   0x0000000a   Code   RO         4025    i.HAL_GPIO_WritePin  stm32f1xx_hal_gpio.o
    0x0800266e   0x0800266e   0x00000002   PAD
    0x08002670   0x08002670   0x0000000c   Code   RO         3715    i.HAL_GetTick       stm32f1xx_hal.o
    0x0800267c   0x0800267c   0x00000188   Code   RO         4926    i.HAL_I2C_Init      stm32f1xx_hal_i2c.o
    0x08002804   0x08002804   0x00000250   Code   RO         4932    i.HAL_I2C_Master_Receive  stm32f1xx_hal_i2c.o
    0x08002a54   0x08002a54   0x0000012c   Code   RO         4939    i.HAL_I2C_Master_Transmit  stm32f1xx_hal_i2c.o
    0x08002b80   0x08002b80   0x0000025c   Code   RO         4944    i.HAL_I2C_Mem_Read  stm32f1xx_hal_i2c.o
    0x08002ddc   0x08002ddc   0x00000130   Code   RO         4947    i.HAL_I2C_Mem_Write  stm32f1xx_hal_i2c.o
    0x08002f0c   0x08002f0c   0x0000005c   Code   RO         1567    i.HAL_I2C_MspInit   i2c.o
    0x08002f68   0x08002f68   0x00000010   Code   RO         3721    i.HAL_IncTick       stm32f1xx_hal.o
    0x08002f78   0x08002f78   0x00000024   Code   RO         3722    i.HAL_Init          stm32f1xx_hal.o
    0x08002f9c   0x08002f9c   0x00000040   Code   RO         3723    i.HAL_InitTick      stm32f1xx_hal.o
    0x08002fdc   0x08002fdc   0x0000003c   Code   RO         1872    i.HAL_MspInit       stm32f1xx_hal_msp.o
    0x08003018   0x08003018   0x0000001a   Code   RO         4181    i.HAL_NVIC_EnableIRQ  stm32f1xx_hal_cortex.o
    0x08003032   0x08003032   0x00000002   PAD
    0x08003034   0x08003034   0x00000040   Code   RO         4187    i.HAL_NVIC_SetPriority  stm32f1xx_hal_cortex.o
    0x08003074   0x08003074   0x00000024   Code   RO         4188    i.HAL_NVIC_SetPriorityGrouping  stm32f1xx_hal_cortex.o
    0x08003098   0x08003098   0x000000a4   Code   RO         3982    i.HAL_RCCEx_GetPeriphCLKFreq  stm32f1xx_hal_rcc_ex.o
    0x0800313c   0x0800313c   0x000000ec   Code   RO         3983    i.HAL_RCCEx_PeriphCLKConfig  stm32f1xx_hal_rcc_ex.o
    0x08003228   0x08003228   0x0000012c   Code   RO         3879    i.HAL_RCC_ClockConfig  stm32f1xx_hal_rcc.o
    0x08003354   0x08003354   0x00000020   Code   RO         3886    i.HAL_RCC_GetPCLK1Freq  stm32f1xx_hal_rcc.o
    0x08003374   0x08003374   0x00000020   Code   RO         3887    i.HAL_RCC_GetPCLK2Freq  stm32f1xx_hal_rcc.o
    0x08003394   0x08003394   0x0000004c   Code   RO         3888    i.HAL_RCC_GetSysClockFreq  stm32f1xx_hal_rcc.o
    0x080033e0   0x080033e0   0x00000320   Code   RO         3891    i.HAL_RCC_OscConfig  stm32f1xx_hal_rcc.o
    0x08003700   0x08003700   0x00000028   Code   RO         4192    i.HAL_SYSTICK_Config  stm32f1xx_hal_cortex.o
    0x08003728   0x08003728   0x00000002   Code   RO         6058    i.HAL_TIMEx_BreakCallback  stm32f1xx_hal_tim_ex.o
    0x0800372a   0x0800372a   0x00000002   Code   RO         6059    i.HAL_TIMEx_CommutCallback  stm32f1xx_hal_tim_ex.o
    0x0800372c   0x0800372c   0x00000068   Code   RO         6077    i.HAL_TIMEx_MasterConfigSynchronization  stm32f1xx_hal_tim_ex.o
    0x08003794   0x08003794   0x0000005a   Code   RO         5354    i.HAL_TIM_Base_Init  stm32f1xx_hal_tim.o
    0x080037ee   0x080037ee   0x00000002   PAD
    0x080037f0   0x080037f0   0x000000b0   Code   RO         1609    i.HAL_TIM_Base_MspInit  tim.o
    0x080038a0   0x080038a0   0x00000058   Code   RO         5359    i.HAL_TIM_Base_Start_IT  stm32f1xx_hal_tim.o
    0x080038f8   0x080038f8   0x00000026   Code   RO         5360    i.HAL_TIM_Base_Stop  stm32f1xx_hal_tim.o
    0x0800391e   0x0800391e   0x000000dc   Code   RO         5363    i.HAL_TIM_ConfigClockSource  stm32f1xx_hal_tim.o
    0x080039fa   0x080039fa   0x00000002   Code   RO         5388    i.HAL_TIM_IC_CaptureCallback  stm32f1xx_hal_tim.o
    0x080039fc   0x080039fc   0x00000130   Code   RO         5402    i.HAL_TIM_IRQHandler  stm32f1xx_hal_tim.o
    0x08003b2c   0x08003b2c   0x00000002   Code   RO         5405    i.HAL_TIM_OC_DelayElapsedCallback  stm32f1xx_hal_tim.o
    0x08003b2e   0x08003b2e   0x00000002   Code   RO         5432    i.HAL_TIM_PWM_PulseFinishedCallback  stm32f1xx_hal_tim.o
    0x08003b30   0x08003b30   0x00000060   Code   RO         1738    i.HAL_TIM_PeriodElapsedCallback  stm32f1xx_it.o
    0x08003b90   0x08003b90   0x00000002   Code   RO         5445    i.HAL_TIM_TriggerCallback  stm32f1xx_hal_tim.o
    0x08003b92   0x08003b92   0x00000002   Code   RO         6337    i.HAL_UARTEx_RxEventCallback  stm32f1xx_hal_uart.o
    0x08003b94   0x08003b94   0x00000070   Code   RO         6349    i.HAL_UART_DMAStop  stm32f1xx_hal_uart.o
    0x08003c04   0x08003c04   0x00000002   Code   RO         6351    i.HAL_UART_ErrorCallback  stm32f1xx_hal_uart.o
    0x08003c06   0x08003c06   0x00000002   PAD
    0x08003c08   0x08003c08   0x0000026c   Code   RO         6354    i.HAL_UART_IRQHandler  stm32f1xx_hal_uart.o
    0x08003e74   0x08003e74   0x00000064   Code   RO         6355    i.HAL_UART_Init     stm32f1xx_hal_uart.o
    0x08003ed8   0x08003ed8   0x00000160   Code   RO         1669    i.HAL_UART_MspInit  usart.o
    0x08004038   0x08004038   0x0000001c   Code   RO         6359    i.HAL_UART_Receive_DMA  stm32f1xx_hal_uart.o
    0x08004054   0x08004054   0x00000048   Code   RO         1739    i.HAL_UART_RxCpltCallback  stm32f1xx_it.o
    0x0800409c   0x0800409c   0x00000050   Code   RO         1740    i.HAL_UART_RxHalfCpltCallback  stm32f1xx_it.o
    0x080040ec   0x080040ec   0x000000a0   Code   RO         6363    i.HAL_UART_Transmit  stm32f1xx_hal_uart.o
    0x0800418c   0x0800418c   0x00000002   Code   RO         6366    i.HAL_UART_TxCpltCallback  stm32f1xx_hal_uart.o
    0x0800418e   0x0800418e   0x00000002   Code   RO         1741    i.HardFault_Handler  stm32f1xx_it.o
    0x08004190   0x08004190   0x0000002e   Code   RO         4969    i.I2C_IsAcknowledgeFailed  stm32f1xx_hal_i2c.o
    0x080041be   0x080041be   0x00000002   PAD
    0x080041c0   0x080041c0   0x000000ec   Code   RO         4972    i.I2C_MasterRequestRead  stm32f1xx_hal_i2c.o
    0x080042ac   0x080042ac   0x0000009c   Code   RO         4973    i.I2C_MasterRequestWrite  stm32f1xx_hal_i2c.o
    0x08004348   0x08004348   0x000000fc   Code   RO         4979    i.I2C_RequestMemoryRead  stm32f1xx_hal_i2c.o
    0x08004444   0x08004444   0x000000a8   Code   RO         4980    i.I2C_RequestMemoryWrite  stm32f1xx_hal_i2c.o
    0x080044ec   0x080044ec   0x00000056   Code   RO         4984    i.I2C_WaitOnBTFFlagUntilTimeout  stm32f1xx_hal_i2c.o
    0x08004542   0x08004542   0x00000002   PAD
    0x08004544   0x08004544   0x00000090   Code   RO         4985    i.I2C_WaitOnFlagUntilTimeout  stm32f1xx_hal_i2c.o
    0x080045d4   0x080045d4   0x000000bc   Code   RO         4986    i.I2C_WaitOnMasterAddressFlagUntilTimeout  stm32f1xx_hal_i2c.o
    0x08004690   0x08004690   0x00000070   Code   RO         4987    i.I2C_WaitOnRXNEFlagUntilTimeout  stm32f1xx_hal_i2c.o
    0x08004700   0x08004700   0x00000056   Code   RO         4988    i.I2C_WaitOnTXEFlagUntilTimeout  stm32f1xx_hal_i2c.o
    0x08004756   0x08004756   0x00000002   PAD
    0x08004758   0x08004758   0x0000004c   Code   RO          869    i.INA226_Init       ina226.o
    0x080047a4   0x080047a4   0x00000080   Code   RO          870    i.INA226_Read       ina226.o
    0x08004824   0x08004824   0x00000038   Code   RO          871    i.INA226_Read_Bus_Voltage  ina226.o
    0x0800485c   0x0800485c   0x00000038   Code   RO          872    i.INA226_Read_Current  ina226.o
    0x08004894   0x08004894   0x00000038   Code   RO          873    i.INA226_Read_Pow   ina226.o
    0x080048cc   0x080048cc   0x00000030   Code   RO         1447    i.LED_Control       gpio.o
    0x080048fc   0x080048fc   0x000000d4   Code   RO         1064    i.MQTT_Parse_JsonData  mqtt.o
    0x080049d0   0x080049d0   0x000000a8   Code   RO         1065    i.MQTT_SendData     mqtt.o
    0x08004a78   0x08004a78   0x00000054   Code   RO         1497    i.MX_ADC1_Init      adc.o
    0x08004acc   0x08004acc   0x00000044   Code   RO         1322    i.MX_CAN_Init       f1can.o
    0x08004b10   0x08004b10   0x0000002c   Code   RO         1542    i.MX_DMA_Init       dma.o
    0x08004b3c   0x08004b3c   0x000000c8   Code   RO         1448    i.MX_GPIO_Init      gpio.o
    0x08004c04   0x08004c04   0x00000040   Code   RO         1568    i.MX_I2C1_Init      i2c.o
    0x08004c44   0x08004c44   0x0000006c   Code   RO         1610    i.MX_TIM1_Init      tim.o
    0x08004cb0   0x08004cb0   0x00000068   Code   RO         1611    i.MX_TIM2_Init      tim.o
    0x08004d18   0x08004d18   0x00000068   Code   RO         1612    i.MX_TIM3_Init      tim.o
    0x08004d80   0x08004d80   0x00000068   Code   RO         1613    i.MX_TIM4_Init      tim.o
    0x08004de8   0x08004de8   0x00000038   Code   RO         1670    i.MX_USART1_UART_Init  usart.o
    0x08004e20   0x08004e20   0x00000038   Code   RO         1671    i.MX_USART2_UART_Init  usart.o
    0x08004e58   0x08004e58   0x00000038   Code   RO         1672    i.MX_USART3_UART_Init  usart.o
    0x08004e90   0x08004e90   0x00000002   Code   RO         1742    i.MemManage_Handler  stm32f1xx_it.o
    0x08004e92   0x08004e92   0x00000002   PAD
    0x08004e94   0x08004e94   0x00000088   Code   RO          927    i.Modbus_Init       modbus.o
    0x08004f1c   0x08004f1c   0x00000098   Code   RO          928    i.Modbus_Parse      modbus.o
    0x08004fb4   0x08004fb4   0x00000002   Code   RO         1743    i.NMI_Handler       stm32f1xx_it.o
    0x08004fb6   0x08004fb6   0x00000006   Code   RO         1140    i.OLED_CLS          oled.o
    0x08004fbc   0x08004fbc   0x00000038   Code   RO         1142    i.OLED_Fill         oled.o
    0x08004ff4   0x08004ff4   0x000000b4   Code   RO         1143    i.OLED_Init         oled.o
    0x080050a8   0x080050a8   0x00000026   Code   RO         1146    i.OLED_SetPos       oled.o
    0x080050ce   0x080050ce   0x00000002   PAD
    0x080050d0   0x080050d0   0x000000d8   Code   RO         1148    i.OLED_ShowStr      oled.o
    0x080051a8   0x080051a8   0x0000000a   Code   RO         3032    i.OnCOB_ID_SyncUpdate  sync.o
    0x080051b2   0x080051b2   0x00000012   Code   RO         2494    i.OnHeartbeatProducerUpdate  lifegrd.o
    0x080051c4   0x080051c4   0x00000012   Code   RO         2495    i.OnNodeGuardUpdate  lifegrd.o
    0x080051d6   0x080051d6   0x00000002   PAD
    0x080051d8   0x080051d8   0x00000028   Code   RO         2440    i.OnNumberOfErrorsUpdate  emcy.o
    0x08005200   0x08005200   0x00000028   Code   RO         2694    i.PDOEventTimerAlarm  pdo.o
    0x08005228   0x08005228   0x0000002a   Code   RO         2695    i.PDOInhibitTimerAlarm  pdo.o
    0x08005252   0x08005252   0x00000002   PAD
    0x08005254   0x08005254   0x00000058   Code   RO         2696    i.PDOInit           pdo.o
    0x080052ac   0x080052ac   0x00000068   Code   RO         2697    i.PDOStop           pdo.o
    0x08005314   0x08005314   0x00000002   Code   RO         1744    i.PendSV_Handler    stm32f1xx_it.o
    0x08005316   0x08005316   0x00000044   Code   RO         2496    i.ProducerHeartbeatAlarm  lifegrd.o
    0x0800535a   0x0800535a   0x00000016   Code   RO          810    i.Queue_Init        fifo.o
    0x08005370   0x08005370   0x00000010   Code   RO          811    i.Queue_IsEmpty     fifo.o
    0x08005380   0x08005380   0x00000022   Code   RO          812    i.Queue_IsFull      fifo.o
    0x080053a2   0x080053a2   0x00000002   PAD
    0x080053a4   0x080053a4   0x00000020   Code   RO         1449    i.RELAY_Control     gpio.o
    0x080053c4   0x080053c4   0x0000002c   Code   RO          929    i.Read_SlaveAddress  modbus.o
    0x080053f0   0x080053f0   0x00000024   Code   RO         2651    i.RegisterSetODentryCallBack  objacces.o
    0x08005414   0x08005414   0x0000007c   Code   RO         2783    i.SDOTimeoutAlarm   sdo.o
    0x08005490   0x08005490   0x00000030   Code   RO         2784    i.SDOlineToObjdict  sdo.o
    0x080054c0   0x080054c0   0x00000036   Code   RO         2785    i.SDOtoLine         sdo.o
    0x080054f6   0x080054f6   0x00000002   Code   RO         1745    i.SVC_Handler       stm32f1xx_it.o
    0x080054f8   0x080054f8   0x00000090   Code   RO         3090    i.SetAlarm          timer.o
    0x08005588   0x08005588   0x00000004   Code   RO         3033    i.SyncAlarm         sync.o
    0x0800558c   0x0800558c   0x00000004   Code   RO         1746    i.SysTick_Handler   stm32f1xx_it.o
    0x08005590   0x08005590   0x00000078   Code   RO         1363    i.SystemClock_Config  main.o
    0x08005608   0x08005608   0x00000002   Code   RO         6689    i.SystemInit        system_stm32f1xx.o
    0x0800560a   0x0800560a   0x00000002   PAD
    0x0800560c   0x0800560c   0x0000000c   Code   RO         1747    i.TIM1_UP_IRQHandler  stm32f1xx_it.o
    0x08005618   0x08005618   0x00000014   Code   RO         1748    i.TIM2_IRQHandler   stm32f1xx_it.o
    0x0800562c   0x0800562c   0x00000020   Code   RO         2338    i.TIM3_IRQHandler   porttimer.o
    0x0800564c   0x0800564c   0x0000000c   Code   RO         1749    i.TIM4_IRQHandler   stm32f1xx_it.o
    0x08005658   0x08005658   0x00000078   Code   RO         5447    i.TIM_Base_SetConfig  stm32f1xx_hal_tim.o
    0x080056d0   0x080056d0   0x00000014   Code   RO         5458    i.TIM_ETR_SetConfig  stm32f1xx_hal_tim.o
    0x080056e4   0x080056e4   0x00000010   Code   RO         5459    i.TIM_ITRx_SetConfig  stm32f1xx_hal_tim.o
    0x080056f4   0x080056f4   0x00000022   Code   RO         5465    i.TIM_TI1_ConfigInputStage  stm32f1xx_hal_tim.o
    0x08005716   0x08005716   0x00000024   Code   RO         5467    i.TIM_TI2_ConfigInputStage  stm32f1xx_hal_tim.o
    0x0800573a   0x0800573a   0x00000066   Code   RO         2698    i.TPDO_Communication_Parameter_Callback  pdo.o
    0x080057a0   0x080057a0   0x00000128   Code   RO         3213    i.TestSlave_scanIndexOD  testslave.o
    0x080058c8   0x080058c8   0x00000014   Code   RO         3214    i.TestSlave_valueRangeTest  testslave.o
    0x080058dc   0x080058dc   0x00000098   Code   RO         3091    i.TimeDispatch      timer.o
    0x08005974   0x08005974   0x00000010   Code   RO         6368    i.UART_DMAAbortOnError  stm32f1xx_hal_uart.o
    0x08005984   0x08005984   0x0000004a   Code   RO         6369    i.UART_DMAError     stm32f1xx_hal_uart.o
    0x080059ce   0x080059ce   0x00000086   Code   RO         6370    i.UART_DMAReceiveCplt  stm32f1xx_hal_uart.o
    0x08005a54   0x08005a54   0x0000001e   Code   RO         6372    i.UART_DMARxHalfCplt  stm32f1xx_hal_uart.o
    0x08005a72   0x08005a72   0x0000004e   Code   RO         6378    i.UART_EndRxTransfer  stm32f1xx_hal_uart.o
    0x08005ac0   0x08005ac0   0x0000001c   Code   RO         6379    i.UART_EndTxTransfer  stm32f1xx_hal_uart.o
    0x08005adc   0x08005adc   0x000000c2   Code   RO         6380    i.UART_Receive_IT   stm32f1xx_hal_uart.o
    0x08005b9e   0x08005b9e   0x00000002   PAD
    0x08005ba0   0x08005ba0   0x000000b8   Code   RO         6381    i.UART_SetConfig    stm32f1xx_hal_uart.o
    0x08005c58   0x08005c58   0x00000090   Code   RO         6382    i.UART_Start_Receive_DMA  stm32f1xx_hal_uart.o
    0x08005ce8   0x08005ce8   0x00000072   Code   RO         6384    i.UART_WaitOnFlagUntilTimeout  stm32f1xx_hal_uart.o
    0x08005d5a   0x08005d5a   0x00000002   PAD
    0x08005d5c   0x08005d5c   0x00000044   Code   RO         2287    i.USART2_IRQHandler  portserial.o
    0x08005da0   0x08005da0   0x00000018   Code   RO         1750    i.USART3_IRQHandler  stm32f1xx_it.o
    0x08005db8   0x08005db8   0x0000000c   Code   RO         1751    i.USB_LP_CAN1_RX0_IRQHandler  stm32f1xx_it.o
    0x08005dc4   0x08005dc4   0x000000b4   Code   RO         1752    i.USER_UART_IRQHandler  stm32f1xx_it.o
    0x08005e78   0x08005e78   0x00000002   Code   RO         1753    i.UsageFault_Handler  stm32f1xx_it.o
    0x08005e7a   0x08005e7a   0x00000002   PAD
    0x08005e7c   0x08005e7c   0x000000a0   Code   RO         1238    i.WIFI4G_Parse_Queue  wifi4g.o
    0x08005f1c   0x08005f1c   0x00000024   Code   RO         1149    i.WriteCmd          oled.o
    0x08005f40   0x08005f40   0x00000024   Code   RO         1150    i.WriteDat          oled.o
    0x08005f64   0x08005f64   0x00000028   Code   RO          930    i.Write_SlaveAddress  modbus.o
    0x08005f8c   0x08005f8c   0x00000002   Code   RO         2699    i._RxPDO_EventTimers_Handler  pdo.o
    0x08005f8e   0x08005f8e   0x00000002   PAD
    0x08005f90   0x08005f90   0x00000020   Code   RO         6987    i.__0printf         mc_w.l(printfa.o)
    0x08005fb0   0x08005fb0   0x00000028   Code   RO         6989    i.__0sprintf        mc_w.l(printfa.o)
    0x08005fd8   0x08005fd8   0x00000020   Code   RO         4194    i.__NVIC_SetPriority  stm32f1xx_hal_cortex.o
    0x08005ff8   0x08005ff8   0x0000005c   Code   RO         7019    i.__free$realloc    mc_w.l(mallocr.o)
    0x08006054   0x08006054   0x00000050   Code   RO         7020    i.__malloc$realloc  mc_w.l(mallocr.o)
    0x080060a4   0x080060a4   0x0000000e   Code   RO         7132    i.__scatterload_copy  mc_w.l(handlers.o)
    0x080060b2   0x080060b2   0x00000002   Code   RO         7133    i.__scatterload_null  mc_w.l(handlers.o)
    0x080060b4   0x080060b4   0x0000000e   Code   RO         7134    i.__scatterload_zeroinit  mc_w.l(handlers.o)
    0x080060c2   0x080060c2   0x00000002   PAD
    0x080060c4   0x080060c4   0x00000184   Code   RO         6994    i._fp_digits        mc_w.l(printfa.o)
    0x08006248   0x08006248   0x000000cc   Code   RO         2652    i._getODentry       objacces.o
    0x08006314   0x08006314   0x00000002   Code   RO         2497    i._heartbeatError   lifegrd.o
    0x08006316   0x08006316   0x00000002   Code   RO         2965    i._initialisation   states.o
    0x08006318   0x08006318   0x0000000e   Code   RO         7047    i._is_digit         mc_w.l(scanf_fp.o)
    0x08006326   0x08006326   0x00000002   Code   RO         2498    i._nodeguardError   lifegrd.o
    0x08006328   0x08006328   0x00000002   Code   RO         2966    i._operational      states.o
    0x0800632a   0x0800632a   0x00000002   Code   RO         2499    i._post_SlaveBootup  lifegrd.o
    0x0800632c   0x0800632c   0x00000002   Code   RO         2500    i._post_SlaveStateChange  lifegrd.o
    0x0800632e   0x0800632e   0x00000002   Code   RO         3034    i._post_TPDO        sync.o
    0x08006330   0x08006330   0x00000002   Code   RO         2441    i._post_emcy        emcy.o
    0x08006332   0x08006332   0x00000002   Code   RO         3035    i._post_sync        sync.o
    0x08006334   0x08006334   0x00000010   Code   RO         2967    i._preOperational   states.o
    0x08006344   0x08006344   0x000006b4   Code   RO         6995    i._printf_core      mc_w.l(printfa.o)
    0x080069f8   0x080069f8   0x00000024   Code   RO         6996    i._printf_post_padding  mc_w.l(printfa.o)
    0x08006a1c   0x08006a1c   0x0000002e   Code   RO         6997    i._printf_pre_padding  mc_w.l(printfa.o)
    0x08006a4a   0x08006a4a   0x0000011c   Code   RO         2700    i._sendPDOevent     pdo.o
    0x08006b66   0x08006b66   0x00000002   PAD
    0x08006b68   0x08006b68   0x000000f0   Code   RO         2653    i._setODentry       objacces.o
    0x08006c58   0x08006c58   0x0000000a   Code   RO         6999    i._sputc            mc_w.l(printfa.o)
    0x08006c62   0x08006c62   0x00000002   Code   RO         2968    i._stopped          states.o
    0x08006c64   0x08006c64   0x00000002   Code   RO         2654    i._storeODSubIndex  objacces.o
    0x08006c66   0x08006c66   0x00000030   Code   RO          181    i.buffer_skip_whitespace  cjson.o
    0x08006c96   0x08006c96   0x000000d6   Code   RO         2701    i.buildPDO          pdo.o
    0x08006d6c   0x08006d6c   0x00000050   Code   RO          213    i.cJSON_Delete      cjson.o
    0x08006dbc   0x08006dbc   0x00000006   Code   RO          227    i.cJSON_GetObjectItem  cjson.o
    0x08006dc2   0x08006dc2   0x00000016   Code   RO          244    i.cJSON_New_Item    cjson.o
    0x08006dd8   0x08006dd8   0x00000008   Code   RO          245    i.cJSON_Parse       cjson.o
    0x08006de0   0x08006de0   0x000000dc   Code   RO          247    i.cJSON_ParseWithLengthOpts  cjson.o
    0x08006ebc   0x08006ebc   0x00000022   Code   RO          248    i.cJSON_ParseWithOpts  cjson.o
    0x08006ede   0x08006ede   0x0000007a   Code   RO         2969    i.canDispatch       states.o
    0x08006f58   0x08006f58   0x0000004c   Code   RO         3159    i.canSend           canfestival.o
    0x08006fa4   0x08006fa4   0x00000020   Code   RO         1893    i.eMBClose          mb.o
    0x08006fc4   0x08006fc4   0x00000020   Code   RO         1894    i.eMBDisable        mb.o
    0x08006fe4   0x08006fe4   0x00000020   Code   RO         1895    i.eMBEnable         mb.o
    0x08007004   0x08007004   0x00000072   Code   RO         2006    i.eMBFuncReadCoils  mbfunccoils.o
    0x08007076   0x08007076   0x00000072   Code   RO         2033    i.eMBFuncReadDiscreteInputs  mbfuncdisc.o
    0x080070e8   0x080070e8   0x00000064   Code   RO         2051    i.eMBFuncReadHoldingRegister  mbfuncholding.o
    0x0800714c   0x0800714c   0x00000062   Code   RO         2081    i.eMBFuncReadInputRegister  mbfuncinput.o
    0x080071ae   0x080071ae   0x0000009c   Code   RO         2052    i.eMBFuncReadWriteMultipleHoldingRegister  mbfuncholding.o
    0x0800724a   0x0800724a   0x00000002   PAD
    0x0800724c   0x0800724c   0x00000024   Code   RO         2093    i.eMBFuncReportSlaveID  mbfuncother.o
    0x08007270   0x08007270   0x00000056   Code   RO         2007    i.eMBFuncWriteCoil  mbfunccoils.o
    0x080072c6   0x080072c6   0x00000032   Code   RO         2053    i.eMBFuncWriteHoldingRegister  mbfuncholding.o
    0x080072f8   0x080072f8   0x00000064   Code   RO         2008    i.eMBFuncWriteMultipleCoils  mbfunccoils.o
    0x0800735c   0x0800735c   0x0000004e   Code   RO         2054    i.eMBFuncWriteMultipleHoldingRegister  mbfuncholding.o
    0x080073aa   0x080073aa   0x00000002   PAD
    0x080073ac   0x080073ac   0x00000084   Code   RO         1896    i.eMBInit           mb.o
    0x08007430   0x08007430   0x000000c0   Code   RO         1897    i.eMBPoll           mb.o
    0x080074f0   0x080074f0   0x00000040   Code   RO         2114    i.eMBRTUInit        mbrtu.o
    0x08007530   0x08007530   0x00000050   Code   RO         2115    i.eMBRTUReceive     mbrtu.o
    0x08007580   0x08007580   0x00000058   Code   RO         2116    i.eMBRTUSend        mbrtu.o
    0x080075d8   0x080075d8   0x0000001c   Code   RO         2117    i.eMBRTUStart       mbrtu.o
    0x080075f4   0x080075f4   0x00000012   Code   RO         2118    i.eMBRTUStop        mbrtu.o
    0x08007606   0x08007606   0x00000002   PAD
    0x08007608   0x08007608   0x0000009c   Code   RO         2208    i.eMBRegCoilsCB     port.o
    0x080076a4   0x080076a4   0x00000080   Code   RO         2209    i.eMBRegDiscreteCB  port.o
    0x08007724   0x08007724   0x00000068   Code   RO         2210    i.eMBRegHoldingCB   port.o
    0x0800778c   0x0800778c   0x00000050   Code   RO         2211    i.eMBRegInputCB     port.o
    0x080077dc   0x080077dc   0x00000020   Code   RO         2442    i.emergencyInit     emcy.o
    0x080077fc   0x080077fc   0x00000002   Code   RO         2443    i.emergencyStop     emcy.o
    0x080077fe   0x080077fe   0x00000088   Code   RO         2789    i.failedSDO         sdo.o
    0x08007886   0x08007886   0x00000002   PAD
    0x08007888   0x08007888   0x00000018   Code   RO         1673    i.fputc             usart.o
    0x080078a0   0x080078a0   0x00000008   Code   RO         3160    i.getElapsedTime    canfestival.o
    0x080078a8   0x080078a8   0x00000006   Code   RO         2970    i.getNodeId         states.o
    0x080078ae   0x080078ae   0x00000030   Code   RO         2791    i.getSDOfreeLine    sdo.o
    0x080078de   0x080078de   0x0000003a   Code   RO         2792    i.getSDOlineOnUse   sdo.o
    0x08007918   0x08007918   0x00000016   Code   RO         2793    i.getSDOlineRestBytes  sdo.o
    0x0800792e   0x0800792e   0x0000007a   Code   RO          267    i.get_object_item   cjson.o
    0x080079a8   0x080079a8   0x00000080   Code   RO         2502    i.heartbeatInit     lifegrd.o
    0x08007a28   0x08007a28   0x00000036   Code   RO         2503    i.heartbeatStop     lifegrd.o
    0x08007a5e   0x08007a5e   0x00000002   PAD
    0x08007a60   0x08007a60   0x0000008c   Code   RO         2796    i.initSDOline       sdo.o
    0x08007aec   0x08007aec   0x00000050   Code   RO         7021    i.internal_alloc    mc_w.l(mallocr.o)
    0x08007b3c   0x08007b3c   0x00000012   Code   RO         2504    i.lifeGuardInit     lifegrd.o
    0x08007b4e   0x08007b4e   0x00000012   Code   RO         2505    i.lifeGuardStop     lifegrd.o
    0x08007b60   0x08007b60   0x0000003c   Code   RO         2797    i.lineToSDO         sdo.o
    0x08007b9c   0x08007b9c   0x00000128   Code   RO         1364    i.main              main.o
    0x08007cc4   0x08007cc4   0x00000022   Code   RO         2610    i.masterSendNMTnodeguard  nmtmaster.o
    0x08007ce6   0x08007ce6   0x00000026   Code   RO         2611    i.masterSendNMTstateChange  nmtmaster.o
    0x08007d0c   0x08007d0c   0x00000078   Code   RO         2506    i.nodeguardInit     lifegrd.o
    0x08007d84   0x08007d84   0x00000012   Code   RO         2507    i.nodeguardStop     lifegrd.o
    0x08007d96   0x08007d96   0x0000003c   Code   RO         2798    i.objdictToSDOline  sdo.o
    0x08007dd2   0x08007dd2   0x000000d0   Code   RO          269    i.parse_array       cjson.o
    0x08007ea2   0x08007ea2   0x00000040   Code   RO          270    i.parse_hex4        cjson.o
    0x08007ee2   0x08007ee2   0x00000002   PAD
    0x08007ee4   0x08007ee4   0x0000012c   Code   RO          271    i.parse_number      cjson.o
    0x08008010   0x08008010   0x00000110   Code   RO          272    i.parse_object      cjson.o
    0x08008120   0x08008120   0x0000010c   Code   RO          273    i.parse_string      cjson.o
    0x0800822c   0x0800822c   0x000000fc   Code   RO          274    i.parse_value       cjson.o
    0x08008328   0x08008328   0x00000022   Code   RO         2444    i.proceedEMCY       emcy.o
    0x0800834a   0x0800834a   0x00000096   Code   RO         2633    i.proceedNMTstateChange  nmtslave.o
    0x080083e0   0x080083e0   0x000000fc   Code   RO         2508    i.proceedNODE_GUARD  lifegrd.o
    0x080084dc   0x080084dc   0x0000022c   Code   RO         2702    i.proceedPDO        pdo.o
    0x08008708   0x08008708   0x000012a0   Code   RO         2799    i.proceedSDO        sdo.o
    0x080099a8   0x080099a8   0x00000028   Code   RO         3036    i.proceedSYNC       sync.o
    0x080099d0   0x080099d0   0x00000018   Code   RO         2181    i.prveMBError2Exception  mbutils.o
    0x080099e8   0x080099e8   0x0000006c   Code   RO         7022    i.realloc           mc_w.l(mallocr.o)
    0x08009a54   0x08009a54   0x00000018   Code   RO         2803    i.resetSDO          sdo.o
    0x08009a6c   0x08009a6c   0x00000032   Code   RO         2804    i.resetSDOline      sdo.o
    0x08009a9e   0x08009a9e   0x00000016   Code   RO         2656    i.scanIndexOD       objacces.o
    0x08009ab4   0x08009ab4   0x00000108   Code   RO         2703    i.sendOnePDOevent   pdo.o
    0x08009bbc   0x08009bbc   0x00000028   Code   RO         2706    i.sendPdo           pdo.o
    0x08009be4   0x08009be4   0x00000078   Code   RO         2805    i.sendSDO           sdo.o
    0x08009c5c   0x08009c5c   0x00000038   Code   RO         2806    i.sendSDOabort      sdo.o
    0x08009c94   0x08009c94   0x00000014   Code   RO         3037    i.sendSYNC          sync.o
    0x08009ca8   0x08009ca8   0x00000022   Code   RO         3038    i.sendSYNCMessage   sync.o
    0x08009cca   0x08009cca   0x00000002   PAD
    0x08009ccc   0x08009ccc   0x00000134   Code   RO         2972    i.setNodeId         states.o
    0x08009e00   0x08009e00   0x00000016   Code   RO         2807    i.setSDOlineRestBytes  sdo.o
    0x08009e16   0x08009e16   0x00000002   PAD
    0x08009e18   0x08009e18   0x000000a4   Code   RO         2973    i.setState          states.o
    0x08009ebc   0x08009ebc   0x0000000c   Code   RO         3161    i.setTimer          canfestival.o
    0x08009ec8   0x08009ec8   0x0000002a   Code   RO         2634    i.slaveSendBootUp   nmtslave.o
    0x08009ef2   0x08009ef2   0x00000002   PAD
    0x08009ef4   0x08009ef4   0x00000060   Code   RO         3039    i.startSYNC         sync.o
    0x08009f54   0x08009f54   0x0000002c   Code   RO         3040    i.stopSYNC          sync.o
    0x08009f80   0x08009f80   0x0000001c   Code   RO         6724    i.strtod            m_ws.l(strtod.o)
    0x08009f9c   0x08009f9c   0x000000ea   Code   RO         2974    i.switchCommunicationState  states.o
    0x0800a086   0x0800a086   0x00000002   PAD
    0x0800a088   0x0800a088   0x0000002c   Code   RO         1989    i.usMBCRC16         mbcrc.o
    0x0800a0b4   0x0800a0b4   0x000000d2   Code   RO          283    i.utf16_literal_to_utf8  cjson.o
    0x0800a186   0x0800a186   0x00000002   PAD
    0x0800a188   0x0800a188   0x00000054   Code   RO         2288    i.vMBPortSerialEnable  portserial.o
    0x0800a1dc   0x0800a1dc   0x00000024   Code   RO         2368    i.vMBPortTimersDisable  porttimer.o
    0x0800a200   0x0800a200   0x00000018   Code   RO         2362    i.vMBPortTimersEnable  porttimer.o
    0x0800a218   0x0800a218   0x0000001c   Code   RO         2258    i.xMBPortEventGet   portevent.o
    0x0800a234   0x0800a234   0x00000010   Code   RO         2259    i.xMBPortEventInit  portevent.o
    0x0800a244   0x0800a244   0x00000010   Code   RO         2260    i.xMBPortEventPost  portevent.o
    0x0800a254   0x0800a254   0x00000010   Code   RO         2289    i.xMBPortSerialGetByte  portserial.o
    0x0800a264   0x0800a264   0x00000060   Code   RO         2290    i.xMBPortSerialInit  portserial.o
    0x0800a2c4   0x0800a2c4   0x0000000c   Code   RO         2291    i.xMBPortSerialPutByte  portserial.o
    0x0800a2d0   0x0800a2d0   0x00000074   Code   RO         2339    i.xMBPortTimersInit  porttimer.o
    0x0800a344   0x0800a344   0x00000068   Code   RO         2119    i.xMBRTUReceiveFSM  mbrtu.o
    0x0800a3ac   0x0800a3ac   0x00000040   Code   RO         2120    i.xMBRTUTimerT35Expired  mbrtu.o
    0x0800a3ec   0x0800a3ec   0x0000005c   Code   RO         2121    i.xMBRTUTransmitFSM  mbrtu.o
    0x0800a448   0x0800a448   0x00000818   Data   RO         1151    .constdata          oled.o
    0x0800ac60   0x0800ac60   0x00000200   Data   RO         1990    .constdata          mbcrc.o
    0x0800ae60   0x0800ae60   0x00000040   Data   RO         2975    .constdata          states.o
    0x0800aea0   0x0800aea0   0x00000001   Data   RO         3224    .constdata          testslave.o
    0x0800aea1   0x0800aea1   0x00000003   PAD
    0x0800aea4   0x0800aea4   0x000000a8   Data   RO         3225    .constdata          testslave.o
    0x0800af4c   0x0800af4c   0x0000000c   Data   RO         3226    .constdata          testslave.o
    0x0800af58   0x0800af58   0x0000000c   Data   RO         3227    .constdata          testslave.o
    0x0800af64   0x0800af64   0x00000002   Data   RO         3228    .constdata          testslave.o
    0x0800af66   0x0800af66   0x00000012   Data   RO         3892    .constdata          stm32f1xx_hal_rcc.o
    0x0800af78   0x0800af78   0x00000012   Data   RO         3984    .constdata          stm32f1xx_hal_rcc_ex.o
    0x0800af8a   0x0800af8a   0x00000010   Data   RO         6690    .constdata          system_stm32f1xx.o
    0x0800af9a   0x0800af9a   0x00000008   Data   RO         6691    .constdata          system_stm32f1xx.o
    0x0800afa2   0x0800afa2   0x00000040   Data   RO         7128    .constdata          mc_w.l(ctype_c.o)
    0x0800afe2   0x0800afe2   0x00000002   PAD
    0x0800afe4   0x0800afe4   0x00000020   Data   RO         7130    Region$$Table       anon$$obj.o


    Execution Region RW_IRAM1 (Exec base: 0x20000000, Load base: 0x0800b004, Size: 0x00001d40, Max: 0x00005000, ABSOLUTE, COMPRESSED[0x00000348])

    Exec Addr    Load Addr    Size         Type   Attr      Idx    E Section Name        Object

    0x20000000   COMPRESSED   0x00000008   Data   RW           18    .data               aht20.o
    0x20000008   COMPRESSED   0x00000014   Data   RW          285    .data               cjson.o
    0x2000001c   COMPRESSED   0x00000003   Data   RW          931    .data               modbus.o
    0x2000001f   COMPRESSED   0x00000001   Data   RW         1067    .data               mqtt.o
    0x20000020   COMPRESSED   0x00000001   Data   RW         1068    .data               mqtt.o
    0x20000021   COMPRESSED   0x00000002   Data   RW         1241    .data               wifi4g.o
    0x20000023   COMPRESSED   0x00000001   Data   RW         1678    .data               usart.o
    0x20000024   COMPRESSED   0x00000004   Data   RW         1754    .data               stm32f1xx_it.o
    0x20000028   COMPRESSED   0x000000ac   Data   RW         1899    .data               mb.o
    0x200000d4   COMPRESSED   0x00000002   Data   RW         2096    .data               mbfuncother.o
    0x200000d6   COMPRESSED   0x00000002   PAD
    0x200000d8   COMPRESSED   0x0000000c   Data   RW         2123    .data               mbrtu.o
    0x200000e4   COMPRESSED   0x00000014   Data   RW         2213    .data               port.o
    0x200000f8   COMPRESSED   0x00000002   Data   RW         2261    .data               portevent.o
    0x200000fa   COMPRESSED   0x00000002   PAD
    0x200000fc   COMPRESSED   0x00000008   Data   RW         3093    .data               timer.o
    0x20000104   COMPRESSED   0x00000001   Data   RW         3239    .data               testslave.o
    0x20000105   COMPRESSED   0x00000003   PAD
    0x20000108   COMPRESSED   0x00000004   Data   RW         3240    .data               testslave.o
    0x2000010c   COMPRESSED   0x0000000c   Data   RW         3241    .data               testslave.o
    0x20000118   COMPRESSED   0x00000001   Data   RW         3242    .data               testslave.o
    0x20000119   COMPRESSED   0x00000003   PAD
    0x2000011c   COMPRESSED   0x0000000c   Data   RW         3243    .data               testslave.o
    0x20000128   COMPRESSED   0x00000001   Data   RW         3244    .data               testslave.o
    0x20000129   COMPRESSED   0x00000003   PAD
    0x2000012c   COMPRESSED   0x00000004   Data   RW         3245    .data               testslave.o
    0x20000130   COMPRESSED   0x00000004   Data   RW         3248    .data               testslave.o
    0x20000134   COMPRESSED   0x00000004   Data   RW         3249    .data               testslave.o
    0x20000138   COMPRESSED   0x00000002   Data   RW         3250    .data               testslave.o
    0x2000013a   COMPRESSED   0x00000001   Data   RW         3251    .data               testslave.o
    0x2000013b   COMPRESSED   0x00000001   PAD
    0x2000013c   COMPRESSED   0x00000004   Data   RW         3252    .data               testslave.o
    0x20000140   COMPRESSED   0x00000001   Data   RW         3253    .data               testslave.o
    0x20000141   COMPRESSED   0x00000003   PAD
    0x20000144   COMPRESSED   0x00000004   Data   RW         3254    .data               testslave.o
    0x20000148   COMPRESSED   0x00000002   Data   RW         3255    .data               testslave.o
    0x2000014a   COMPRESSED   0x00000001   Data   RW         3256    .data               testslave.o
    0x2000014b   COMPRESSED   0x00000001   PAD
    0x2000014c   COMPRESSED   0x00000004   Data   RW         3257    .data               testslave.o
    0x20000150   COMPRESSED   0x00000004   Data   RW         3258    .data               testslave.o
    0x20000154   COMPRESSED   0x00000004   Data   RW         3259    .data               testslave.o
    0x20000158   COMPRESSED   0x00000004   Data   RW         3260    .data               testslave.o
    0x2000015c   COMPRESSED   0x0000003c   Data   RW         3261    .data               testslave.o
    0x20000198   COMPRESSED   0x00000001   Data   RW         3262    .data               testslave.o
    0x20000199   COMPRESSED   0x00000003   PAD
    0x2000019c   COMPRESSED   0x00000004   Data   RW         3263    .data               testslave.o
    0x200001a0   COMPRESSED   0x00000004   Data   RW         3264    .data               testslave.o
    0x200001a4   COMPRESSED   0x00000024   Data   RW         3265    .data               testslave.o
    0x200001c8   COMPRESSED   0x00000001   Data   RW         3266    .data               testslave.o
    0x200001c9   COMPRESSED   0x00000003   PAD
    0x200001cc   COMPRESSED   0x00000004   Data   RW         3267    .data               testslave.o
    0x200001d0   COMPRESSED   0x00000001   Data   RW         3268    .data               testslave.o
    0x200001d1   COMPRESSED   0x00000001   PAD
    0x200001d2   COMPRESSED   0x00000002   Data   RW         3269    .data               testslave.o
    0x200001d4   COMPRESSED   0x00000001   Data   RW         3270    .data               testslave.o
    0x200001d5   COMPRESSED   0x00000001   PAD
    0x200001d6   COMPRESSED   0x00000002   Data   RW         3271    .data               testslave.o
    0x200001d8   COMPRESSED   0x00000001   Data   RW         3272    .data               testslave.o
    0x200001d9   COMPRESSED   0x00000003   PAD
    0x200001dc   COMPRESSED   0x00000054   Data   RW         3273    .data               testslave.o
    0x20000230   COMPRESSED   0x00000001   Data   RW         3274    .data               testslave.o
    0x20000231   COMPRESSED   0x00000003   PAD
    0x20000234   COMPRESSED   0x00000004   Data   RW         3275    .data               testslave.o
    0x20000238   COMPRESSED   0x00000001   Data   RW         3276    .data               testslave.o
    0x20000239   COMPRESSED   0x00000001   PAD
    0x2000023a   COMPRESSED   0x00000002   Data   RW         3277    .data               testslave.o
    0x2000023c   COMPRESSED   0x00000001   Data   RW         3278    .data               testslave.o
    0x2000023d   COMPRESSED   0x00000001   PAD
    0x2000023e   COMPRESSED   0x00000002   Data   RW         3279    .data               testslave.o
    0x20000240   COMPRESSED   0x00000001   Data   RW         3280    .data               testslave.o
    0x20000241   COMPRESSED   0x00000003   PAD
    0x20000244   COMPRESSED   0x00000054   Data   RW         3281    .data               testslave.o
    0x20000298   COMPRESSED   0x00000001   Data   RW         3282    .data               testslave.o
    0x20000299   COMPRESSED   0x00000003   PAD
    0x2000029c   COMPRESSED   0x00000004   Data   RW         3283    .data               testslave.o
    0x200002a0   COMPRESSED   0x00000001   Data   RW         3284    .data               testslave.o
    0x200002a1   COMPRESSED   0x00000001   PAD
    0x200002a2   COMPRESSED   0x00000002   Data   RW         3285    .data               testslave.o
    0x200002a4   COMPRESSED   0x00000001   Data   RW         3286    .data               testslave.o
    0x200002a5   COMPRESSED   0x00000001   PAD
    0x200002a6   COMPRESSED   0x00000002   Data   RW         3287    .data               testslave.o
    0x200002a8   COMPRESSED   0x00000001   Data   RW         3288    .data               testslave.o
    0x200002a9   COMPRESSED   0x00000003   PAD
    0x200002ac   COMPRESSED   0x00000054   Data   RW         3289    .data               testslave.o
    0x20000300   COMPRESSED   0x00000001   Data   RW         3290    .data               testslave.o
    0x20000301   COMPRESSED   0x00000003   PAD
    0x20000304   COMPRESSED   0x00000004   Data   RW         3291    .data               testslave.o
    0x20000308   COMPRESSED   0x00000001   Data   RW         3292    .data               testslave.o
    0x20000309   COMPRESSED   0x00000001   PAD
    0x2000030a   COMPRESSED   0x00000002   Data   RW         3293    .data               testslave.o
    0x2000030c   COMPRESSED   0x00000001   Data   RW         3294    .data               testslave.o
    0x2000030d   COMPRESSED   0x00000001   PAD
    0x2000030e   COMPRESSED   0x00000002   Data   RW         3295    .data               testslave.o
    0x20000310   COMPRESSED   0x00000001   Data   RW         3296    .data               testslave.o
    0x20000311   COMPRESSED   0x00000003   PAD
    0x20000314   COMPRESSED   0x00000054   Data   RW         3297    .data               testslave.o
    0x20000368   COMPRESSED   0x00000001   Data   RW         3298    .data               testslave.o
    0x20000369   COMPRESSED   0x00000003   PAD
    0x2000036c   COMPRESSED   0x0000006c   Data   RW         3299    .data               testslave.o
    0x200003d8   COMPRESSED   0x00000001   Data   RW         3300    .data               testslave.o
    0x200003d9   COMPRESSED   0x00000003   PAD
    0x200003dc   COMPRESSED   0x0000006c   Data   RW         3301    .data               testslave.o
    0x20000448   COMPRESSED   0x00000001   Data   RW         3302    .data               testslave.o
    0x20000449   COMPRESSED   0x00000003   PAD
    0x2000044c   COMPRESSED   0x0000006c   Data   RW         3303    .data               testslave.o
    0x200004b8   COMPRESSED   0x00000001   Data   RW         3304    .data               testslave.o
    0x200004b9   COMPRESSED   0x00000003   PAD
    0x200004bc   COMPRESSED   0x0000006c   Data   RW         3305    .data               testslave.o
    0x20000528   COMPRESSED   0x00000001   Data   RW         3306    .data               testslave.o
    0x20000529   COMPRESSED   0x00000003   PAD
    0x2000052c   COMPRESSED   0x00000004   Data   RW         3307    .data               testslave.o
    0x20000530   COMPRESSED   0x00000001   Data   RW         3308    .data               testslave.o
    0x20000531   COMPRESSED   0x00000001   PAD
    0x20000532   COMPRESSED   0x00000002   Data   RW         3309    .data               testslave.o
    0x20000534   COMPRESSED   0x00000001   Data   RW         3310    .data               testslave.o
    0x20000535   COMPRESSED   0x00000001   PAD
    0x20000536   COMPRESSED   0x00000002   Data   RW         3311    .data               testslave.o
    0x20000538   COMPRESSED   0x00000001   Data   RW         3312    .data               testslave.o
    0x20000539   COMPRESSED   0x00000003   PAD
    0x2000053c   COMPRESSED   0x00000054   Data   RW         3313    .data               testslave.o
    0x20000590   COMPRESSED   0x00000001   Data   RW         3314    .data               testslave.o
    0x20000591   COMPRESSED   0x00000003   PAD
    0x20000594   COMPRESSED   0x00000004   Data   RW         3315    .data               testslave.o
    0x20000598   COMPRESSED   0x00000001   Data   RW         3316    .data               testslave.o
    0x20000599   COMPRESSED   0x00000001   PAD
    0x2000059a   COMPRESSED   0x00000002   Data   RW         3317    .data               testslave.o
    0x2000059c   COMPRESSED   0x00000001   Data   RW         3318    .data               testslave.o
    0x2000059d   COMPRESSED   0x00000001   PAD
    0x2000059e   COMPRESSED   0x00000002   Data   RW         3319    .data               testslave.o
    0x200005a0   COMPRESSED   0x00000001   Data   RW         3320    .data               testslave.o
    0x200005a1   COMPRESSED   0x00000003   PAD
    0x200005a4   COMPRESSED   0x00000054   Data   RW         3321    .data               testslave.o
    0x200005f8   COMPRESSED   0x00000001   Data   RW         3322    .data               testslave.o
    0x200005f9   COMPRESSED   0x00000003   PAD
    0x200005fc   COMPRESSED   0x00000004   Data   RW         3323    .data               testslave.o
    0x20000600   COMPRESSED   0x00000001   Data   RW         3324    .data               testslave.o
    0x20000601   COMPRESSED   0x00000001   PAD
    0x20000602   COMPRESSED   0x00000002   Data   RW         3325    .data               testslave.o
    0x20000604   COMPRESSED   0x00000001   Data   RW         3326    .data               testslave.o
    0x20000605   COMPRESSED   0x00000001   PAD
    0x20000606   COMPRESSED   0x00000002   Data   RW         3327    .data               testslave.o
    0x20000608   COMPRESSED   0x00000001   Data   RW         3328    .data               testslave.o
    0x20000609   COMPRESSED   0x00000003   PAD
    0x2000060c   COMPRESSED   0x00000054   Data   RW         3329    .data               testslave.o
    0x20000660   COMPRESSED   0x00000001   Data   RW         3330    .data               testslave.o
    0x20000661   COMPRESSED   0x00000003   PAD
    0x20000664   COMPRESSED   0x00000004   Data   RW         3331    .data               testslave.o
    0x20000668   COMPRESSED   0x00000001   Data   RW         3332    .data               testslave.o
    0x20000669   COMPRESSED   0x00000001   PAD
    0x2000066a   COMPRESSED   0x00000002   Data   RW         3333    .data               testslave.o
    0x2000066c   COMPRESSED   0x00000001   Data   RW         3334    .data               testslave.o
    0x2000066d   COMPRESSED   0x00000001   PAD
    0x2000066e   COMPRESSED   0x00000002   Data   RW         3335    .data               testslave.o
    0x20000670   COMPRESSED   0x00000001   Data   RW         3336    .data               testslave.o
    0x20000671   COMPRESSED   0x00000003   PAD
    0x20000674   COMPRESSED   0x00000054   Data   RW         3337    .data               testslave.o
    0x200006c8   COMPRESSED   0x00000001   Data   RW         3338    .data               testslave.o
    0x200006c9   COMPRESSED   0x00000003   PAD
    0x200006cc   COMPRESSED   0x0000006c   Data   RW         3339    .data               testslave.o
    0x20000738   COMPRESSED   0x00000001   Data   RW         3340    .data               testslave.o
    0x20000739   COMPRESSED   0x00000003   PAD
    0x2000073c   COMPRESSED   0x0000006c   Data   RW         3341    .data               testslave.o
    0x200007a8   COMPRESSED   0x00000001   Data   RW         3342    .data               testslave.o
    0x200007a9   COMPRESSED   0x00000003   PAD
    0x200007ac   COMPRESSED   0x0000006c   Data   RW         3343    .data               testslave.o
    0x20000818   COMPRESSED   0x00000001   Data   RW         3344    .data               testslave.o
    0x20000819   COMPRESSED   0x00000003   PAD
    0x2000081c   COMPRESSED   0x0000006c   Data   RW         3345    .data               testslave.o
    0x20000888   COMPRESSED   0x00000001   Data   RW         3346    .data               testslave.o
    0x20000889   COMPRESSED   0x00000003   PAD
    0x2000088c   COMPRESSED   0x00000084   Data   RW         3347    .data               testslave.o
    0x20000910   COMPRESSED   0x00000048   Data   RW         3348    .data               testslave.o
    0x20000958   COMPRESSED   0x0000023c   Data   RW         3349    .data               testslave.o
    0x20000b94   COMPRESSED   0x00000002   Data   RW         3350    .data               testslave.o
    0x20000b96   COMPRESSED   0x00000002   PAD
    0x20000b98   COMPRESSED   0x0000000c   Data   RW         3729    .data               stm32f1xx_hal.o
    0x20000ba4   COMPRESSED   0x00000004   Data   RW         6692    .data               system_stm32f1xx.o
    0x20000ba8   COMPRESSED   0x00000004   Data   RW         7095    .data               mc_w.l(stdout.o)
    0x20000bac   COMPRESSED   0x00000004   Data   RW         7104    .data               mc_w.l(mvars.o)
    0x20000bb0   COMPRESSED   0x00000004   Data   RW         7105    .data               mc_w.l(mvars.o)
    0x20000bb4        -       0x00000108   Zero   RW          814    .bss                fifo.o
    0x20000cbc        -       0x0000019f   Zero   RW         1066    .bss                mqtt.o
    0x20000e5b        -       0x00000120   Zero   RW         1239    .bss                wifi4g.o
    0x20000f7b   COMPRESSED   0x00000001   PAD
    0x20000f7c        -       0x00000028   Zero   RW         1323    .bss                f1can.o
    0x20000fa4        -       0x00000030   Zero   RW         1498    .bss                adc.o
    0x20000fd4        -       0x00000054   Zero   RW         1569    .bss                i2c.o
    0x20001028        -       0x00000120   Zero   RW         1614    .bss                tim.o
    0x20001148        -       0x00000100   Zero   RW         1675    .bss                usart.o
    0x20001248        -       0x0000011c   Zero   RW         1676    .bss                usart.o
    0x20001364        -       0x00000020   Zero   RW         2095    .bss                mbfuncother.o
    0x20001384        -       0x00000100   Zero   RW         2122    .bss                mbrtu.o
    0x20001484        -       0x00000028   Zero   RW         2212    .bss                port.o
    0x200014ac        -       0x000000c0   Zero   RW         3092    .bss                timer.o
    0x2000156c        -       0x00000034   Zero   RW         3162    .bss                canfestival.o
    0x200015a0        -       0x00000020   Zero   RW         3215    .bss                testslave.o
    0x200015c0        -       0x00000020   Zero   RW         3216    .bss                testslave.o
    0x200015e0        -       0x00000020   Zero   RW         3217    .bss                testslave.o
    0x20001600        -       0x00000020   Zero   RW         3218    .bss                testslave.o
    0x20001620        -       0x0000009c   Zero   RW         3219    .bss                testslave.o
    0x200016bc        -       0x00000020   Zero   RW         3220    .bss                testslave.o
    0x200016dc        -       0x00000020   Zero   RW         3221    .bss                testslave.o
    0x200016fc        -       0x00000020   Zero   RW         3222    .bss                testslave.o
    0x2000171c        -       0x00000020   Zero   RW         3223    .bss                testslave.o
    0x2000173c   COMPRESSED   0x00000004   PAD
    0x20001740        -       0x00000200   Zero   RW            2    HEAP                startup_stm32f103xb.o
    0x20001940        -       0x00000400   Zero   RW            1    STACK               startup_stm32f103xb.o


==============================================================================

Image component sizes


      Code (inc. data)   RO Data    RW Data    ZI Data      Debug   Object Name

       460         60          0          0         48       2375   adc.o
       448         50          0          8          0     468218   aht20.o
       244         24          0          0         52       3433   canfestival.o
      2114         62          0         20          0      18180   cjson.o
        44          4          0          0          0        714   dma.o
       110          6          0          0          0       2696   emcy.o
       192         20          0          0         40       1583   f1can.o
       236         16          0          0        264       4327   fifo.o
       312         28          0          0          0       2396   gpio.o
       156         26          0          0         84       1609   i2c.o
       372         60          0          0          0       4546   ina226.o
       862         24          0          0          0       9672   lifegrd.o
       420         86          0          0          0      12568   main.o
       420         50          0        172          0       8008   mb.o
         0          0          0          0          0        645   mbascii.o
        44          4        512          0          0       1120   mbcrc.o
       300          0          0          0          0       3486   mbfunccoils.o
       114          0          0          0          0       1432   mbfuncdisc.o
       384          0          0          0          0       4827   mbfuncholding.o
        98          0          0          0          0       1431   mbfuncinput.o
        36         10          0          2         32       1223   mbfuncother.o
       538         46          0         12        256       5899   mbrtu.o
        24          0          0          0          0        572   mbutils.o
       372         78          0          3          0      14070   modbus.o
       380        130          0          2        415       4345   mqtt.o
        72          0          0          0          0       1604   nmtmaster.o
       192          0          0          0          0       1378   nmtslave.o
       504         28          0          0          0       4978   objacces.o
       568         16       2072          0          0       4703   oled.o
      1896         14          0          0          0      11246   pdo.o
       468         26          0         20         40       4101   port.o
        60         14          0          2          0       1972   portevent.o
       276         38          0          0          0       3320   portserial.o
       208         26          0          0          0       2439   porttimer.o
      5790         64          0          0          0      17207   sdo.o
        36          8        236          0       1536        780   startup_stm32f103xb.o
       856         26         64          0          0       6698   states.o
       164         28          0         12          0       5729   stm32f1xx_hal.o
      1260         54          0          0          0       6352   stm32f1xx_hal_adc.o
       216          6          0          0          0       1390   stm32f1xx_hal_adc_ex.o
      1628          0          0          0          0      13255   stm32f1xx_hal_can.o
       198         14          0          0          0      28811   stm32f1xx_hal_cortex.o
       808         36          0          0          0       4834   stm32f1xx_hal_dma.o
       490         34          0          0          0       2820   stm32f1xx_hal_gpio.o
      3666         94          0          0          0      17309   stm32f1xx_hal_i2c.o
        60          8          0          0          0        830   stm32f1xx_hal_msp.o
      1240         84         18          0          0       4980   stm32f1xx_hal_rcc.o
       400         28         18          0          0       2405   stm32f1xx_hal_rcc_ex.o
       974         24          0          0          0      10089   stm32f1xx_hal_tim.o
       108         12          0          0          0       2313   stm32f1xx_hal_tim_ex.o
      2022         24          0          0          0      13885   stm32f1xx_hal_uart.o
       540        164          0          4          0       9225   stm32f1xx_it.o
       252         10          0          0          0       4796   sync.o
         2          0         24          4          0       1047   system_stm32f1xx.o
       316         16        195       2598        412      12622   testslave.o
       596         50          0          0        288       3565   tim.o
       340         26          0          8        192      13642   timer.o
       544         62          0          1        540       3681   usart.o
       160         38          0          2        288       1708   wifi4g.o

    ----------------------------------------------------------------------
     35662       1856       3174       2984       4492     805089   Object Totals
         0          0         32          0          0          0   (incl. Generated)
        72          0          3        114          5          0   (incl. Padding)

    ----------------------------------------------------------------------

      Code (inc. data)   RO Data    RW Data    ZI Data      Debug   Library Member Name

        28          0          0          0          0         80   strtod.o
        86          0          0          0          0          0   __dczerorl2.o
        64          0          0          0          0         84   _sgetc.o
        40          6         64          0          0         68   ctype_c.o
         0          0          0          0          0          0   entry.o
         0          0          0          0          0          0   entry10a.o
         0          0          0          0          0          0   entry11a.o
         4          0          0          0          0          0   entry12b.o
         8          4          0          0          0          0   entry2.o
         4          0          0          0          0          0   entry5.o
         0          0          0          0          0          0   entry7b.o
         0          0          0          0          0          0   entry8b.o
         8          4          0          0          0          0   entry9a.o
        30          0          0          0          0          0   handlers.o
        36          8          0          0          0         68   init.o
        10          0          0          0          0         68   isspace_c.o
         0          0          0          0          0          0   iusefp.o
        30          0          0          0          0         68   llshl.o
        36          0          0          0          0         68   llsshr.o
        32          0          0          0          0         68   llushr.o
       360         30          0          0          0        356   mallocr.o
        26          0          0          0          0         80   memcmp.o
        36          0          0          0          0         68   memcpya.o
        36          0          0          0          0        108   memseta.o
         0          0          0          8          0          0   mvars.o
      2268         96          0          0          0        616   printfa.o
       878         12          0          0          0        216   scanf_fp.o
         0          0          0          4          0          0   stdout.o
        28          0          0          0          0         76   strcmp.o
        14          0          0          0          0         68   strlen.o
        30          0          0          0          0         80   strncmp.o
        36          0          0          0          0         80   strstr.o
       156         12          0          0          0        120   strtod.o
        12          0          0          0          0         68   tolower.o
        44          0          0          0          0         80   uidiv.o
        98          0          0          0          0         92   uldiv.o
        48          0          0          0          0         68   cdcmple.o
        48          0          0          0          0         68   cdrcmple.o
        56          0          0          0          0         88   d2f.o
       334          0          0          0          0        148   dadd.o
       222          0          0          0          0        100   ddiv.o
       186          0          0          0          0        176   depilogue.o
        62          0          0          0          0         80   dfixi.o
        48          0          0          0          0         68   dfixul.o
        26          0          0          0          0         76   dfltui.o
        24          0          0          0          0         76   dfltul.o
       228          0          0          0          0         96   dmul.o
        46          0          0          0          0         80   dscalb.o
       124          0          0          0          0         88   fdiv.o
       110          0          0          0          0        168   fepilogue.o
        40          0          0          0          0         68   ffixui.o
        10          0          0          0          0         68   ffltui.o
       100          0          0          0          0         76   fmul.o

    ----------------------------------------------------------------------
      6158        172         66         12          0       4272   Library Totals
         8          0          2          0          0          0   (incl. Padding)

    ----------------------------------------------------------------------

      Code (inc. data)   RO Data    RW Data    ZI Data      Debug   Library Name

        28          0          0          0          0         80   m_ws.l
      4410        172         64         12          0       2600   mc_w.l
      1712          0          0          0          0       1592   mf_w.l

    ----------------------------------------------------------------------
      6158        172         66         12          0       4272   Library Totals

    ----------------------------------------------------------------------

==============================================================================


      Code (inc. data)   RO Data    RW Data    ZI Data      Debug   

     41820       2028       3240       2996       4492     790717   Grand Totals
     41820       2028       3240        840       4492     790717   ELF Image Totals (compressed)
     41820       2028       3240        840          0          0   ROM Totals

==============================================================================

    Total RO  Size (Code + RO Data)                45060 (  44.00kB)
    Total RW  Size (RW Data + ZI Data)              7488 (   7.31kB)
    Total ROM Size (Code + RO Data + RW Data)      45900 (  44.82kB)

==============================================================================

