Component: ARM Compiler 5.06 update 7 (build 960) Tool: armlink [4d3601]

==============================================================================

Section Cross References

    startup_stm32f103xb.o(RESET) refers to startup_stm32f103xb.o(STACK) for __initial_sp
    startup_stm32f103xb.o(RESET) refers to startup_stm32f103xb.o(.text) for Reset_Handler
    startup_stm32f103xb.o(RESET) refers to stm32f1xx_it.o(i.NMI_Handler) for NMI_Handler
    startup_stm32f103xb.o(RESET) refers to stm32f1xx_it.o(i.HardFault_Handler) for HardFault_Handler
    startup_stm32f103xb.o(RESET) refers to stm32f1xx_it.o(i.MemManage_Handler) for MemManage_Handler
    startup_stm32f103xb.o(RESET) refers to stm32f1xx_it.o(i.BusFault_Handler) for BusFault_Handler
    startup_stm32f103xb.o(RESET) refers to stm32f1xx_it.o(i.UsageFault_Handler) for UsageFault_Handler
    startup_stm32f103xb.o(RESET) refers to port_1.o(.emb_text) for SVC_Handler
    startup_stm32f103xb.o(RESET) refers to stm32f1xx_it.o(i.DebugMon_Handler) for DebugMon_Handler
    startup_stm32f103xb.o(RESET) refers to port_1.o(i.SysTick_Handler) for SysTick_Handler
    startup_stm32f103xb.o(RESET) refers to stm32f1xx_it.o(i.DMA1_Channel3_IRQHandler) for DMA1_Channel3_IRQHandler
    startup_stm32f103xb.o(RESET) refers to stm32f1xx_it.o(i.DMA1_Channel5_IRQHandler) for DMA1_Channel5_IRQHandler
    startup_stm32f103xb.o(RESET) refers to stm32f1xx_it.o(i.USB_LP_CAN1_RX0_IRQHandler) for USB_LP_CAN1_RX0_IRQHandler
    startup_stm32f103xb.o(RESET) refers to stm32f1xx_it.o(i.TIM1_UP_IRQHandler) for TIM1_UP_IRQHandler
    startup_stm32f103xb.o(RESET) refers to stm32f1xx_it.o(i.TIM2_IRQHandler) for TIM2_IRQHandler
    startup_stm32f103xb.o(RESET) refers to porttimer.o(i.TIM3_IRQHandler) for TIM3_IRQHandler
    startup_stm32f103xb.o(RESET) refers to stm32f1xx_it.o(i.TIM4_IRQHandler) for TIM4_IRQHandler
    startup_stm32f103xb.o(RESET) refers to stm32f1xx_it.o(i.USART1_IRQHandler) for USART1_IRQHandler
    startup_stm32f103xb.o(RESET) refers to portserial.o(i.USART2_IRQHandler) for USART2_IRQHandler
    startup_stm32f103xb.o(RESET) refers to stm32f1xx_it.o(i.USART3_IRQHandler) for USART3_IRQHandler
    startup_stm32f103xb.o(.text) refers to system_stm32f1xx_1.o(i.SystemInit) for SystemInit
    startup_stm32f103xb.o(.text) refers to entry.o(.ARM.Collect$$$$00000000) for __main
    aht20.o(i.AHT20_DeInit) refers to stm32f1xx_hal_i2c.o(i.HAL_I2C_Master_Transmit) for HAL_I2C_Master_Transmit
    aht20.o(i.AHT20_DeInit) refers to i2c.o(.bss) for hi2c1
    aht20.o(i.AHT20_Init) refers to stm32f1xx_hal.o(i.HAL_Delay) for HAL_Delay
    aht20.o(i.AHT20_Init) refers to stm32f1xx_hal_i2c.o(i.HAL_I2C_Master_Transmit) for HAL_I2C_Master_Transmit
    aht20.o(i.AHT20_Init) refers to aht20.o(i.AHT20_Read_Status) for AHT20_Read_Status
    aht20.o(i.AHT20_Init) refers to aht20.o(i.AHT20_DeInit) for AHT20_DeInit
    aht20.o(i.AHT20_Init) refers to i2c.o(.bss) for hi2c1
    aht20.o(i.AHT20_Read) refers to aht20.o(i.AHT20_ReadData) for AHT20_ReadData
    aht20.o(i.AHT20_Read) refers to fmul.o(.text) for __aeabi_fmul
    aht20.o(i.AHT20_Read) refers to ffixui.o(.text) for __aeabi_f2uiz
    aht20.o(i.AHT20_Read) refers to aht20.o(.data) for .data
    aht20.o(i.AHT20_Read) refers to port.o(.bss) for REG_HOLD_BUF
    aht20.o(i.AHT20_ReadData) refers to stm32f1xx_hal_i2c.o(i.HAL_I2C_Master_Transmit) for HAL_I2C_Master_Transmit
    aht20.o(i.AHT20_ReadData) refers to stm32f1xx_hal.o(i.HAL_Delay) for HAL_Delay
    aht20.o(i.AHT20_ReadData) refers to aht20.o(i.AHT20_Read_Status) for AHT20_Read_Status
    aht20.o(i.AHT20_ReadData) refers to stm32f1xx_hal_i2c.o(i.HAL_I2C_Master_Receive) for HAL_I2C_Master_Receive
    aht20.o(i.AHT20_ReadData) refers to dfltui.o(.text) for __aeabi_ui2d
    aht20.o(i.AHT20_ReadData) refers to dmul.o(.text) for __aeabi_dmul
    aht20.o(i.AHT20_ReadData) refers to dscalb.o(.text) for __ARM_scalbn
    aht20.o(i.AHT20_ReadData) refers to d2f.o(.text) for __aeabi_d2f
    aht20.o(i.AHT20_ReadData) refers to dadd.o(.text) for __aeabi_dsub
    aht20.o(i.AHT20_ReadData) refers to i2c.o(.bss) for hi2c1
    aht20.o(i.AHT20_ReadData) refers to aht20.o(.data) for .data
    aht20.o(i.AHT20_Read_Status) refers to stm32f1xx_hal_i2c.o(i.HAL_I2C_Master_Receive) for HAL_I2C_Master_Receive
    aht20.o(i.AHT20_Read_Status) refers to i2c.o(.bss) for hi2c1
    cjson.o(i.add_item_to_object) refers to cjson.o(i.cJSON_strdup) for cJSON_strdup
    cjson.o(i.add_item_to_object) refers to cjson.o(i.add_item_to_array) for add_item_to_array
    cjson.o(i.cJSON_AddArrayToObject) refers to cjson.o(i.cJSON_CreateArray) for cJSON_CreateArray
    cjson.o(i.cJSON_AddArrayToObject) refers to cjson.o(i.add_item_to_object) for add_item_to_object
    cjson.o(i.cJSON_AddArrayToObject) refers to cjson.o(i.cJSON_Delete) for cJSON_Delete
    cjson.o(i.cJSON_AddArrayToObject) refers to cjson.o(.data) for .data
    cjson.o(i.cJSON_AddBoolToObject) refers to cjson.o(i.cJSON_CreateBool) for cJSON_CreateBool
[...]
    TestSlave_Index1000                      0x20000110   Data          12  testslave.o(.data)
    TestSlave_obj1001                        0x2000011c   Data           1  testslave.o(.data)
    TestSlave_Index1001                      0x20000120   Data          12  testslave.o(.data)
    TestSlave_highestSubIndex_obj1003        0x2000012c   Data           1  testslave.o(.data)
    TestSlave_obj1003                        0x20000130   Data           4  testslave.o(.data)
    TestSlave_obj1005                        0x20000134   Data           4  testslave.o(.data)
    TestSlave_obj1006                        0x20000138   Data           4  testslave.o(.data)
    TestSlave_obj100C                        0x2000013c   Data           2  testslave.o(.data)
    TestSlave_obj100D                        0x2000013e   Data           1  testslave.o(.data)
    TestSlave_obj1014                        0x20000140   Data           4  testslave.o(.data)
    TestSlave_highestSubIndex_obj1016        0x20000144   Data           1  testslave.o(.data)
    TestSlave_obj1016                        0x20000148   Data           4  testslave.o(.data)
    TestSlave_obj1017                        0x2000014c   Data           2  testslave.o(.data)
    TestSlave_highestSubIndex_obj1018        0x2000014e   Data           1  testslave.o(.data)
    TestSlave_obj1018_Vendor_ID              0x20000150   Data           4  testslave.o(.data)
    TestSlave_obj1018_Product_Code           0x20000154   Data           4  testslave.o(.data)
    TestSlave_obj1018_Revision_Number        0x20000158   Data           4  testslave.o(.data)
    TestSlave_obj1018_Serial_Number          0x2000015c   Data           4  testslave.o(.data)
    TestSlave_Index1018                      0x20000160   Data          60  testslave.o(.data)
    TestSlave_highestSubIndex_obj1200        0x2000019c   Data           1  testslave.o(.data)
    TestSlave_obj1200_COB_ID_Client_to_Server_Receive_SDO 0x200001a0   Data           4  testslave.o(.data)
    TestSlave_obj1200_COB_ID_Server_to_Client_Transmit_SDO 0x200001a4   Data           4  testslave.o(.data)
    TestSlave_Index1200                      0x200001a8   Data          36  testslave.o(.data)
    TestSlave_highestSubIndex_obj1400        0x200001cc   Data           1  testslave.o(.data)
    TestSlave_obj1400_COB_ID_used_by_PDO     0x200001d0   Data           4  testslave.o(.data)
    TestSlave_obj1400_Transmission_Type      0x200001d4   Data           1  testslave.o(.data)
    TestSlave_obj1400_Inhibit_Time           0x200001d6   Data           2  testslave.o(.data)
    TestSlave_obj1400_Compatibility_Entry    0x200001d8   Data           1  testslave.o(.data)
    TestSlave_obj1400_Event_Timer            0x200001da   Data           2  testslave.o(.data)
    TestSlave_obj1400_SYNC_start_value       0x200001dc   Data           1  testslave.o(.data)
    TestSlave_Index1400                      0x200001e0   Data          84  testslave.o(.data)
    TestSlave_highestSubIndex_obj1401        0x20000234   Data           1  testslave.o(.data)
    TestSlave_obj1401_COB_ID_used_by_PDO     0x20000238   Data           4  testslave.o(.data)
    TestSlave_obj1401_Transmission_Type      0x2000023c   Data           1  testslave.o(.data)
    TestSlave_obj1401_Inhibit_Time           0x2000023e   Data           2  testslave.o(.data)
    TestSlave_obj1401_Compatibility_Entry    0x20000240   Data           1  testslave.o(.data)
    TestSlave_obj1401_Event_Timer            0x20000242   Data           2  testslave.o(.data)
    TestSlave_obj1401_SYNC_start_value       0x20000244   Data           1  testslave.o(.data)
    TestSlave_Index1401                      0x20000248   Data          84  testslave.o(.data)
    TestSlave_highestSubIndex_obj1402        0x2000029c   Data           1  testslave.o(.data)
    TestSlave_obj1402_COB_ID_used_by_PDO     0x200002a0   Data           4  testslave.o(.data)
    TestSlave_obj1402_Transmission_Type      0x200002a4   Data           1  testslave.o(.data)
    TestSlave_obj1402_Inhibit_Time           0x200002a6   Data           2  testslave.o(.data)
    TestSlave_obj1402_Compatibility_Entry    0x200002a8   Data           1  testslave.o(.data)
    TestSlave_obj1402_Event_Timer            0x200002aa   Data           2  testslave.o(.data)
    TestSlave_obj1402_SYNC_start_value       0x200002ac   Data           1  testslave.o(.data)
    TestSlave_Index1402                      0x200002b0   Data          84  testslave.o(.data)
    TestSlave_highestSubIndex_obj1403        0x20000304   Data           1  testslave.o(.data)
    TestSlave_obj1403_COB_ID_used_by_PDO     0x20000308   Data           4  testslave.o(.data)
    TestSlave_obj1403_Transmission_Type      0x2000030c   Data           1  testslave.o(.data)
    TestSlave_obj1403_Inhibit_Time           0x2000030e   Data           2  testslave.o(.data)
    TestSlave_obj1403_Compatibility_Entry    0x20000310   Data           1  testslave.o(.data)
    TestSlave_obj1403_Event_Timer            0x20000312   Data           2  testslave.o(.data)
    TestSlave_obj1403_SYNC_start_value       0x20000314   Data           1  testslave.o(.data)
    TestSlave_Index1403                      0x20000318   Data          84  testslave.o(.data)
    TestSlave_highestSubIndex_obj1600        0x2000036c   Data           1  testslave.o(.data)
    TestSlave_Index1600                      0x20000370   Data         108  testslave.o(.data)
    TestSlave_highestSubIndex_obj1601        0x200003dc   Data           1  testslave.o(.data)
    TestSlave_Index1601                      0x200003e0   Data         108  testslave.o(.data)
    TestSlave_highestSubIndex_obj1602        0x2000044c   Data           1  testslave.o(.data)
    TestSlave_Index1602                      0x20000450   Data         108  testslave.o(.data)
    TestSlave_highestSubIndex_obj1603        0x200004bc   Data           1  testslave.o(.data)
    TestSlave_Index1603                      0x200004c0   Data         108  testslave.o(.data)
    TestSlave_highestSubIndex_obj1800        0x2000052c   Data           1  testslave.o(.data)
    TestSlave_obj1800_COB_ID_used_by_PDO     0x20000530   Data           4  testslave.o(.data)
    TestSlave_obj1800_Transmission_Type      0x20000534   Data           1  testslave.o(.data)
    TestSlave_obj1800_Inhibit_Time           0x20000536   Data           2  testslave.o(.data)
    TestSlave_obj1800_Compatibility_Entry    0x20000538   Data           1  testslave.o(.data)
    TestSlave_obj1800_Event_Timer            0x2000053a   Data           2  testslave.o(.data)
    TestSlave_obj1800_SYNC_start_value       0x2000053c   Data           1  testslave.o(.data)
    TestSlave_Index1800                      0x20000540   Data          84  testslave.o(.data)
    TestSlave_highestSubIndex_obj1801        0x20000594   Data           1  testslave.o(.data)
    TestSlave_obj1801_COB_ID_used_by_PDO     0x20000598   Data           4  testslave.o(.data)
    TestSlave_obj1801_Transmission_Type      0x2000059c   Data           1  testslave.o(.data)
    TestSlave_obj1801_Inhibit_Time           0x2000059e   Data           2  testslave.o(.data)
    TestSlave_obj1801_Compatibility_Entry    0x200005a0   Data           1  testslave.o(.data)
    TestSlave_obj1801_Event_Timer            0x200005a2   Data           2  testslave.o(.data)
    TestSlave_obj1801_SYNC_start_value       0x200005a4   Data           1  testslave.o(.data)
    TestSlave_Index1801                      0x200005a8   Data          84  testslave.o(.data)
    TestSlave_highestSubIndex_obj1802        0x200005fc   Data           1  testslave.o(.data)
    TestSlave_obj1802_COB_ID_used_by_PDO     0x20000600   Data           4  testslave.o(.data)
    TestSlave_obj1802_Transmission_Type      0x20000604   Data           1  testslave.o(.data)
    TestSlave_obj1802_Inhibit_Time           0x20000606   Data           2  testslave.o(.data)
    TestSlave_obj1802_Compatibility_Entry    0x20000608   Data           1  testslave.o(.data)
    TestSlave_obj1802_Event_Timer            0x2000060a   Data           2  testslave.o(.data)
    TestSlave_obj1802_SYNC_start_value       0x2000060c   Data           1  testslave.o(.data)
    TestSlave_Index1802                      0x20000610   Data          84  testslave.o(.data)
    TestSlave_highestSubIndex_obj1803        0x20000664   Data           1  testslave.o(.data)
    TestSlave_obj1803_COB_ID_used_by_PDO     0x20000668   Data           4  testslave.o(.data)
    TestSlave_obj1803_Transmission_Type      0x2000066c   Data           1  testslave.o(.data)
    TestSlave_obj1803_Inhibit_Time           0x2000066e   Data           2  testslave.o(.data)
    TestSlave_obj1803_Compatibility_Entry    0x20000670   Data           1  testslave.o(.data)
    TestSlave_obj1803_Event_Timer            0x20000672   Data           2  testslave.o(.data)
    TestSlave_obj1803_SYNC_start_value       0x20000674   Data           1  testslave.o(.data)
    TestSlave_Index1803                      0x20000678   Data          84  testslave.o(.data)
    TestSlave_highestSubIndex_obj1A00        0x200006cc   Data           1  testslave.o(.data)
    TestSlave_Index1A00                      0x200006d0   Data         108  testslave.o(.data)
    TestSlave_highestSubIndex_obj1A01        0x2000073c   Data           1  testslave.o(.data)
    TestSlave_Index1A01                      0x20000740   Data         108  testslave.o(.data)
    TestSlave_highestSubIndex_obj1A02        0x200007ac   Data           1  testslave.o(.data)
    TestSlave_Index1A02                      0x200007b0   Data         108  testslave.o(.data)
    TestSlave_highestSubIndex_obj1A03        0x2000081c   Data           1  testslave.o(.data)
    TestSlave_Index1A03                      0x20000820   Data         108  testslave.o(.data)
    TestSlave_highestSubIndex_obj2000        0x2000088c   Data           1  testslave.o(.data)
    TestSlave_Index2000                      0x20000890   Data         132  testslave.o(.data)
    TestSlave_PDO_status                     0x20000914   Data          72  testslave.o(.data)
    TestSlave_Data                           0x2000095c   Data         572  testslave.o(.data)
    TestSlave_heartBeatTimers                0x20000b98   Data           2  testslave.o(.data)
    last_timer_raw                           0x20000b9c   Data           2  timer.o(.data)
    total_sleep_time                         0x20000ba0   Data           4  timer.o(.data)
    uwTickFreq                               0x20000ba4   Data           1  stm32f1xx_hal.o(.data)
    uwTickPrio                               0x20000ba8   Data           4  stm32f1xx_hal.o(.data)
    uwTick                                   0x20000bac   Data           4  stm32f1xx_hal.o(.data)
    SystemCoreClock                          0x20000bb0   Data           4  system_stm32f1xx_1.o(.data)
    pxCurrentTCB                             0x20000bb4   Data           4  tasks.o(.data)
    __stdout                                 0x20000c1c   Data           4  stdout.o(.data)
    __microlib_freelist                      0x20000c20   Data           4  mvars.o(.data)
    __microlib_freelist_initialised          0x20000c24   Data           4  mvars.o(.data)
    hcan                                     0x20000c28   Data          40  f1can.o(.bss)
    QUART3                                   0x20000c50   Data         264  fifo.o(.bss)
    Parse_Substr                             0x20000ef7   Data          32  wifi4g.o(.bss)
    RecvBuf                                  0x20000f17   Data         256  wifi4g.o(.bss)
    hadc1                                    0x2000126c   Data          48  adc.o(.bss)
    hi2c1                                    0x2000129c   Data          84  i2c.o(.bss)
    htim2                                    0x200012f0   Data          72  tim.o(.bss)
    htim3                                    0x20001338   Data          72  tim.o(.bss)
    htim4                                    0x20001380   Data          72  tim.o(.bss)
    RX1_Buf                                  0x200013c8   Data         256  usart.o(.bss)
    RX3_Buf                                  0x200014c8   Data         256  usart.o(.bss)
    huart1                                   0x200015c8   Data          72  usart.o(.bss)
    huart2                                   0x20001610   Data          72  usart.o(.bss)
    huart3                                   0x20001658   Data          72  usart.o(.bss)
    hdma_usart1_rx                           0x200016a0   Data          68  usart.o(.bss)
    hdma_usart3_rx                           0x200016e4   Data          68  usart.o(.bss)
    htim1                                    0x20001728   Data          72  stm32f1xx_hal_timebase_tim.o(.bss)
    ucRTUBuf                                 0x20001790   Data         256  mbrtu.o(.bss)
    REG_HOLD_BUF                             0x20001890   Data          20  port.o(.bss)
    REG_INPUT_BUF                            0x200018a4   Data          20  port.o(.bss)
    TxHeader                                 0x200018b8   Data          24  canfestival.o(.bss)
    RxHeader                                 0x200018d0   Data          28  canfestival.o(.bss)
    TestSlave_obj1600                        0x200018ec   Data          32  testslave.o(.bss)
    TestSlave_obj1601                        0x2000190c   Data          32  testslave.o(.bss)
    TestSlave_obj1602                        0x2000192c   Data          32  testslave.o(.bss)
    TestSlave_obj1603                        0x2000194c   Data          32  testslave.o(.bss)
    TestSlave_Index1800_callbacks            0x2000196c   Data          28  testslave.o(.bss)
    TestSlave_Index1801_callbacks            0x20001988   Data          28  testslave.o(.bss)
    TestSlave_Index1802_callbacks            0x200019a4   Data          28  testslave.o(.bss)
    TestSlave_Index1803_callbacks            0x200019c0   Data          28  testslave.o(.bss)
    DeviceInfo_callbacks                     0x200019dc   Data          44  testslave.o(.bss)
    TestSlave_obj1A00                        0x20001a08   Data          32  testslave.o(.bss)
    TestSlave_obj1A01                        0x20001a28   Data          32  testslave.o(.bss)
    TestSlave_obj1A02                        0x20001a48   Data          32  testslave.o(.bss)
    TestSlave_obj1A03                        0x20001a68   Data          32  testslave.o(.bss)
    timers                                   0x20001a88   Data         192  timer.o(.bss)
    __heap_base                              0x20002838   Data           0  startup_stm32f103xb.o(HEAP)
    __heap_limit                             0x20002a38   Data           0  startup_stm32f103xb.o(HEAP)
    __initial_sp                             0x20002e38   Data           0  startup_stm32f103xb.o(STACK)



==============================================================================

Memory Map of the image

  Image Entry point : 0x080000ed

  Load Region LR_IROM1 (Base: 0x08000000, Size: 0x0000cbfc, Max: 0x00010000, ABSOLUTE, COMPRESSED[0x0000c320])

    Execution Region ER_IROM1 (Exec base: 0x08000000, Load base: 0x08000000, Size: 0x0000bfd4, Max: 0x00010000, ABSOLUTE)

    Exec Addr    Load Addr    Size         Type   Attr      Idx    E Section Name        Object

    0x08000000   0x08000000   0x000000ec   Data   RO            3    RESET               startup_stm32f103xb.o
    0x080000ec   0x080000ec   0x00000000   Code   RO         8298  * .ARM.Collect$$$$00000000  mc_w.l(entry.o)
    0x080000ec   0x080000ec   0x00000004   Code   RO         8652    .ARM.Collect$$$$00000001  mc_w.l(entry2.o)
    0x080000f0   0x080000f0   0x00000004   Code   RO         8655    .ARM.Collect$$$$00000004  mc_w.l(entry5.o)
    0x080000f4   0x080000f4   0x00000000   Code   RO         8657    .ARM.Collect$$$$00000008  mc_w.l(entry7b.o)
    0x080000f4   0x080000f4   0x00000000   Code   RO         8659    .ARM.Collect$$$$0000000A  mc_w.l(entry8b.o)
    0x080000f4   0x080000f4   0x00000008   Code   RO         8660    .ARM.Collect$$$$0000000B  mc_w.l(entry9a.o)
    0x080000fc   0x080000fc   0x00000004   Code   RO         8667    .ARM.Collect$$$$0000000E  mc_w.l(entry12b.o)
    0x08000100   0x08000100   0x00000000   Code   RO         8662    .ARM.Collect$$$$0000000F  mc_w.l(entry10a.o)
    0x08000100   0x08000100   0x00000000   Code   RO         8664    .ARM.Collect$$$$00000011  mc_w.l(entry11a.o)
    0x08000100   0x08000100   0x00000004   Code   RO         8653    .ARM.Collect$$$$00002712  mc_w.l(entry2.o)
    0x08000104   0x08000104   0x00000096   Code   RO         8217    .emb_text           port_1.o
    0x0800019a   0x0800019a   0x00000002   PAD
    0x0800019c   0x0800019c   0x00000024   Code   RO            4    .text               startup_stm32f103xb.o
    0x080001c0   0x080001c0   0x00000020   Code   RO         8301    .text               mc_w.l(llushr.o)
    0x080001e0   0x080001e0   0x0000000c   Code   RO         8303    .text               mc_w.l(tolower.o)
    0x080001ec   0x080001ec   0x00000024   Code   RO         8307    .text               mc_w.l(memcpya.o)
    0x08000210   0x08000210   0x00000024   Code   RO         8311    .text               mc_w.l(memseta.o)
    0x08000234   0x08000234   0x00000024   Code   RO         8313    .text               mc_w.l(strstr.o)
    0x08000258   0x08000258   0x0000000e   Code   RO         8315    .text               mc_w.l(strlen.o)
    0x08000266   0x08000266   0x0000001c   Code   RO         8317    .text               mc_w.l(strcmp.o)
    0x08000282   0x08000282   0x0000001a   Code   RO         8319    .text               mc_w.l(memcmp.o)
    0x0800029c   0x0800029c   0x00000012   Code   RO         8321    .text               mc_w.l(strcpy.o)
    0x080002ae   0x080002ae   0x0000001e   Code   RO         8323    .text               mc_w.l(strncmp.o)
    0x080002cc   0x080002cc   0x00000360   Code   RO         8618    .text               mc_w.l(scanf_fp.o)
    0x0800062c   0x0800062c   0x00000064   Code   RO         8622    .text               mf_w.l(fmul.o)
    0x08000690   0x08000690   0x0000007c   Code   RO         8624    .text               mf_w.l(fdiv.o)
    0x0800070c   0x0800070c   0x0000014e   Code   RO         8626    .text               mf_w.l(dadd.o)
    0x0800085a   0x0800085a   0x000000e4   Code   RO         8628    .text               mf_w.l(dmul.o)
    0x0800093e   0x0800093e   0x000000de   Code   RO         8630    .text               mf_w.l(ddiv.o)
    0x08000a1c   0x08000a1c   0x0000002e   Code   RO         8632    .text               mf_w.l(dscalb.o)
    0x08000a4a   0x08000a4a   0x0000000a   Code   RO         8634    .text               mf_w.l(ffltui.o)
    0x08000a54   0x08000a54   0x0000001a   Code   RO         8638    .text               mf_w.l(dfltui.o)
    0x08000a6e   0x08000a6e   0x00000028   Code   RO         8640    .text               mf_w.l(ffixui.o)
    0x08000a96   0x08000a96   0x0000003e   Code   RO         8642    .text               mf_w.l(dfixi.o)
    0x08000ad4   0x08000ad4   0x00000030   Code   RO         8646    .text               mf_w.l(cdcmple.o)
    0x08000b04   0x08000b04   0x00000030   Code   RO         8648    .text               mf_w.l(cdrcmple.o)
    0x08000b34   0x08000b34   0x00000038   Code   RO         8650    .text               mf_w.l(d2f.o)
    0x08000b6c   0x08000b6c   0x0000002c   Code   RO         8669    .text               mc_w.l(uidiv.o)
    0x08000b98   0x08000b98   0x00000062   Code   RO         8671    .text               mc_w.l(uldiv.o)
    0x08000bfa   0x08000bfa   0x0000001e   Code   RO         8673    .text               mc_w.l(llshl.o)
    0x08000c18   0x08000c18   0x00000024   Code   RO         8675    .text               mc_w.l(llsshr.o)
    0x08000c3c   0x08000c3c   0x00000040   Code   RO         8681    .text               mc_w.l(_sgetc.o)
    0x08000c7c   0x08000c7c   0x0000009c   Code   RO         8683    .text               mc_w.l(strtod.o)
    0x08000d18   0x08000d18   0x00000000   Code   RO         8685    .text               mc_w.l(iusefp.o)
    0x08000d18   0x08000d18   0x0000006e   Code   RO         8686    .text               mf_w.l(fepilogue.o)
    0x08000d86   0x08000d86   0x000000ba   Code   RO         8688    .text               mf_w.l(depilogue.o)
    0x08000e40   0x08000e40   0x00000018   Code   RO         8690    .text               mf_w.l(dfltul.o)
    0x08000e58   0x08000e58   0x00000030   Code   RO         8692    .text               mf_w.l(dfixul.o)
    0x08000e88   0x08000e88   0x00000024   Code   RO         8694    .text               mc_w.l(init.o)
    0x08000eac   0x08000eac   0x0000000a   Code   RO         8696    .text               mc_w.l(isspace_c.o)
    0x08000eb6   0x08000eb6   0x00000002   PAD
    0x08000eb8   0x08000eb8   0x00000028   Code   RO         8700    .text               mc_w.l(ctype_c.o)
    0x08000ee0   0x08000ee0   0x00000056   Code   RO         8711    .text               mc_w.l(__dczerorl2.o)
    0x08000f36   0x08000f36   0x00000002   PAD
    0x08000f38   0x08000f38   0x00000056   Code   RO         4654    i.ADC_ConversionStop_Disable  stm32f1xx_hal_adc.o
    0x08000f8e   0x08000f8e   0x00000002   PAD
    0x08000f90   0x08000f90   0x0000007c   Code   RO         4658    i.ADC_Enable        stm32f1xx_hal_adc.o
    0x0800100c   0x0800100c   0x00000120   Code   RO         1587    i.ADC_VR_CPU_Read   adc.o
    0x0800112c   0x0800112c   0x0000002c   Code   RO           13    i.AHT20_DeInit      aht20.o
    0x08001158   0x08001158   0x00000040   Code   RO           14    i.AHT20_Init        aht20.o
    0x08001198   0x08001198   0x00000038   Code   RO           15    i.AHT20_Read        aht20.o
    0x080011d0   0x080011d0   0x000000fc   Code   RO           16    i.AHT20_ReadData    aht20.o
    0x080012cc   0x080012cc   0x00000020   Code   RO           17    i.AHT20_Read_Status  aht20.o
    0x080012ec   0x080012ec   0x00000020   Code   RO         1477    i.BEEP_Control      gpio.o
    0x0800130c   0x0800130c   0x00000002   Code   RO         1822    i.BusFault_Handler  stm32f1xx_it.o
    0x0800130e   0x0800130e   0x00000002   PAD
    0x08001310   0x08001310   0x0000003c   Code   RO         1525    i.CANopenTask       freertos.o
    0x0800134c   0x0800134c   0x00000050   Code   RO         2490    i.CanFestival_Can_Init  canfestival.o
    0x0800139c   0x0800139c   0x0000002c   Code   RO         2683    i.ConsumerHeartbeatAlarm  lifegrd.o
    0x080013c8   0x080013c8   0x000000a0   Code   RO         2944    i.CopyBits          pdo.o
    0x08001468   0x08001468   0x0000000c   Code   RO         1823    i.DMA1_Channel3_IRQHandler  stm32f1xx_it.o
    0x08001474   0x08001474   0x0000000c   Code   RO         1824    i.DMA1_Channel5_IRQHandler  stm32f1xx_it.o
    0x08001480   0x08001480   0x0000002a   Code   RO         5310    i.DMA_SetConfig     stm32f1xx_hal_dma.o
    0x080014aa   0x080014aa   0x00000002   Code   RO         1825    i.DebugMon_Handler  stm32f1xx_it.o
    0x080014ac   0x080014ac   0x0000002c   Code   RO         3568    i.DelAlarm          timer.o
    0x080014d8   0x080014d8   0x00000030   Code   RO          852    i.Dequeue           fifo.o
    0x08001508   0x08001508   0x00000044   Code   RO          853    i.Enqueue           fifo.o
    0x0800154c   0x0800154c   0x00000030   Code   RO          854    i.Enqueue_Bytes     fifo.o
    0x0800157c   0x0800157c   0x00000004   Code   RO         1366    i.Error_Handler     main.o
    0x08001580   0x08001580   0x00000034   Code   RO         1107    i.Get_CPUID         mqtt.o
    0x080015b4   0x080015b4   0x00000062   Code   RO         2684    i.GuardTimeAlarm    lifegrd.o
    0x08001616   0x08001616   0x00000002   PAD
    0x08001618   0x08001618   0x000000d8   Code   RO         4834    i.HAL_ADCEx_Calibration_Start  stm32f1xx_hal_adc_ex.o
    0x080016f0   0x080016f0   0x000000fc   Code   RO         4660    i.HAL_ADC_ConfigChannel  stm32f1xx_hal_adc.o
    0x080017ec   0x080017ec   0x00000006   Code   RO         4667    i.HAL_ADC_GetValue  stm32f1xx_hal_adc.o
    0x080017f2   0x080017f2   0x00000002   PAD
    0x080017f4   0x080017f4   0x0000011c   Code   RO         4669    i.HAL_ADC_Init      stm32f1xx_hal_adc.o
    0x08001910   0x08001910   0x00000058   Code   RO         1589    i.HAL_ADC_MspInit   adc.o
    0x08001968   0x08001968   0x0000013c   Code   RO         4673    i.HAL_ADC_PollForConversion  stm32f1xx_hal_adc.o
    0x08001aa4   0x08001aa4   0x000000c0   Code   RO         4675    i.HAL_ADC_Start     stm32f1xx_hal_adc.o
    0x08001b64   0x08001b64   0x00000024   Code   RO         5908    i.HAL_CAN_ActivateNotification  stm32f1xx_hal_can.o
    0x08001b88   0x08001b88   0x000000d0   Code   RO         5909    i.HAL_CAN_AddTxMessage  stm32f1xx_hal_can.o
    0x08001c58   0x08001c58   0x000000ee   Code   RO         5910    i.HAL_CAN_ConfigFilter  stm32f1xx_hal_can.o
    0x08001d46   0x08001d46   0x00000002   Code   RO         5913    i.HAL_CAN_ErrorCallback  stm32f1xx_hal_can.o
    0x08001d48   0x08001d48   0x000000f4   Code   RO         5916    i.HAL_CAN_GetRxMessage  stm32f1xx_hal_can.o
    0x08001e3c   0x08001e3c   0x000001fc   Code   RO         5920    i.HAL_CAN_IRQHandler  stm32f1xx_hal_can.o
    0x08002038   0x08002038   0x0000011a   Code   RO         5921    i.HAL_CAN_Init      stm32f1xx_hal_can.o
    0x08002152   0x08002152   0x00000002   PAD
    0x08002154   0x08002154   0x0000007c   Code   RO          811    i.HAL_CAN_MspInit   f1can.o
    0x080021d0   0x080021d0   0x00000002   Code   RO         5928    i.HAL_CAN_RxFifo0FullCallback  stm32f1xx_hal_can.o
    0x080021d2   0x080021d2   0x00000002   PAD
    0x080021d4   0x080021d4   0x00000044   Code   RO         2491    i.HAL_CAN_RxFifo0MsgPendingCallback  canfestival.o
    0x08002218   0x08002218   0x00000002   Code   RO         5930    i.HAL_CAN_RxFifo1FullCallback  stm32f1xx_hal_can.o
    0x0800221a   0x0800221a   0x00000002   Code   RO         5931    i.HAL_CAN_RxFifo1MsgPendingCallback  stm32f1xx_hal_can.o
    0x0800221c   0x0800221c   0x00000002   Code   RO         5932    i.HAL_CAN_SleepCallback  stm32f1xx_hal_can.o
    0x0800221e   0x0800221e   0x00000002   PAD
    0x08002220   0x08002220   0x00000058   Code   RO         5933    i.HAL_CAN_Start     stm32f1xx_hal_can.o
    0x08002278   0x08002278   0x00000002   Code   RO         5935    i.HAL_CAN_TxMailbox0AbortCallback  stm32f1xx_hal_can.o
    0x0800227a   0x0800227a   0x00000002   Code   RO         5936    i.HAL_CAN_TxMailbox0CompleteCallback  stm32f1xx_hal_can.o
    0x0800227c   0x0800227c   0x00000002   Code   RO         5937    i.HAL_CAN_TxMailbox1AbortCallback  stm32f1xx_hal_can.o
    0x0800227e   0x0800227e   0x00000002   Code   RO         5938    i.HAL_CAN_TxMailbox1CompleteCallback  stm32f1xx_hal_can.o
    0x08002280   0x08002280   0x00000002   Code   RO         5939    i.HAL_CAN_TxMailbox2AbortCallback  stm32f1xx_hal_can.o
    0x08002282   0x08002282   0x00000002   Code   RO         5940    i.HAL_CAN_TxMailbox2CompleteCallback  stm32f1xx_hal_can.o
    0x08002284   0x08002284   0x00000002   Code   RO         5942    i.HAL_CAN_WakeUpFromRxMsgCallback  stm32f1xx_hal_can.o
    0x08002286   0x08002286   0x00000046   Code   RO         5311    i.HAL_DMA_Abort     stm32f1xx_hal_dma.o
    0x080022cc   0x080022cc   0x00000098   Code   RO         5312    i.HAL_DMA_Abort_IT  stm32f1xx_hal_dma.o
    0x08002364   0x08002364   0x00000154   Code   RO         5316    i.HAL_DMA_IRQHandler  stm32f1xx_hal_dma.o
    0x080024b8   0x080024b8   0x0000005c   Code   RO         5317    i.HAL_DMA_Init      stm32f1xx_hal_dma.o
    0x08002514   0x08002514   0x00000070   Code   RO         5321    i.HAL_DMA_Start_IT  stm32f1xx_hal_dma.o
    0x08002584   0x08002584   0x00000024   Code   RO         4937    i.HAL_Delay         stm32f1xx_hal.o
    0x080025a8   0x080025a8   0x000001e0   Code   RO         5247    i.HAL_GPIO_Init     stm32f1xx_hal_gpio.o
    0x08002788   0x08002788   0x0000000a   Code   RO         5251    i.HAL_GPIO_WritePin  stm32f1xx_hal_gpio.o
    0x08002792   0x08002792   0x00000002   PAD
    0x08002794   0x08002794   0x0000000c   Code   RO         4941    i.HAL_GetTick       stm32f1xx_hal.o
    0x080027a0   0x080027a0   0x00000188   Code   RO         6152    i.HAL_I2C_Init      stm32f1xx_hal_i2c.o
    0x08002928   0x08002928   0x00000250   Code   RO         6158    i.HAL_I2C_Master_Receive  stm32f1xx_hal_i2c.o
    0x08002b78   0x08002b78   0x0000012c   Code   RO         6165    i.HAL_I2C_Master_Transmit  stm32f1xx_hal_i2c.o
    0x08002ca4   0x08002ca4   0x0000025c   Code   RO         6170    i.HAL_I2C_Mem_Read  stm32f1xx_hal_i2c.o
    0x08002f00   0x08002f00   0x00000130   Code   RO         6173    i.HAL_I2C_Mem_Write  stm32f1xx_hal_i2c.o
    0x08003030   0x08003030   0x0000005c   Code   RO         1660    i.HAL_I2C_MspInit   i2c.o
    0x0800308c   0x0800308c   0x00000010   Code   RO         4947    i.HAL_IncTick       stm32f1xx_hal.o
    0x0800309c   0x0800309c   0x00000024   Code   RO         4948    i.HAL_Init          stm32f1xx_hal.o
    0x080030c0   0x080030c0   0x0000008c   Code   RO         1967    i.HAL_InitTick      stm32f1xx_hal_timebase_tim.o
    0x0800314c   0x0800314c   0x00000048   Code   RO         1943    i.HAL_MspInit       stm32f1xx_hal_msp.o
    0x08003194   0x08003194   0x0000001a   Code   RO         5407    i.HAL_NVIC_EnableIRQ  stm32f1xx_hal_cortex.o
    0x080031ae   0x080031ae   0x00000002   PAD
    0x080031b0   0x080031b0   0x00000040   Code   RO         5413    i.HAL_NVIC_SetPriority  stm32f1xx_hal_cortex.o
    0x080031f0   0x080031f0   0x00000024   Code   RO         5414    i.HAL_NVIC_SetPriorityGrouping  stm32f1xx_hal_cortex.o
    0x08003214   0x08003214   0x000000a4   Code   RO         5208    i.HAL_RCCEx_GetPeriphCLKFreq  stm32f1xx_hal_rcc_ex.o
    0x080032b8   0x080032b8   0x000000ec   Code   RO         5209    i.HAL_RCCEx_PeriphCLKConfig  stm32f1xx_hal_rcc_ex.o
    0x080033a4   0x080033a4   0x0000012c   Code   RO         5105    i.HAL_RCC_ClockConfig  stm32f1xx_hal_rcc.o
    0x080034d0   0x080034d0   0x00000040   Code   RO         5109    i.HAL_RCC_GetClockConfig  stm32f1xx_hal_rcc.o
    0x08003510   0x08003510   0x00000020   Code   RO         5112    i.HAL_RCC_GetPCLK1Freq  stm32f1xx_hal_rcc.o
    0x08003530   0x08003530   0x00000020   Code   RO         5113    i.HAL_RCC_GetPCLK2Freq  stm32f1xx_hal_rcc.o
    0x08003550   0x08003550   0x0000004c   Code   RO         5114    i.HAL_RCC_GetSysClockFreq  stm32f1xx_hal_rcc.o
    0x0800359c   0x0800359c   0x00000320   Code   RO         5117    i.HAL_RCC_OscConfig  stm32f1xx_hal_rcc.o
    0x080038bc   0x080038bc   0x00000002   Code   RO         4387    i.HAL_TIMEx_BreakCallback  stm32f1xx_hal_tim_ex.o
    0x080038be   0x080038be   0x00000002   Code   RO         4388    i.HAL_TIMEx_CommutCallback  stm32f1xx_hal_tim_ex.o
    0x080038c0   0x080038c0   0x00000068   Code   RO         4406    i.HAL_TIMEx_MasterConfigSynchronization  stm32f1xx_hal_tim_ex.o
    0x08003928   0x08003928   0x0000005a   Code   RO         3683    i.HAL_TIM_Base_Init  stm32f1xx_hal_tim.o
    0x08003982   0x08003982   0x00000002   PAD
    0x08003984   0x08003984   0x00000088   Code   RO         1702    i.HAL_TIM_Base_MspInit  tim.o
    0x08003a0c   0x08003a0c   0x00000058   Code   RO         3688    i.HAL_TIM_Base_Start_IT  stm32f1xx_hal_tim.o
    0x08003a64   0x08003a64   0x00000026   Code   RO         3689    i.HAL_TIM_Base_Stop  stm32f1xx_hal_tim.o
    0x08003a8a   0x08003a8a   0x000000dc   Code   RO         3692    i.HAL_TIM_ConfigClockSource  stm32f1xx_hal_tim.o
    0x08003b66   0x08003b66   0x00000002   Code   RO         3717    i.HAL_TIM_IC_CaptureCallback  stm32f1xx_hal_tim.o
    0x08003b68   0x08003b68   0x00000130   Code   RO         3731    i.HAL_TIM_IRQHandler  stm32f1xx_hal_tim.o
    0x08003c98   0x08003c98   0x00000002   Code   RO         3734    i.HAL_TIM_OC_DelayElapsedCallback  stm32f1xx_hal_tim.o
    0x08003c9a   0x08003c9a   0x00000002   Code   RO         3761    i.HAL_TIM_PWM_PulseFinishedCallback  stm32f1xx_hal_tim.o
    0x08003c9c   0x08003c9c   0x00000064   Code   RO         1367    i.HAL_TIM_PeriodElapsedCallback  main.o
    0x08003d00   0x08003d00   0x00000002   Code   RO         3774    i.HAL_TIM_TriggerCallback  stm32f1xx_hal_tim.o
    0x08003d02   0x08003d02   0x00000002   Code   RO         6590    i.HAL_UARTEx_RxEventCallback  stm32f1xx_hal_uart.o
    0x08003d04   0x08003d04   0x00000070   Code   RO         6602    i.HAL_UART_DMAStop  stm32f1xx_hal_uart.o
    0x08003d74   0x08003d74   0x00000002   Code   RO         6604    i.HAL_UART_ErrorCallback  stm32f1xx_hal_uart.o
    0x08003d76   0x08003d76   0x00000002   PAD
    0x08003d78   0x08003d78   0x0000026c   Code   RO         6607    i.HAL_UART_IRQHandler  stm32f1xx_hal_uart.o
    0x08003fe4   0x08003fe4   0x00000064   Code   RO         6608    i.HAL_UART_Init     stm32f1xx_hal_uart.o
    0x08004048   0x08004048   0x000001a0   Code   RO         1756    i.HAL_UART_MspInit  usart.o
    0x080041e8   0x080041e8   0x0000001c   Code   RO         6612    i.HAL_UART_Receive_DMA  stm32f1xx_hal_uart.o
    0x08004204   0x08004204   0x00000074   Code   RO         1826    i.HAL_UART_RxCpltCallback  stm32f1xx_it.o
    0x08004278   0x08004278   0x00000088   Code   RO         1827    i.HAL_UART_RxHalfCpltCallback  stm32f1xx_it.o
    0x08004300   0x08004300   0x000000a0   Code   RO         6616    i.HAL_UART_Transmit  stm32f1xx_hal_uart.o
    0x080043a0   0x080043a0   0x00000002   Code   RO         6619    i.HAL_UART_TxCpltCallback  stm32f1xx_hal_uart.o
    0x080043a2   0x080043a2   0x00000002   Code   RO         1828    i.HardFault_Handler  stm32f1xx_it.o
    0x080043a4   0x080043a4   0x0000002e   Code   RO         6195    i.I2C_IsAcknowledgeFailed  stm32f1xx_hal_i2c.o
    0x080043d2   0x080043d2   0x00000002   PAD
    0x080043d4   0x080043d4   0x000000ec   Code   RO         6198    i.I2C_MasterRequestRead  stm32f1xx_hal_i2c.o
    0x080044c0   0x080044c0   0x0000009c   Code   RO         6199    i.I2C_MasterRequestWrite  stm32f1xx_hal_i2c.o
    0x0800455c   0x0800455c   0x000000fc   Code   RO         6205    i.I2C_RequestMemoryRead  stm32f1xx_hal_i2c.o
    0x08004658   0x08004658   0x000000a8   Code   RO         6206    i.I2C_RequestMemoryWrite  stm32f1xx_hal_i2c.o
    0x08004700   0x08004700   0x00000056   Code   RO         6210    i.I2C_WaitOnBTFFlagUntilTimeout  stm32f1xx_hal_i2c.o
    0x08004756   0x08004756   0x00000002   PAD
    0x08004758   0x08004758   0x00000090   Code   RO         6211    i.I2C_WaitOnFlagUntilTimeout  stm32f1xx_hal_i2c.o
    0x080047e8   0x080047e8   0x000000bc   Code   RO         6212    i.I2C_WaitOnMasterAddressFlagUntilTimeout  stm32f1xx_hal_i2c.o
    0x080048a4   0x080048a4   0x00000070   Code   RO         6213    i.I2C_WaitOnRXNEFlagUntilTimeout  stm32f1xx_hal_i2c.o
    0x08004914   0x08004914   0x00000056   Code   RO         6214    i.I2C_WaitOnTXEFlagUntilTimeout  stm32f1xx_hal_i2c.o
    0x0800496a   0x0800496a   0x00000002   PAD
    0x0800496c   0x0800496c   0x0000004c   Code   RO          914    i.INA226_Init       ina226.o
    0x080049b8   0x080049b8   0x00000080   Code   RO          915    i.INA226_Read       ina226.o
    0x08004a38   0x08004a38   0x00000038   Code   RO          916    i.INA226_Read_Bus_Voltage  ina226.o
    0x08004a70   0x08004a70   0x00000038   Code   RO          917    i.INA226_Read_Current  ina226.o
    0x08004aa8   0x08004aa8   0x00000038   Code   RO          918    i.INA226_Read_Pow   ina226.o
    0x08004ae0   0x08004ae0   0x00000030   Code   RO         1478    i.LED_Control       gpio.o
    0x08004b10   0x08004b10   0x000001f0   Code   RO         1108    i.ML307_Connect_MQTTServer  mqtt.o
    0x08004d00   0x08004d00   0x00000014   Code   RO         1526    i.MQTTTask          freertos.o
    0x08004d14   0x08004d14   0x00000044   Code   RO         1109    i.MQTT_Connect_Server  mqtt.o
    0x08004d58   0x08004d58   0x000000d4   Code   RO         1110    i.MQTT_Parse_JsonData  mqtt.o
    0x08004e2c   0x08004e2c   0x000000a8   Code   RO         1111    i.MQTT_SendData     mqtt.o
    0x08004ed4   0x08004ed4   0x00000054   Code   RO         1590    i.MX_ADC1_Init      adc.o
    0x08004f28   0x08004f28   0x00000044   Code   RO          812    i.MX_CAN_Init       f1can.o
    0x08004f6c   0x08004f6c   0x0000003c   Code   RO         1635    i.MX_DMA_Init       dma.o
    0x08004fa8   0x08004fa8   0x00000054   Code   RO         1527    i.MX_FREERTOS_Init  freertos.o
    0x08004ffc   0x08004ffc   0x000000c8   Code   RO         1479    i.MX_GPIO_Init      gpio.o
    0x080050c4   0x080050c4   0x00000040   Code   RO         1661    i.MX_I2C1_Init      i2c.o
    0x08005104   0x08005104   0x00000068   Code   RO         1703    i.MX_TIM2_Init      tim.o
    0x0800516c   0x0800516c   0x00000068   Code   RO         1704    i.MX_TIM3_Init      tim.o
    0x080051d4   0x080051d4   0x00000068   Code   RO         1705    i.MX_TIM4_Init      tim.o
    0x0800523c   0x0800523c   0x00000038   Code   RO         1757    i.MX_USART1_UART_Init  usart.o
    0x08005274   0x08005274   0x00000038   Code   RO         1758    i.MX_USART2_UART_Init  usart.o
    0x080052ac   0x080052ac   0x00000038   Code   RO         1759    i.MX_USART3_UART_Init  usart.o
    0x080052e4   0x080052e4   0x00000002   Code   RO         1829    i.MemManage_Handler  stm32f1xx_it.o
    0x080052e6   0x080052e6   0x00000010   Code   RO         1528    i.ModbusTask        freertos.o
    0x080052f6   0x080052f6   0x00000002   PAD
    0x080052f8   0x080052f8   0x00000088   Code   RO          969    i.Modbus_Init       modbus.o
    0x08005380   0x08005380   0x00000098   Code   RO          970    i.Modbus_Parse      modbus.o
    0x08005418   0x08005418   0x00000002   Code   RO         1830    i.NMI_Handler       stm32f1xx_it.o
    0x0800541a   0x0800541a   0x00000006   Code   RO         1186    i.OLED_CLS          oled.o
    0x08005420   0x08005420   0x00000038   Code   RO         1188    i.OLED_Fill         oled.o
    0x08005458   0x08005458   0x000000b4   Code   RO         1189    i.OLED_Init         oled.o
    0x0800550c   0x0800550c   0x00000026   Code   RO         1192    i.OLED_SetPos       oled.o
    0x08005532   0x08005532   0x00000002   PAD
    0x08005534   0x08005534   0x000000d8   Code   RO         1194    i.OLED_ShowStr      oled.o
    0x0800560c   0x0800560c   0x0000000a   Code   RO         3322    i.OnCOB_ID_SyncUpdate  sync.o
    0x08005616   0x08005616   0x00000012   Code   RO         2685    i.OnHeartbeatProducerUpdate  lifegrd.o
    0x08005628   0x08005628   0x00000012   Code   RO         2686    i.OnNodeGuardUpdate  lifegrd.o
    0x0800563a   0x0800563a   0x00000002   PAD
    0x0800563c   0x0800563c   0x00000028   Code   RO         2619    i.OnNumberOfErrorsUpdate  emcy.o
    0x08005664   0x08005664   0x00000028   Code   RO         2945    i.PDOEventTimerAlarm  pdo.o
    0x0800568c   0x0800568c   0x0000002a   Code   RO         2946    i.PDOInhibitTimerAlarm  pdo.o
    0x080056b6   0x080056b6   0x00000002   PAD
    0x080056b8   0x080056b8   0x00000058   Code   RO         2947    i.PDOInit           pdo.o
    0x08005710   0x08005710   0x00000068   Code   RO         2948    i.PDOStop           pdo.o
    0x08005778   0x08005778   0x00000044   Code   RO         2687    i.ProducerHeartbeatAlarm  lifegrd.o
    0x080057bc   0x080057bc   0x00000016   Code   RO          855    i.Queue_Init        fifo.o
    0x080057d2   0x080057d2   0x00000010   Code   RO          856    i.Queue_IsEmpty     fifo.o
    0x080057e2   0x080057e2   0x00000022   Code   RO          857    i.Queue_IsFull      fifo.o
    0x08005804   0x08005804   0x00000020   Code   RO         1480    i.RELAY_Control     gpio.o
    0x08005824   0x08005824   0x0000002c   Code   RO          971    i.Read_SlaveAddress  modbus.o
    0x08005850   0x08005850   0x00000024   Code   RO         2890    i.RegisterSetODentryCallBack  objacces.o
    0x08005874   0x08005874   0x0000007c   Code   RO         3046    i.SDOTimeoutAlarm   sdo.o
    0x080058f0   0x080058f0   0x00000030   Code   RO         3047    i.SDOlineToObjdict  sdo.o
    0x08005920   0x08005920   0x00000036   Code   RO         3048    i.SDOtoLine         sdo.o
    0x08005956   0x08005956   0x00000002   PAD
    0x08005958   0x08005958   0x00000090   Code   RO         3569    i.SetAlarm          timer.o
    0x080059e8   0x080059e8   0x00000004   Code   RO         3323    i.SyncAlarm         sync.o
    0x080059ec   0x080059ec   0x0000002c   Code   RO         8218    i.SysTick_Handler   port_1.o
    0x08005a18   0x08005a18   0x00000078   Code   RO         1368    i.SystemClock_Config  main.o
    0x08005a90   0x08005a90   0x00000002   Code   RO         6942    i.SystemInit        system_stm32f1xx_1.o
    0x08005a92   0x08005a92   0x00000002   PAD
    0x08005a94   0x08005a94   0x0000000c   Code   RO         1831    i.TIM1_UP_IRQHandler  stm32f1xx_it.o
    0x08005aa0   0x08005aa0   0x00000014   Code   RO         1832    i.TIM2_IRQHandler   stm32f1xx_it.o
    0x08005ab4   0x08005ab4   0x00000020   Code   RO         2448    i.TIM3_IRQHandler   porttimer.o
    0x08005ad4   0x08005ad4   0x0000000c   Code   RO         1833    i.TIM4_IRQHandler   stm32f1xx_it.o
    0x08005ae0   0x08005ae0   0x00000078   Code   RO         3776    i.TIM_Base_SetConfig  stm32f1xx_hal_tim.o
    0x08005b58   0x08005b58   0x00000014   Code   RO         3787    i.TIM_ETR_SetConfig  stm32f1xx_hal_tim.o
    0x08005b6c   0x08005b6c   0x00000010   Code   RO         3788    i.TIM_ITRx_SetConfig  stm32f1xx_hal_tim.o
    0x08005b7c   0x08005b7c   0x00000022   Code   RO         3794    i.TIM_TI1_ConfigInputStage  stm32f1xx_hal_tim.o
    0x08005b9e   0x08005b9e   0x00000024   Code   RO         3796    i.TIM_TI2_ConfigInputStage  stm32f1xx_hal_tim.o
    0x08005bc2   0x08005bc2   0x00000066   Code   RO         2949    i.TPDO_Communication_Parameter_Callback  pdo.o
    0x08005c28   0x08005c28   0x00000128   Code   RO         3392    i.TestSlave_scanIndexOD  testslave.o
    0x08005d50   0x08005d50   0x00000014   Code   RO         3393    i.TestSlave_valueRangeTest  testslave.o
    0x08005d64   0x08005d64   0x00000024   Code   RO         1283    i.Test_WIFI4G_CMD_Status  wifi4g.o
    0x08005d88   0x08005d88   0x00000098   Code   RO         3570    i.TimeDispatch      timer.o
    0x08005e20   0x08005e20   0x00000010   Code   RO         6621    i.UART_DMAAbortOnError  stm32f1xx_hal_uart.o
    0x08005e30   0x08005e30   0x0000004a   Code   RO         6622    i.UART_DMAError     stm32f1xx_hal_uart.o
    0x08005e7a   0x08005e7a   0x00000086   Code   RO         6623    i.UART_DMAReceiveCplt  stm32f1xx_hal_uart.o
    0x08005f00   0x08005f00   0x0000001e   Code   RO         6625    i.UART_DMARxHalfCplt  stm32f1xx_hal_uart.o
    0x08005f1e   0x08005f1e   0x0000004e   Code   RO         6631    i.UART_EndRxTransfer  stm32f1xx_hal_uart.o
    0x08005f6c   0x08005f6c   0x0000001c   Code   RO         6632    i.UART_EndTxTransfer  stm32f1xx_hal_uart.o
    0x08005f88   0x08005f88   0x000000c2   Code   RO         6633    i.UART_Receive_IT   stm32f1xx_hal_uart.o
    0x0800604a   0x0800604a   0x00000002   PAD
    0x0800604c   0x0800604c   0x000000b8   Code   RO         6634    i.UART_SetConfig    stm32f1xx_hal_uart.o
    0x08006104   0x08006104   0x00000090   Code   RO         6635    i.UART_Start_Receive_DMA  stm32f1xx_hal_uart.o
    0x08006194   0x08006194   0x00000072   Code   RO         6637    i.UART_WaitOnFlagUntilTimeout  stm32f1xx_hal_uart.o
    0x08006206   0x08006206   0x00000002   PAD
    0x08006208   0x08006208   0x00000018   Code   RO         1834    i.USART1_IRQHandler  stm32f1xx_it.o
    0x08006220   0x08006220   0x00000044   Code   RO         2397    i.USART2_IRQHandler  portserial.o
    0x08006264   0x08006264   0x00000018   Code   RO         1835    i.USART3_IRQHandler  stm32f1xx_it.o
    0x0800627c   0x0800627c   0x0000000c   Code   RO         1836    i.USB_LP_CAN1_RX0_IRQHandler  stm32f1xx_it.o
    0x08006288   0x08006288   0x00000130   Code   RO         1837    i.USER_UART_IRQHandler  stm32f1xx_it.o
    0x080063b8   0x080063b8   0x00000002   Code   RO         1838    i.UsageFault_Handler  stm32f1xx_it.o
    0x080063ba   0x080063ba   0x00000002   PAD
    0x080063bc   0x080063bc   0x000000a0   Code   RO         1284    i.WIFI4G_Parse_Queue  wifi4g.o
    0x0800645c   0x0800645c   0x00000024   Code   RO         1195    i.WriteCmd          oled.o
    0x08006480   0x08006480   0x00000024   Code   RO         1196    i.WriteDat          oled.o
    0x080064a4   0x080064a4   0x00000028   Code   RO          972    i.Write_SlaveAddress  modbus.o
    0x080064cc   0x080064cc   0x00000002   Code   RO         2950    i._RxPDO_EventTimers_Handler  pdo.o
    0x080064ce   0x080064ce   0x00000002   PAD
    0x080064d0   0x080064d0   0x00000020   Code   RO         8560    i.__0printf         mc_w.l(printfa.o)
    0x080064f0   0x080064f0   0x00000028   Code   RO         8562    i.__0sprintf        mc_w.l(printfa.o)
    0x08006518   0x08006518   0x00000020   Code   RO         5420    i.__NVIC_SetPriority  stm32f1xx_hal_cortex.o
    0x08006538   0x08006538   0x0000005c   Code   RO         8592    i.__free$realloc    mc_w.l(mallocr.o)
    0x08006594   0x08006594   0x00000050   Code   RO         8593    i.__malloc$realloc  mc_w.l(mallocr.o)
    0x080065e4   0x080065e4   0x0000000e   Code   RO         8705    i.__scatterload_copy  mc_w.l(handlers.o)
    0x080065f2   0x080065f2   0x00000002   Code   RO         8706    i.__scatterload_null  mc_w.l(handlers.o)
    0x080065f4   0x080065f4   0x0000000e   Code   RO         8707    i.__scatterload_zeroinit  mc_w.l(handlers.o)
    0x08006602   0x08006602   0x00000002   PAD
    0x08006604   0x08006604   0x00000184   Code   RO         8567    i._fp_digits        mc_w.l(printfa.o)
    0x08006788   0x08006788   0x000000cc   Code   RO         2891    i._getODentry       objacces.o
    0x08006854   0x08006854   0x00000002   Code   RO         2688    i._heartbeatError   lifegrd.o
    0x08006856   0x08006856   0x00000002   Code   RO         3243    i._initialisation   states.o
    0x08006858   0x08006858   0x0000000e   Code   RO         8620    i._is_digit         mc_w.l(scanf_fp.o)
    0x08006866   0x08006866   0x00000002   Code   RO         2689    i._nodeguardError   lifegrd.o
    0x08006868   0x08006868   0x00000002   Code   RO         3244    i._operational      states.o
    0x0800686a   0x0800686a   0x00000002   Code   RO         2690    i._post_SlaveBootup  lifegrd.o
    0x0800686c   0x0800686c   0x00000002   Code   RO         2691    i._post_SlaveStateChange  lifegrd.o
    0x0800686e   0x0800686e   0x00000002   Code   RO         3324    i._post_TPDO        sync.o
    0x08006870   0x08006870   0x00000002   Code   RO         2620    i._post_emcy        emcy.o
    0x08006872   0x08006872   0x00000002   Code   RO         3325    i._post_sync        sync.o
    0x08006874   0x08006874   0x00000010   Code   RO         3245    i._preOperational   states.o
    0x08006884   0x08006884   0x000006b4   Code   RO         8568    i._printf_core      mc_w.l(printfa.o)
    0x08006f38   0x08006f38   0x00000024   Code   RO         8569    i._printf_post_padding  mc_w.l(printfa.o)
    0x08006f5c   0x08006f5c   0x0000002e   Code   RO         8570    i._printf_pre_padding  mc_w.l(printfa.o)
    0x08006f8a   0x08006f8a   0x0000011c   Code   RO         2951    i._sendPDOevent     pdo.o
    0x080070a6   0x080070a6   0x00000002   PAD
    0x080070a8   0x080070a8   0x000000f0   Code   RO         2892    i._setODentry       objacces.o
    0x08007198   0x08007198   0x0000000a   Code   RO         8572    i._sputc            mc_w.l(printfa.o)
    0x080071a2   0x080071a2   0x00000002   Code   RO         3246    i._stopped          states.o
    0x080071a4   0x080071a4   0x00000002   Code   RO         2893    i._storeODSubIndex  objacces.o
    0x080071a6   0x080071a6   0x00000030   Code   RO          181    i.buffer_skip_whitespace  cjson.o
    0x080071d6   0x080071d6   0x000000d6   Code   RO         2952    i.buildPDO          pdo.o
    0x080072ac   0x080072ac   0x00000050   Code   RO          213    i.cJSON_Delete      cjson.o
    0x080072fc   0x080072fc   0x00000006   Code   RO          227    i.cJSON_GetObjectItem  cjson.o
    0x08007302   0x08007302   0x00000016   Code   RO          244    i.cJSON_New_Item    cjson.o
    0x08007318   0x08007318   0x00000008   Code   RO          245    i.cJSON_Parse       cjson.o
    0x08007320   0x08007320   0x000000dc   Code   RO          247    i.cJSON_ParseWithLengthOpts  cjson.o
    0x080073fc   0x080073fc   0x00000022   Code   RO          248    i.cJSON_ParseWithOpts  cjson.o
    0x0800741e   0x0800741e   0x0000007a   Code   RO         3247    i.canDispatch       states.o
    0x08007498   0x08007498   0x0000004c   Code   RO         2492    i.canSend           canfestival.o
    0x080074e4   0x080074e4   0x00000020   Code   RO         2003    i.eMBClose          mb.o
    0x08007504   0x08007504   0x00000020   Code   RO         2004    i.eMBDisable        mb.o
    0x08007524   0x08007524   0x00000020   Code   RO         2005    i.eMBEnable         mb.o
    0x08007544   0x08007544   0x00000072   Code   RO         2116    i.eMBFuncReadCoils  mbfunccoils.o
    0x080075b6   0x080075b6   0x00000072   Code   RO         2143    i.eMBFuncReadDiscreteInputs  mbfuncdisc.o
    0x08007628   0x08007628   0x00000064   Code   RO         2161    i.eMBFuncReadHoldingRegister  mbfuncholding.o
    0x0800768c   0x0800768c   0x00000062   Code   RO         2191    i.eMBFuncReadInputRegister  mbfuncinput.o
    0x080076ee   0x080076ee   0x0000009c   Code   RO         2162    i.eMBFuncReadWriteMultipleHoldingRegister  mbfuncholding.o
    0x0800778a   0x0800778a   0x00000002   PAD
    0x0800778c   0x0800778c   0x00000024   Code   RO         2203    i.eMBFuncReportSlaveID  mbfuncother.o
    0x080077b0   0x080077b0   0x00000056   Code   RO         2117    i.eMBFuncWriteCoil  mbfunccoils.o
    0x08007806   0x08007806   0x00000032   Code   RO         2163    i.eMBFuncWriteHoldingRegister  mbfuncholding.o
    0x08007838   0x08007838   0x00000064   Code   RO         2118    i.eMBFuncWriteMultipleCoils  mbfunccoils.o
    0x0800789c   0x0800789c   0x0000004e   Code   RO         2164    i.eMBFuncWriteMultipleHoldingRegister  mbfuncholding.o
    0x080078ea   0x080078ea   0x00000002   PAD
    0x080078ec   0x080078ec   0x00000084   Code   RO         2006    i.eMBInit           mb.o
    0x08007970   0x08007970   0x000000c0   Code   RO         2007    i.eMBPoll           mb.o
    0x08007a30   0x08007a30   0x00000040   Code   RO         2224    i.eMBRTUInit        mbrtu.o
    0x08007a70   0x08007a70   0x00000050   Code   RO         2225    i.eMBRTUReceive     mbrtu.o
    0x08007ac0   0x08007ac0   0x00000058   Code   RO         2226    i.eMBRTUSend        mbrtu.o
    0x08007b18   0x08007b18   0x0000001c   Code   RO         2227    i.eMBRTUStart       mbrtu.o
    0x08007b34   0x08007b34   0x00000012   Code   RO         2228    i.eMBRTUStop        mbrtu.o
    0x08007b46   0x08007b46   0x00000002   PAD
    0x08007b48   0x08007b48   0x0000009c   Code   RO         2318    i.eMBRegCoilsCB     port.o
    0x08007be4   0x08007be4   0x00000080   Code   RO         2319    i.eMBRegDiscreteCB  port.o
    0x08007c64   0x08007c64   0x00000068   Code   RO         2320    i.eMBRegHoldingCB   port.o
    0x08007ccc   0x08007ccc   0x00000050   Code   RO         2321    i.eMBRegInputCB     port.o
    0x08007d1c   0x08007d1c   0x00000020   Code   RO         2621    i.emergencyInit     emcy.o
    0x08007d3c   0x08007d3c   0x00000002   Code   RO         2622    i.emergencyStop     emcy.o
    0x08007d3e   0x08007d3e   0x00000088   Code   RO         3052    i.failedSDO         sdo.o
    0x08007dc6   0x08007dc6   0x00000002   PAD
    0x08007dc8   0x08007dc8   0x00000018   Code   RO         1760    i.fputc             usart.o
    0x08007de0   0x08007de0   0x00000008   Code   RO         2493    i.getElapsedTime    canfestival.o
    0x08007de8   0x08007de8   0x00000006   Code   RO         3248    i.getNodeId         states.o
    0x08007dee   0x08007dee   0x00000030   Code   RO         3054    i.getSDOfreeLine    sdo.o
    0x08007e1e   0x08007e1e   0x0000003a   Code   RO         3055    i.getSDOlineOnUse   sdo.o
    0x08007e58   0x08007e58   0x00000016   Code   RO         3056    i.getSDOlineRestBytes  sdo.o
    0x08007e6e   0x08007e6e   0x0000007a   Code   RO          267    i.get_object_item   cjson.o
    0x08007ee8   0x08007ee8   0x00000080   Code   RO         2693    i.heartbeatInit     lifegrd.o
    0x08007f68   0x08007f68   0x00000036   Code   RO         2694    i.heartbeatStop     lifegrd.o
    0x08007f9e   0x08007f9e   0x00000002   PAD
    0x08007fa0   0x08007fa0   0x0000008c   Code   RO         3059    i.initSDOline       sdo.o
    0x0800802c   0x0800802c   0x00000050   Code   RO         8594    i.internal_alloc    mc_w.l(mallocr.o)
    0x0800807c   0x0800807c   0x00000012   Code   RO         2695    i.lifeGuardInit     lifegrd.o
    0x0800808e   0x0800808e   0x00000012   Code   RO         2696    i.lifeGuardStop     lifegrd.o
    0x080080a0   0x080080a0   0x0000003c   Code   RO         3060    i.lineToSDO         sdo.o
    0x080080dc   0x080080dc   0x000000f0   Code   RO         1369    i.main              main.o
    0x080081cc   0x080081cc   0x0000000c   Code   RO         7783    i.makeFreeRtosPriority  cmsis_os.o
    0x080081d8   0x080081d8   0x00000022   Code   RO         2825    i.masterSendNMTnodeguard  nmtmaster.o
    0x080081fa   0x080081fa   0x00000026   Code   RO         2826    i.masterSendNMTstateChange  nmtmaster.o
    0x08008220   0x08008220   0x00000078   Code   RO         2697    i.nodeguardInit     lifegrd.o
    0x08008298   0x08008298   0x00000012   Code   RO         2698    i.nodeguardStop     lifegrd.o
    0x080082aa   0x080082aa   0x0000003c   Code   RO         3061    i.objdictToSDOline  sdo.o
    0x080082e6   0x080082e6   0x0000000e   Code   RO         7785    i.osDelay           cmsis_os.o
    0x080082f4   0x080082f4   0x0000000a   Code   RO         7788    i.osKernelStart     cmsis_os.o
    0x080082fe   0x080082fe   0x00000054   Code   RO         7822    i.osThreadCreate    cmsis_os.o
    0x08008352   0x08008352   0x000000d0   Code   RO          269    i.parse_array       cjson.o
    0x08008422   0x08008422   0x00000040   Code   RO          270    i.parse_hex4        cjson.o
    0x08008462   0x08008462   0x00000002   PAD
    0x08008464   0x08008464   0x0000012c   Code   RO          271    i.parse_number      cjson.o
    0x08008590   0x08008590   0x00000110   Code   RO          272    i.parse_object      cjson.o
    0x080086a0   0x080086a0   0x0000010c   Code   RO          273    i.parse_string      cjson.o
    0x080087ac   0x080087ac   0x000000fc   Code   RO          274    i.parse_value       cjson.o
    0x080088a8   0x080088a8   0x00000022   Code   RO         2623    i.proceedEMCY       emcy.o
    0x080088ca   0x080088ca   0x00000096   Code   RO         2860    i.proceedNMTstateChange  nmtslave.o
    0x08008960   0x08008960   0x000000fc   Code   RO         2699    i.proceedNODE_GUARD  lifegrd.o
    0x08008a5c   0x08008a5c   0x0000022c   Code   RO         2953    i.proceedPDO        pdo.o
    0x08008c88   0x08008c88   0x000012a0   Code   RO         3062    i.proceedSDO        sdo.o
    0x08009f28   0x08009f28   0x00000028   Code   RO         3326    i.proceedSYNC       sync.o
    0x08009f50   0x08009f50   0x00000070   Code   RO         7444    i.prvAddCurrentTaskToDelayedList  tasks.o
    0x08009fc0   0x08009fc0   0x000000d0   Code   RO         7445    i.prvAddNewTaskToReadyList  tasks.o
    0x0800a090   0x0800a090   0x00000034   Code   RO         7446    i.prvDeleteTCB      tasks.o
    0x0800a0c4   0x0800a0c4   0x0000004c   Code   RO         8150    i.prvHeapInit       heap_4.o
    0x0800a110   0x0800a110   0x00000060   Code   RO         7447    i.prvIdleTask       tasks.o
    0x0800a170   0x0800a170   0x00000098   Code   RO         7448    i.prvInitialiseNewTask  tasks.o
    0x0800a208   0x0800a208   0x0000004c   Code   RO         8151    i.prvInsertBlockIntoFreeList  heap_4.o
    0x0800a254   0x0800a254   0x00000020   Code   RO         7449    i.prvResetNextTaskUnblockTime  tasks.o
    0x0800a274   0x0800a274   0x00000028   Code   RO         8219    i.prvTaskExitError  port_1.o
    0x0800a29c   0x0800a29c   0x00000018   Code   RO         2291    i.prveMBError2Exception  mbutils.o
    0x0800a2b4   0x0800a2b4   0x000000dc   Code   RO         8152    i.pvPortMalloc      heap_4.o
    0x0800a390   0x0800a390   0x00000024   Code   RO         8220    i.pxPortInitialiseStack  port_1.o
    0x0800a3b4   0x0800a3b4   0x0000006c   Code   RO         8595    i.realloc           mc_w.l(mallocr.o)
    0x0800a420   0x0800a420   0x00000018   Code   RO         3066    i.resetSDO          sdo.o
    0x0800a438   0x0800a438   0x00000032   Code   RO         3067    i.resetSDOline      sdo.o
    0x0800a46a   0x0800a46a   0x00000016   Code   RO         2895    i.scanIndexOD       objacces.o
    0x0800a480   0x0800a480   0x00000108   Code   RO         2954    i.sendOnePDOevent   pdo.o
    0x0800a588   0x0800a588   0x00000028   Code   RO         2957    i.sendPdo           pdo.o
    0x0800a5b0   0x0800a5b0   0x00000078   Code   RO         3068    i.sendSDO           sdo.o
    0x0800a628   0x0800a628   0x00000038   Code   RO         3069    i.sendSDOabort      sdo.o
    0x0800a660   0x0800a660   0x00000014   Code   RO         3327    i.sendSYNC          sync.o
    0x0800a674   0x0800a674   0x00000022   Code   RO         3328    i.sendSYNCMessage   sync.o
    0x0800a696   0x0800a696   0x00000002   PAD
    0x0800a698   0x0800a698   0x00000134   Code   RO         3250    i.setNodeId         states.o
    0x0800a7cc   0x0800a7cc   0x00000016   Code   RO         3070    i.setSDOlineRestBytes  sdo.o
    0x0800a7e2   0x0800a7e2   0x00000002   PAD
    0x0800a7e4   0x0800a7e4   0x000000a4   Code   RO         3251    i.setState          states.o
    0x0800a888   0x0800a888   0x0000000c   Code   RO         2494    i.setTimer          canfestival.o
    0x0800a894   0x0800a894   0x0000002a   Code   RO         2861    i.slaveSendBootUp   nmtslave.o
    0x0800a8be   0x0800a8be   0x00000002   PAD
    0x0800a8c0   0x0800a8c0   0x00000060   Code   RO         3329    i.startSYNC         sync.o
    0x0800a920   0x0800a920   0x0000002c   Code   RO         3330    i.stopSYNC          sync.o
    0x0800a94c   0x0800a94c   0x0000001c   Code   RO         8295    i.strtod            m_ws.l(strtod.o)
    0x0800a968   0x0800a968   0x000000ea   Code   RO         3252    i.switchCommunicationState  states.o
    0x0800aa52   0x0800aa52   0x00000002   PAD
    0x0800aa54   0x0800aa54   0x0000002c   Code   RO         2099    i.usMBCRC16         mbcrc.o
    0x0800aa80   0x0800aa80   0x000000d2   Code   RO          283    i.utf16_literal_to_utf8  cjson.o
    0x0800ab52   0x0800ab52   0x00000026   Code   RO         7086    i.uxListRemove      list.o
    0x0800ab78   0x0800ab78   0x00000014   Code   RO         1529    i.vApplicationGetIdleTaskMemory  freertos.o
    0x0800ab8c   0x0800ab8c   0x00000016   Code   RO         7087    i.vListInitialise   list.o
    0x0800aba2   0x0800aba2   0x00000006   Code   RO         7088    i.vListInitialiseItem  list.o
    0x0800aba8   0x0800aba8   0x00000030   Code   RO         7089    i.vListInsert       list.o
    0x0800abd8   0x0800abd8   0x00000018   Code   RO         7090    i.vListInsertEnd    list.o
    0x0800abf0   0x0800abf0   0x00000054   Code   RO         2398    i.vMBPortSerialEnable  portserial.o
    0x0800ac44   0x0800ac44   0x00000024   Code   RO         2478    i.vMBPortTimersDisable  porttimer.o
    0x0800ac68   0x0800ac68   0x00000018   Code   RO         2472    i.vMBPortTimersEnable  porttimer.o
    0x0800ac80   0x0800ac80   0x00000040   Code   RO         8222    i.vPortEnterCritical  port_1.o
    0x0800acc0   0x0800acc0   0x00000028   Code   RO         8223    i.vPortExitCritical  port_1.o
    0x0800ace8   0x0800ace8   0x00000064   Code   RO         8153    i.vPortFree         heap_4.o
    0x0800ad4c   0x0800ad4c   0x00000024   Code   RO         8224    i.vPortSetupTimerInterrupt  port_1.o
    0x0800ad70   0x0800ad70   0x0000004c   Code   RO         7458    i.vTaskDelay        tasks.o
    0x0800adbc   0x0800adbc   0x0000006c   Code   RO         7471    i.vTaskStartScheduler  tasks.o
    0x0800ae28   0x0800ae28   0x00000010   Code   RO         7473    i.vTaskSuspendAll   tasks.o
    0x0800ae38   0x0800ae38   0x0000005c   Code   RO         7474    i.vTaskSwitchContext  tasks.o
    0x0800ae94   0x0800ae94   0x0000001c   Code   RO         2368    i.xMBPortEventGet   portevent.o
    0x0800aeb0   0x0800aeb0   0x00000010   Code   RO         2369    i.xMBPortEventInit  portevent.o
    0x0800aec0   0x0800aec0   0x00000010   Code   RO         2370    i.xMBPortEventPost  portevent.o
    0x0800aed0   0x0800aed0   0x00000010   Code   RO         2399    i.xMBPortSerialGetByte  portserial.o
    0x0800aee0   0x0800aee0   0x00000060   Code   RO         2400    i.xMBPortSerialInit  portserial.o
    0x0800af40   0x0800af40   0x0000000c   Code   RO         2401    i.xMBPortSerialPutByte  portserial.o
    0x0800af4c   0x0800af4c   0x00000074   Code   RO         2449    i.xMBPortTimersInit  porttimer.o
    0x0800afc0   0x0800afc0   0x00000068   Code   RO         2229    i.xMBRTUReceiveFSM  mbrtu.o
    0x0800b028   0x0800b028   0x00000040   Code   RO         2230    i.xMBRTUTimerT35Expired  mbrtu.o
    0x0800b068   0x0800b068   0x0000005c   Code   RO         2231    i.xMBRTUTransmitFSM  mbrtu.o
    0x0800b0c4   0x0800b0c4   0x000000a8   Code   RO         8226    i.xPortStartScheduler  port_1.o
    0x0800b16c   0x0800b16c   0x0000005a   Code   RO         7477    i.xTaskCreate       tasks.o
    0x0800b1c6   0x0800b1c6   0x00000056   Code   RO         7478    i.xTaskCreateStatic  tasks.o
    0x0800b21c   0x0800b21c   0x000000cc   Code   RO         7485    i.xTaskIncrementTick  tasks.o
    0x0800b2e8   0x0800b2e8   0x000000c4   Code   RO         7491    i.xTaskResumeAll    tasks.o
    0x0800b3ac   0x0800b3ac   0x00000818   Data   RO         1197    .constdata          oled.o
    0x0800bbc4   0x0800bbc4   0x00000054   Data   RO         1531    .constdata          freertos.o
    0x0800bc18   0x0800bc18   0x00000200   Data   RO         2100    .constdata          mbcrc.o
    0x0800be18   0x0800be18   0x00000040   Data   RO         3253    .constdata          states.o
    0x0800be58   0x0800be58   0x00000001   Data   RO         3403    .constdata          testslave.o
    0x0800be59   0x0800be59   0x00000003   PAD
    0x0800be5c   0x0800be5c   0x000000a8   Data   RO         3404    .constdata          testslave.o
    0x0800bf04   0x0800bf04   0x0000000c   Data   RO         3405    .constdata          testslave.o
    0x0800bf10   0x0800bf10   0x0000000c   Data   RO         3406    .constdata          testslave.o
    0x0800bf1c   0x0800bf1c   0x00000002   Data   RO         3407    .constdata          testslave.o
    0x0800bf1e   0x0800bf1e   0x00000012   Data   RO         5118    .constdata          stm32f1xx_hal_rcc.o
    0x0800bf30   0x0800bf30   0x00000012   Data   RO         5210    .constdata          stm32f1xx_hal_rcc_ex.o
    0x0800bf42   0x0800bf42   0x00000010   Data   RO         6943    .constdata          system_stm32f1xx_1.o
    0x0800bf52   0x0800bf52   0x00000008   Data   RO         6944    .constdata          system_stm32f1xx_1.o
    0x0800bf5a   0x0800bf5a   0x00000040   Data   RO         8701    .constdata          mc_w.l(ctype_c.o)
    0x0800bf9a   0x0800bf9a   0x00000002   PAD
    0x0800bf9c   0x0800bf9c   0x00000017   Data   RO         1532    .conststring        freertos.o
    0x0800bfb3   0x0800bfb3   0x00000001   PAD
    0x0800bfb4   0x0800bfb4   0x00000020   Data   RO         8703    Region$$Table       anon$$obj.o


    Execution Region RW_IRAM1 (Exec base: 0x20000000, Load base: 0x0800bfd4, Size: 0x00002e38, Max: 0x00005000, ABSOLUTE, COMPRESSED[0x0000034c])

    Exec Addr    Load Addr    Size         Type   Attr      Idx    E Section Name        Object

    0x20000000   COMPRESSED   0x00000008   Data   RW           18    .data               aht20.o
    0x20000008   COMPRESSED   0x00000014   Data   RW          285    .data               cjson.o
    0x2000001c   COMPRESSED   0x00000003   Data   RW          973    .data               modbus.o
    0x2000001f   COMPRESSED   0x00000001   Data   RW         1114    .data               mqtt.o
    0x20000020   COMPRESSED   0x00000002   Data   RW         1287    .data               wifi4g.o
    0x20000022   COMPRESSED   0x00000002   PAD
    0x20000024   COMPRESSED   0x00000004   Data   RW         1370    .data               main.o
    0x20000028   COMPRESSED   0x0000000c   Data   RW         1533    .data               freertos.o
    0x20000034   COMPRESSED   0x00000001   Data   RW         1764    .data               usart.o
    0x20000035   COMPRESSED   0x00000001   Data   RW         1765    .data               usart.o
    0x20000036   COMPRESSED   0x00000002   PAD
    0x20000038   COMPRESSED   0x000000ac   Data   RW         2009    .data               mb.o
    0x200000e4   COMPRESSED   0x00000002   Data   RW         2206    .data               mbfuncother.o
    0x200000e6   COMPRESSED   0x00000002   PAD
    0x200000e8   COMPRESSED   0x0000000c   Data   RW         2233    .data               mbrtu.o
    0x200000f4   COMPRESSED   0x00000014   Data   RW         2323    .data               port.o
    0x20000108   COMPRESSED   0x00000002   Data   RW         2371    .data               portevent.o
    0x2000010a   COMPRESSED   0x00000001   Data   RW         3418    .data               testslave.o
    0x2000010b   COMPRESSED   0x00000001   PAD
    0x2000010c   COMPRESSED   0x00000004   Data   RW         3419    .data               testslave.o
    0x20000110   COMPRESSED   0x0000000c   Data   RW         3420    .data               testslave.o
    0x2000011c   COMPRESSED   0x00000001   Data   RW         3421    .data               testslave.o
    0x2000011d   COMPRESSED   0x00000003   PAD
    0x20000120   COMPRESSED   0x0000000c   Data   RW         3422    .data               testslave.o
    0x2000012c   COMPRESSED   0x00000001   Data   RW         3423    .data               testslave.o
    0x2000012d   COMPRESSED   0x00000003   PAD
    0x20000130   COMPRESSED   0x00000004   Data   RW         3424    .data               testslave.o
    0x20000134   COMPRESSED   0x00000004   Data   RW         3427    .data               testslave.o
    0x20000138   COMPRESSED   0x00000004   Data   RW         3428    .data               testslave.o
    0x2000013c   COMPRESSED   0x00000002   Data   RW         3429    .data               testslave.o
    0x2000013e   COMPRESSED   0x00000001   Data   RW         3430    .data               testslave.o
    0x2000013f   COMPRESSED   0x00000001   PAD
    0x20000140   COMPRESSED   0x00000004   Data   RW         3431    .data               testslave.o
    0x20000144   COMPRESSED   0x00000001   Data   RW         3432    .data               testslave.o
    0x20000145   COMPRESSED   0x00000003   PAD
    0x20000148   COMPRESSED   0x00000004   Data   RW         3433    .data               testslave.o
    0x2000014c   COMPRESSED   0x00000002   Data   RW         3434    .data               testslave.o
    0x2000014e   COMPRESSED   0x00000001   Data   RW         3435    .data               testslave.o
    0x2000014f   COMPRESSED   0x00000001   PAD
    0x20000150   COMPRESSED   0x00000004   Data   RW         3436    .data               testslave.o
    0x20000154   COMPRESSED   0x00000004   Data   RW         3437    .data               testslave.o
    0x20000158   COMPRESSED   0x00000004   Data   RW         3438    .data               testslave.o
    0x2000015c   COMPRESSED   0x00000004   Data   RW         3439    .data               testslave.o
    0x20000160   COMPRESSED   0x0000003c   Data   RW         3440    .data               testslave.o
    0x2000019c   COMPRESSED   0x00000001   Data   RW         3441    .data               testslave.o
    0x2000019d   COMPRESSED   0x00000003   PAD
    0x200001a0   COMPRESSED   0x00000004   Data   RW         3442    .data               testslave.o
    0x200001a4   COMPRESSED   0x00000004   Data   RW         3443    .data               testslave.o
    0x200001a8   COMPRESSED   0x00000024   Data   RW         3444    .data               testslave.o
    0x200001cc   COMPRESSED   0x00000001   Data   RW         3445    .data               testslave.o
    0x200001cd   COMPRESSED   0x00000003   PAD
    0x200001d0   COMPRESSED   0x00000004   Data   RW         3446    .data               testslave.o
    0x200001d4   COMPRESSED   0x00000001   Data   RW         3447    .data               testslave.o
    0x200001d5   COMPRESSED   0x00000001   PAD
    0x200001d6   COMPRESSED   0x00000002   Data   RW         3448    .data               testslave.o
    0x200001d8   COMPRESSED   0x00000001   Data   RW         3449    .data               testslave.o
    0x200001d9   COMPRESSED   0x00000001   PAD
    0x200001da   COMPRESSED   0x00000002   Data   RW         3450    .data               testslave.o
    0x200001dc   COMPRESSED   0x00000001   Data   RW         3451    .data               testslave.o
    0x200001dd   COMPRESSED   0x00000003   PAD
    0x200001e0   COMPRESSED   0x00000054   Data   RW         3452    .data               testslave.o
    0x20000234   COMPRESSED   0x00000001   Data   RW         3453    .data               testslave.o
    0x20000235   COMPRESSED   0x00000003   PAD
    0x20000238   COMPRESSED   0x00000004   Data   RW         3454    .data               testslave.o
    0x2000023c   COMPRESSED   0x00000001   Data   RW         3455    .data               testslave.o
    0x2000023d   COMPRESSED   0x00000001   PAD
    0x2000023e   COMPRESSED   0x00000002   Data   RW         3456    .data               testslave.o
    0x20000240   COMPRESSED   0x00000001   Data   RW         3457    .data               testslave.o
    0x20000241   COMPRESSED   0x00000001   PAD
    0x20000242   COMPRESSED   0x00000002   Data   RW         3458    .data               testslave.o
    0x20000244   COMPRESSED   0x00000001   Data   RW         3459    .data               testslave.o
    0x20000245   COMPRESSED   0x00000003   PAD
    0x20000248   COMPRESSED   0x00000054   Data   RW         3460    .data               testslave.o
    0x2000029c   COMPRESSED   0x00000001   Data   RW         3461    .data               testslave.o
    0x2000029d   COMPRESSED   0x00000003   PAD
    0x200002a0   COMPRESSED   0x00000004   Data   RW         3462    .data               testslave.o
    0x200002a4   COMPRESSED   0x00000001   Data   RW         3463    .data               testslave.o
    0x200002a5   COMPRESSED   0x00000001   PAD
    0x200002a6   COMPRESSED   0x00000002   Data   RW         3464    .data               testslave.o
    0x200002a8   COMPRESSED   0x00000001   Data   RW         3465    .data               testslave.o
    0x200002a9   COMPRESSED   0x00000001   PAD
    0x200002aa   COMPRESSED   0x00000002   Data   RW         3466    .data               testslave.o
    0x200002ac   COMPRESSED   0x00000001   Data   RW         3467    .data               testslave.o
    0x200002ad   COMPRESSED   0x00000003   PAD
    0x200002b0   COMPRESSED   0x00000054   Data   RW         3468    .data               testslave.o
    0x20000304   COMPRESSED   0x00000001   Data   RW         3469    .data               testslave.o
    0x20000305   COMPRESSED   0x00000003   PAD
    0x20000308   COMPRESSED   0x00000004   Data   RW         3470    .data               testslave.o
    0x2000030c   COMPRESSED   0x00000001   Data   RW         3471    .data               testslave.o
    0x2000030d   COMPRESSED   0x00000001   PAD
    0x2000030e   COMPRESSED   0x00000002   Data   RW         3472    .data               testslave.o
    0x20000310   COMPRESSED   0x00000001   Data   RW         3473    .data               testslave.o
    0x20000311   COMPRESSED   0x00000001   PAD
    0x20000312   COMPRESSED   0x00000002   Data   RW         3474    .data               testslave.o
    0x20000314   COMPRESSED   0x00000001   Data   RW         3475    .data               testslave.o
    0x20000315   COMPRESSED   0x00000003   PAD
    0x20000318   COMPRESSED   0x00000054   Data   RW         3476    .data               testslave.o
    0x2000036c   COMPRESSED   0x00000001   Data   RW         3477    .data               testslave.o
    0x2000036d   COMPRESSED   0x00000003   PAD
    0x20000370   COMPRESSED   0x0000006c   Data   RW         3478    .data               testslave.o
    0x200003dc   COMPRESSED   0x00000001   Data   RW         3479    .data               testslave.o
    0x200003dd   COMPRESSED   0x00000003   PAD
    0x200003e0   COMPRESSED   0x0000006c   Data   RW         3480    .data               testslave.o
    0x2000044c   COMPRESSED   0x00000001   Data   RW         3481    .data               testslave.o
    0x2000044d   COMPRESSED   0x00000003   PAD
    0x20000450   COMPRESSED   0x0000006c   Data   RW         3482    .data               testslave.o
    0x200004bc   COMPRESSED   0x00000001   Data   RW         3483    .data               testslave.o
    0x200004bd   COMPRESSED   0x00000003   PAD
    0x200004c0   COMPRESSED   0x0000006c   Data   RW         3484    .data               testslave.o
    0x2000052c   COMPRESSED   0x00000001   Data   RW         3485    .data               testslave.o
    0x2000052d   COMPRESSED   0x00000003   PAD
    0x20000530   COMPRESSED   0x00000004   Data   RW         3486    .data               testslave.o
    0x20000534   COMPRESSED   0x00000001   Data   RW         3487    .data               testslave.o
    0x20000535   COMPRESSED   0x00000001   PAD
    0x20000536   COMPRESSED   0x00000002   Data   RW         3488    .data               testslave.o
    0x20000538   COMPRESSED   0x00000001   Data   RW         3489    .data               testslave.o
    0x20000539   COMPRESSED   0x00000001   PAD
    0x2000053a   COMPRESSED   0x00000002   Data   RW         3490    .data               testslave.o
    0x2000053c   COMPRESSED   0x00000001   Data   RW         3491    .data               testslave.o
    0x2000053d   COMPRESSED   0x00000003   PAD
    0x20000540   COMPRESSED   0x00000054   Data   RW         3492    .data               testslave.o
    0x20000594   COMPRESSED   0x00000001   Data   RW         3493    .data               testslave.o
    0x20000595   COMPRESSED   0x00000003   PAD
    0x20000598   COMPRESSED   0x00000004   Data   RW         3494    .data               testslave.o
    0x2000059c   COMPRESSED   0x00000001   Data   RW         3495    .data               testslave.o
    0x2000059d   COMPRESSED   0x00000001   PAD
    0x2000059e   COMPRESSED   0x00000002   Data   RW         3496    .data               testslave.o
    0x200005a0   COMPRESSED   0x00000001   Data   RW         3497    .data               testslave.o
    0x200005a1   COMPRESSED   0x00000001   PAD
    0x200005a2   COMPRESSED   0x00000002   Data   RW         3498    .data               testslave.o
    0x200005a4   COMPRESSED   0x00000001   Data   RW         3499    .data               testslave.o
    0x200005a5   COMPRESSED   0x00000003   PAD
    0x200005a8   COMPRESSED   0x00000054   Data   RW         3500    .data               testslave.o
    0x200005fc   COMPRESSED   0x00000001   Data   RW         3501    .data               testslave.o
    0x200005fd   COMPRESSED   0x00000003   PAD
    0x20000600   COMPRESSED   0x00000004   Data   RW         3502    .data               testslave.o
    0x20000604   COMPRESSED   0x00000001   Data   RW         3503    .data               testslave.o
    0x20000605   COMPRESSED   0x00000001   PAD
    0x20000606   COMPRESSED   0x00000002   Data   RW         3504    .data               testslave.o
    0x20000608   COMPRESSED   0x00000001   Data   RW         3505    .data               testslave.o
    0x20000609   COMPRESSED   0x00000001   PAD
    0x2000060a   COMPRESSED   0x00000002   Data   RW         3506    .data               testslave.o
    0x2000060c   COMPRESSED   0x00000001   Data   RW         3507    .data               testslave.o
    0x2000060d   COMPRESSED   0x00000003   PAD
    0x20000610   COMPRESSED   0x00000054   Data   RW         3508    .data               testslave.o
    0x20000664   COMPRESSED   0x00000001   Data   RW         3509    .data               testslave.o
    0x20000665   COMPRESSED   0x00000003   PAD
    0x20000668   COMPRESSED   0x00000004   Data   RW         3510    .data               testslave.o
    0x2000066c   COMPRESSED   0x00000001   Data   RW         3511    .data               testslave.o
    0x2000066d   COMPRESSED   0x00000001   PAD
    0x2000066e   COMPRESSED   0x00000002   Data   RW         3512    .data               testslave.o
    0x20000670   COMPRESSED   0x00000001   Data   RW         3513    .data               testslave.o
    0x20000671   COMPRESSED   0x00000001   PAD
    0x20000672   COMPRESSED   0x00000002   Data   RW         3514    .data               testslave.o
    0x20000674   COMPRESSED   0x00000001   Data   RW         3515    .data               testslave.o
    0x20000675   COMPRESSED   0x00000003   PAD
    0x20000678   COMPRESSED   0x00000054   Data   RW         3516    .data               testslave.o
    0x200006cc   COMPRESSED   0x00000001   Data   RW         3517    .data               testslave.o
    0x200006cd   COMPRESSED   0x00000003   PAD
    0x200006d0   COMPRESSED   0x0000006c   Data   RW         3518    .data               testslave.o
    0x2000073c   COMPRESSED   0x00000001   Data   RW         3519    .data               testslave.o
    0x2000073d   COMPRESSED   0x00000003   PAD
    0x20000740   COMPRESSED   0x0000006c   Data   RW         3520    .data               testslave.o
    0x200007ac   COMPRESSED   0x00000001   Data   RW         3521    .data               testslave.o
    0x200007ad   COMPRESSED   0x00000003   PAD
    0x200007b0   COMPRESSED   0x0000006c   Data   RW         3522    .data               testslave.o
    0x2000081c   COMPRESSED   0x00000001   Data   RW         3523    .data               testslave.o
    0x2000081d   COMPRESSED   0x00000003   PAD
    0x20000820   COMPRESSED   0x0000006c   Data   RW         3524    .data               testslave.o
    0x2000088c   COMPRESSED   0x00000001   Data   RW         3525    .data               testslave.o
    0x2000088d   COMPRESSED   0x00000003   PAD
    0x20000890   COMPRESSED   0x00000084   Data   RW         3526    .data               testslave.o
    0x20000914   COMPRESSED   0x00000048   Data   RW         3527    .data               testslave.o
    0x2000095c   COMPRESSED   0x0000023c   Data   RW         3528    .data               testslave.o
    0x20000b98   COMPRESSED   0x00000002   Data   RW         3529    .data               testslave.o
    0x20000b9a   COMPRESSED   0x00000002   PAD
    0x20000b9c   COMPRESSED   0x00000008   Data   RW         3572    .data               timer.o
    0x20000ba4   COMPRESSED   0x0000000c   Data   RW         4955    .data               stm32f1xx_hal.o
    0x20000bb0   COMPRESSED   0x00000004   Data   RW         6945    .data               system_stm32f1xx_1.o
    0x20000bb4   COMPRESSED   0x0000003c   Data   RW         7494    .data               tasks.o
    0x20000bf0   COMPRESSED   0x00000020   Data   RW         8159    .data               heap_4.o
    0x20000c10   COMPRESSED   0x0000000c   Data   RW         8227    .data               port_1.o
    0x20000c1c   COMPRESSED   0x00000004   Data   RW         8668    .data               mc_w.l(stdout.o)
    0x20000c20   COMPRESSED   0x00000004   Data   RW         8677    .data               mc_w.l(mvars.o)
    0x20000c24   COMPRESSED   0x00000004   Data   RW         8678    .data               mc_w.l(mvars.o)
    0x20000c28        -       0x00000028   Zero   RW          813    .bss                f1can.o
    0x20000c50        -       0x00000108   Zero   RW          859    .bss                fifo.o
    0x20000d58        -       0x0000019f   Zero   RW         1112    .bss                mqtt.o
    0x20000ef7        -       0x00000120   Zero   RW         1285    .bss                wifi4g.o
    0x20001017   COMPRESSED   0x00000001   PAD
    0x20001018        -       0x00000254   Zero   RW         1530    .bss                freertos.o
    0x2000126c        -       0x00000030   Zero   RW         1591    .bss                adc.o
    0x2000129c        -       0x00000054   Zero   RW         1662    .bss                i2c.o
    0x200012f0        -       0x000000d8   Zero   RW         1706    .bss                tim.o
    0x200013c8        -       0x00000100   Zero   RW         1761    .bss                usart.o
    0x200014c8        -       0x00000100   Zero   RW         1762    .bss                usart.o
    0x200015c8        -       0x00000160   Zero   RW         1763    .bss                usart.o
    0x20001728        -       0x00000048   Zero   RW         1970    .bss                stm32f1xx_hal_timebase_tim.o
    0x20001770        -       0x00000020   Zero   RW         2205    .bss                mbfuncother.o
    0x20001790        -       0x00000100   Zero   RW         2232    .bss                mbrtu.o
    0x20001890        -       0x00000028   Zero   RW         2322    .bss                port.o
    0x200018b8        -       0x00000034   Zero   RW         2495    .bss                canfestival.o
    0x200018ec        -       0x00000020   Zero   RW         3394    .bss                testslave.o
    0x2000190c        -       0x00000020   Zero   RW         3395    .bss                testslave.o
    0x2000192c        -       0x00000020   Zero   RW         3396    .bss                testslave.o
    0x2000194c        -       0x00000020   Zero   RW         3397    .bss                testslave.o
    0x2000196c        -       0x0000009c   Zero   RW         3398    .bss                testslave.o
    0x20001a08        -       0x00000020   Zero   RW         3399    .bss                testslave.o
    0x20001a28        -       0x00000020   Zero   RW         3400    .bss                testslave.o
    0x20001a48        -       0x00000020   Zero   RW         3401    .bss                testslave.o
    0x20001a68        -       0x00000020   Zero   RW         3402    .bss                testslave.o
    0x20001a88        -       0x000000c0   Zero   RW         3571    .bss                timer.o
    0x20001b48        -       0x000000f0   Zero   RW         7493    .bss                tasks.o
    0x20001c38        -       0x00000c00   Zero   RW         8158    .bss                heap_4.o
    0x20002838        -       0x00000200   Zero   RW            2    HEAP                startup_stm32f103xb.o
    0x20002a38        -       0x00000400   Zero   RW            1    STACK               startup_stm32f103xb.o


==============================================================================

Image component sizes


      Code (inc. data)   RO Data    RW Data    ZI Data      Debug   Object Name

       460         60          0          0         48       2423   adc.o
       448         50          0          8          0     468414   aht20.o
       244         24          0          0         52       3489   canfestival.o
      2114         62          0         20          0      18328   cjson.o
       120          0          0          0          0      23145   cmsis_os.o
        60          4          0          0          0        738   dma.o
       110          6          0          0          0       2740   emcy.o
         0          0          0          0          0      15428   event_groups.o
       192         20          0          0         40       2147   f1can.o
       236         16          0          0        264       4403   fifo.o
       200         26        107         12        596       3525   freertos.o
       312         28          0          0          0       2440   gpio.o
       472         24          0         32       3072       7239   heap_4.o
       156         26          0          0         84       1649   i2c.o
       372         60          0          0          0       4054   ina226.o
       862         24          0          0          0       9824   lifegrd.o
       138          0          0          0          0       3322   list.o
       464        102          0          4          0      35128   main.o
       420         50          0        172          0       9596   mb.o
         0          0          0          0          0        653   mbascii.o
        44          4        512          0          0       1152   mbcrc.o
       300          0          0          0          0       3522   mbfunccoils.o
       114          0          0          0          0       1452   mbfuncdisc.o
       384          0          0          0          0       4871   mbfuncholding.o
        98          0          0          0          0       1447   mbfuncinput.o
        36         10          0          2         32       1251   mbfuncother.o
       538         46          0         12        256       5983   mbrtu.o
        24          0          0          0          0        584   mbutils.o
       372         78          0          3          0      14222   modbus.o
       996        400          0          1        415       6030   mqtt.o
        72          0          0          0          0       1632   nmtmaster.o
       192          0          0          0          0       1394   nmtslave.o
       504         28          0          0          0       5034   objacces.o
       568         16       2072          0          0       4787   oled.o
      1896         14          0          0          0      11362   pdo.o
       468         26          0         20         40       4161   port.o
       578         60          0         12          0      10104   port_1.o
        60         14          0          2          0       2016   portevent.o
       276         38          0          0          0       3372   portserial.o
       208         26          0          0          0       2487   porttimer.o
      5790         64          0          0          0      17359   sdo.o
        36          8        236          0       1536        788   startup_stm32f103xb.o
       856         26         64          0          0       6786   states.o
       100         18          0         12          0       5150   stm32f1xx_hal.o
      1260         54          0          0          0       6424   stm32f1xx_hal_adc.o
       216          6          0          0          0       1406   stm32f1xx_hal_adc_ex.o
      1628          0          0          0          0      13431   stm32f1xx_hal_can.o
       158         14          0          0          0      28126   stm32f1xx_hal_cortex.o
       808         36          0          0          0       4894   stm32f1xx_hal_dma.o
       490         34          0          0          0       2848   stm32f1xx_hal_gpio.o
      3666         94          0          0          0      17449   stm32f1xx_hal_i2c.o
        72         10          0          0          0        842   stm32f1xx_hal_msp.o
      1304         94         18          0          0       5653   stm32f1xx_hal_rcc.o
       400         28         18          0          0       2429   stm32f1xx_hal_rcc_ex.o
       974         24          0          0          0      10237   stm32f1xx_hal_tim.o
       108         12          0          0          0       2353   stm32f1xx_hal_tim_ex.o
       140         22          0          0         72       1387   stm32f1xx_hal_timebase_tim.o
      2022         24          0          0          0      14049   stm32f1xx_hal_uart.o
       696        192          0          0          0       8862   stm32f1xx_it.o
       252         10          0          0          0       4888   sync.o
         2          0         24          4          0       1079   system_stm32f1xx_1.o
      1520        112          0         60        240      18862   tasks.o
       316         16        195       2598        412      12654   testslave.o
       448         38          0          0        216       2948   tim.o
       340         26          0          8        192      13794   timer.o
       608         62          0          2        864       3840   usart.o
       196         44          0          2        288       2192   wifi4g.o

    ----------------------------------------------------------------------
     39586       2410       3282       3100       8720     916278   Object Totals
         0          0         32          0          0          0   (incl. Generated)
        72          0          4        114          1          0   (incl. Padding)

    ----------------------------------------------------------------------

      Code (inc. data)   RO Data    RW Data    ZI Data      Debug   Library Member Name

        28          0          0          0          0         80   strtod.o
        86          0          0          0          0          0   __dczerorl2.o
        64          0          0          0          0         84   _sgetc.o
        40          6         64          0          0         68   ctype_c.o
         0          0          0          0          0          0   entry.o
         0          0          0          0          0          0   entry10a.o
         0          0          0          0          0          0   entry11a.o
         4          0          0          0          0          0   entry12b.o
         8          4          0          0          0          0   entry2.o
         4          0          0          0          0          0   entry5.o
         0          0          0          0          0          0   entry7b.o
         0          0          0          0          0          0   entry8b.o
         8          4          0          0          0          0   entry9a.o
        30          0          0          0          0          0   handlers.o
        36          8          0          0          0         68   init.o
        10          0          0          0          0         68   isspace_c.o
         0          0          0          0          0          0   iusefp.o
        30          0          0          0          0         68   llshl.o
        36          0          0          0          0         68   llsshr.o
        32          0          0          0          0         68   llushr.o
       360         30          0          0          0        356   mallocr.o
        26          0          0          0          0         80   memcmp.o
        36          0          0          0          0         68   memcpya.o
        36          0          0          0          0        108   memseta.o
         0          0          0          8          0          0   mvars.o
      2268         96          0          0          0        616   printfa.o
       878         12          0          0          0        216   scanf_fp.o
         0          0          0          4          0          0   stdout.o
        28          0          0          0          0         76   strcmp.o
        18          0          0          0          0         68   strcpy.o
        14          0          0          0          0         68   strlen.o
        30          0          0          0          0         80   strncmp.o
        36          0          0          0          0         80   strstr.o
       156         12          0          0          0        120   strtod.o
        12          0          0          0          0         68   tolower.o
        44          0          0          0          0         80   uidiv.o
        98          0          0          0          0         92   uldiv.o
        48          0          0          0          0         68   cdcmple.o
        48          0          0          0          0         68   cdrcmple.o
        56          0          0          0          0         88   d2f.o
       334          0          0          0          0        148   dadd.o
       222          0          0          0          0        100   ddiv.o
       186          0          0          0          0        176   depilogue.o
        62          0          0          0          0         80   dfixi.o
        48          0          0          0          0         68   dfixul.o
        26          0          0          0          0         76   dfltui.o
        24          0          0          0          0         76   dfltul.o
       228          0          0          0          0         96   dmul.o
        46          0          0          0          0         80   dscalb.o
       124          0          0          0          0         88   fdiv.o
       110          0          0          0          0        168   fepilogue.o
        40          0          0          0          0         68   ffixui.o
        10          0          0          0          0         68   ffltui.o
       100          0          0          0          0         76   fmul.o

    ----------------------------------------------------------------------
      6174        172         66         12          0       4340   Library Totals
         6          0          2          0          0          0   (incl. Padding)

    ----------------------------------------------------------------------

      Code (inc. data)   RO Data    RW Data    ZI Data      Debug   Library Name

        28          0          0          0          0         80   m_ws.l
      4428        172         64         12          0       2668   mc_w.l
      1712          0          0          0          0       1592   mf_w.l

    ----------------------------------------------------------------------
      6174        172         66         12          0       4340   Library Totals

    ----------------------------------------------------------------------

==============================================================================


      Code (inc. data)   RO Data    RW Data    ZI Data      Debug   

     45760       2582       3348       3112       8720     899686   Grand Totals
     45760       2582       3348        844       8720     899686   ELF Image Totals (compressed)
     45760       2582       3348        844          0          0   ROM Totals

==============================================================================

    Total RO  Size (Code + RO Data)                49108 (  47.96kB)
    Total RW  Size (RW Data + ZI Data)             11832 (  11.55kB)
    Total ROM Size (Code + RO Data + RW Data)      49952 (  48.78kB)

==============================================================================

