Component: ARM Compiler 5.06 update 5 (build 528) Tool: armlink [4d35e2]

==============================================================================

Section Cross References

    startup_stm32f103xb.o(RESET) refers to startup_stm32f103xb.o(STACK) for __initial_sp
    startup_stm32f103xb.o(RESET) refers to startup_stm32f103xb.o(.text) for Reset_Handler
    startup_stm32f103xb.o(RESET) refers to stm32f1xx_it.o(i.NMI_Handler) for NMI_Handler
    startup_stm32f103xb.o(RESET) refers to stm32f1xx_it.o(i.HardFault_Handler) for HardFault_Handler
    startup_stm32f103xb.o(RESET) refers to stm32f1xx_it.o(i.MemManage_Handler) for MemManage_Handler
    startup_stm32f103xb.o(RESET) refers to stm32f1xx_it.o(i.BusFault_Handler) for BusFault_Handler
    startup_stm32f103xb.o(RESET) refers to stm32f1xx_it.o(i.UsageFault_Handler) for UsageFault_Handler
    startup_stm32f103xb.o(RESET) refers to stm32f1xx_it.o(i.SVC_Handler) for SVC_Handler
    startup_stm32f103xb.o(RESET) refers to stm32f1xx_it.o(i.DebugMon_Handler) for DebugMon_Handler
    startup_stm32f103xb.o(RESET) refers to stm32f1xx_it.o(i.PendSV_Handler) for PendSV_Handler
    startup_stm32f103xb.o(RESET) refers to stm32f1xx_it.o(i.SysTick_Handler) for SysTick_Handler
    startup_stm32f103xb.o(RESET) refers to stm32f1xx_it.o(i.EXTI9_5_IRQHandler) for EXTI9_5_IRQHandler
    startup_stm32f103xb.o(RESET) refers to stm32f1xx_it.o(i.TIM1_UP_IRQHandler) for TIM1_UP_IRQHandler
    startup_stm32f103xb.o(RESET) refers to porttimer.o(i.TIM3_IRQHandler) for TIM3_IRQHandler
    startup_stm32f103xb.o(RESET) refers to portserial.o(i.USART2_IRQHandler) for USART2_IRQHandler
    startup_stm32f103xb.o(RESET) refers to stm32f1xx_it.o(i.EXTI15_10_IRQHandler) for EXTI15_10_IRQHandler
    startup_stm32f103xb.o(.text) refers to system_stm32f1xx.o(i.SystemInit) for SystemInit
    startup_stm32f103xb.o(.text) refers to entry.o(.ARM.Collect$$$$00000000) for __main
    aht20.o(i.AHT20_DeInit) refers to stm32f1xx_hal_i2c.o(i.HAL_I2C_Master_Transmit) for HAL_I2C_Master_Transmit
    aht20.o(i.AHT20_DeInit) refers to i2c.o(.bss) for hi2c1
    aht20.o(i.AHT20_Init) refers to stm32f1xx_hal.o(i.HAL_Delay) for HAL_Delay
    aht20.o(i.AHT20_Init) refers to stm32f1xx_hal_i2c.o(i.HAL_I2C_Master_Transmit) for HAL_I2C_Master_Transmit
    aht20.o(i.AHT20_Init) refers to aht20.o(i.AHT20_Read_Status) for AHT20_Read_Status
    aht20.o(i.AHT20_Init) refers to aht20.o(i.AHT20_DeInit) for AHT20_DeInit
    aht20.o(i.AHT20_Init) refers to i2c.o(.bss) for hi2c1
    aht20.o(i.AHT20_Read) refers to aht20.o(i.AHT20_ReadData) for AHT20_ReadData
    aht20.o(i.AHT20_Read) refers to fmul.o(.text) for __aeabi_fmul
    aht20.o(i.AHT20_Read) refers to ffixui.o(.text) for __aeabi_f2uiz
    aht20.o(i.AHT20_Read) refers to aht20.o(.data) for .data
    aht20.o(i.AHT20_Read) refers to port.o(.bss) for REG_HOLD_BUF
    aht20.o(i.AHT20_ReadData) refers to stm32f1xx_hal_i2c.o(i.HAL_I2C_Master_Transmit) for HAL_I2C_Master_Transmit
    aht20.o(i.AHT20_ReadData) refers to stm32f1xx_hal.o(i.HAL_Delay) for HAL_Delay
    aht20.o(i.AHT20_ReadData) refers to aht20.o(i.AHT20_Read_Status) for AHT20_Read_Status
    aht20.o(i.AHT20_ReadData) refers to stm32f1xx_hal_i2c.o(i.HAL_I2C_Master_Receive) for HAL_I2C_Master_Receive
    aht20.o(i.AHT20_ReadData) refers to dfltui.o(.text) for __aeabi_ui2d
    aht20.o(i.AHT20_ReadData) refers to dmul.o(.text) for __aeabi_dmul
    aht20.o(i.AHT20_ReadData) refers to dscalb.o(.text) for __ARM_scalbn
    aht20.o(i.AHT20_ReadData) refers to d2f.o(.text) for __aeabi_d2f
    aht20.o(i.AHT20_ReadData) refers to dadd.o(.text) for __aeabi_dsub
    aht20.o(i.AHT20_ReadData) refers to i2c.o(.bss) for hi2c1
    aht20.o(i.AHT20_ReadData) refers to aht20.o(.data) for .data
    aht20.o(i.AHT20_Read_Status) refers to stm32f1xx_hal_i2c.o(i.HAL_I2C_Master_Receive) for HAL_I2C_Master_Receive
    aht20.o(i.AHT20_Read_Status) refers to i2c.o(.bss) for hi2c1
    aht20.o(i.AHT20_Test) refers to aht20.o(i.AHT20_ReadData) for AHT20_ReadData
    aht20.o(i.AHT20_Test) refers to f2d.o(.text) for __aeabi_f2d
    aht20.o(i.AHT20_Test) refers to printfa.o(i.__0printf) for __2printf
    aht20.o(i.AHT20_Test) refers to printfa.o(i.__0sprintf) for __2sprintf
    aht20.o(i.AHT20_Test) refers to oled.o(i.OLED_ShowStr) for OLED_ShowStr
    aht20.o(i.AHT20_Test) refers to stm32f1xx_hal.o(i.HAL_Delay) for HAL_Delay
    aht20.o(i.AHT20_Test) refers to aht20.o(.data) for .data
    ina226.o(i.INA226_Init) refers to stm32f1xx_hal_i2c.o(i.HAL_I2C_Master_Transmit) for HAL_I2C_Master_Transmit
    ina226.o(i.INA226_Init) refers to stm32f1xx_hal.o(i.HAL_Delay) for HAL_Delay
    ina226.o(i.INA226_Init) refers to i2c.o(.bss) for hi2c1
    ina226.o(i.INA226_Read) refers to ina226.o(i.INA226_Read_Current) for INA226_Read_Current
    ina226.o(i.INA226_Read) refers to ina226.o(i.INA226_Read_Bus_Voltage) for INA226_Read_Bus_Voltage
    ina226.o(i.INA226_Read) refers to ina226.o(i.INA226_Read_Pow) for INA226_Read_Pow
[...]
    i.HAL_I2C_Mem_Write                      0x08001cbc   Section        0  stm32f1xx_hal_i2c.o(i.HAL_I2C_Mem_Write)
    i.HAL_I2C_MspInit                        0x08001dec   Section        0  i2c.o(i.HAL_I2C_MspInit)
    i.HAL_IncTick                            0x08001e48   Section        0  stm32f1xx_hal.o(i.HAL_IncTick)
    i.HAL_Init                               0x08001e58   Section        0  stm32f1xx_hal.o(i.HAL_Init)
    i.HAL_InitTick                           0x08001e7c   Section        0  stm32f1xx_hal.o(i.HAL_InitTick)
    i.HAL_MspInit                            0x08001ebc   Section        0  stm32f1xx_hal_msp.o(i.HAL_MspInit)
    i.HAL_NVIC_EnableIRQ                     0x08001ef8   Section        0  stm32f1xx_hal_cortex.o(i.HAL_NVIC_EnableIRQ)
    i.HAL_NVIC_SetPriority                   0x08001f14   Section        0  stm32f1xx_hal_cortex.o(i.HAL_NVIC_SetPriority)
    i.HAL_NVIC_SetPriorityGrouping           0x08001f54   Section        0  stm32f1xx_hal_cortex.o(i.HAL_NVIC_SetPriorityGrouping)
    i.HAL_RCCEx_GetPeriphCLKFreq             0x08001f78   Section        0  stm32f1xx_hal_rcc_ex.o(i.HAL_RCCEx_GetPeriphCLKFreq)
    i.HAL_RCCEx_PeriphCLKConfig              0x0800201c   Section        0  stm32f1xx_hal_rcc_ex.o(i.HAL_RCCEx_PeriphCLKConfig)
    i.HAL_RCC_ClockConfig                    0x08002108   Section        0  stm32f1xx_hal_rcc.o(i.HAL_RCC_ClockConfig)
    i.HAL_RCC_GetPCLK1Freq                   0x08002234   Section        0  stm32f1xx_hal_rcc.o(i.HAL_RCC_GetPCLK1Freq)
    i.HAL_RCC_GetPCLK2Freq                   0x08002254   Section        0  stm32f1xx_hal_rcc.o(i.HAL_RCC_GetPCLK2Freq)
    i.HAL_RCC_GetSysClockFreq                0x08002274   Section        0  stm32f1xx_hal_rcc.o(i.HAL_RCC_GetSysClockFreq)
    i.HAL_RCC_OscConfig                      0x080022c0   Section        0  stm32f1xx_hal_rcc.o(i.HAL_RCC_OscConfig)
    i.HAL_SYSTICK_Config                     0x080025e0   Section        0  stm32f1xx_hal_cortex.o(i.HAL_SYSTICK_Config)
    i.HAL_TIMEx_BreakCallback                0x08002608   Section        0  stm32f1xx_hal_tim_ex.o(i.HAL_TIMEx_BreakCallback)
    i.HAL_TIMEx_CommutCallback               0x0800260a   Section        0  stm32f1xx_hal_tim_ex.o(i.HAL_TIMEx_CommutCallback)
    i.HAL_TIMEx_MasterConfigSynchronization  0x0800260c   Section        0  stm32f1xx_hal_tim_ex.o(i.HAL_TIMEx_MasterConfigSynchronization)
    i.HAL_TIM_Base_Init                      0x08002674   Section        0  stm32f1xx_hal_tim.o(i.HAL_TIM_Base_Init)
    i.HAL_TIM_Base_MspInit                   0x080026d0   Section        0  tim.o(i.HAL_TIM_Base_MspInit)
    i.HAL_TIM_Base_Start_IT                  0x08002734   Section        0  stm32f1xx_hal_tim.o(i.HAL_TIM_Base_Start_IT)
    i.HAL_TIM_ConfigClockSource              0x0800278c   Section        0  stm32f1xx_hal_tim.o(i.HAL_TIM_ConfigClockSource)
    i.HAL_TIM_IC_CaptureCallback             0x08002868   Section        0  stm32f1xx_hal_tim.o(i.HAL_TIM_IC_CaptureCallback)
    i.HAL_TIM_IRQHandler                     0x0800286a   Section        0  stm32f1xx_hal_tim.o(i.HAL_TIM_IRQHandler)
    i.HAL_TIM_OC_DelayElapsedCallback        0x0800299a   Section        0  stm32f1xx_hal_tim.o(i.HAL_TIM_OC_DelayElapsedCallback)
    i.HAL_TIM_PWM_PulseFinishedCallback      0x0800299c   Section        0  stm32f1xx_hal_tim.o(i.HAL_TIM_PWM_PulseFinishedCallback)
    i.HAL_TIM_PeriodElapsedCallback          0x080029a0   Section        0  stm32f1xx_it.o(i.HAL_TIM_PeriodElapsedCallback)
    i.HAL_TIM_TriggerCallback                0x080029b8   Section        0  stm32f1xx_hal_tim.o(i.HAL_TIM_TriggerCallback)
    i.HAL_UART_Init                          0x080029ba   Section        0  stm32f1xx_hal_uart.o(i.HAL_UART_Init)
    i.HAL_UART_MspInit                       0x08002a20   Section        0  usart.o(i.HAL_UART_MspInit)
    i.HAL_UART_Transmit                      0x08002aec   Section        0  stm32f1xx_hal_uart.o(i.HAL_UART_Transmit)
    i.HardFault_Handler                      0x08002b8c   Section        0  stm32f1xx_it.o(i.HardFault_Handler)
    i.I2C_IsAcknowledgeFailed                0x08002b8e   Section        0  stm32f1xx_hal_i2c.o(i.I2C_IsAcknowledgeFailed)
    I2C_IsAcknowledgeFailed                  0x08002b8f   Thumb Code    46  stm32f1xx_hal_i2c.o(i.I2C_IsAcknowledgeFailed)
    i.I2C_MasterRequestRead                  0x08002bbc   Section        0  stm32f1xx_hal_i2c.o(i.I2C_MasterRequestRead)
    I2C_MasterRequestRead                    0x08002bbd   Thumb Code   230  stm32f1xx_hal_i2c.o(i.I2C_MasterRequestRead)
    i.I2C_MasterRequestWrite                 0x08002ca8   Section        0  stm32f1xx_hal_i2c.o(i.I2C_MasterRequestWrite)
    I2C_MasterRequestWrite                   0x08002ca9   Thumb Code   150  stm32f1xx_hal_i2c.o(i.I2C_MasterRequestWrite)
    i.I2C_RequestMemoryRead                  0x08002d44   Section        0  stm32f1xx_hal_i2c.o(i.I2C_RequestMemoryRead)
    I2C_RequestMemoryRead                    0x08002d45   Thumb Code   246  stm32f1xx_hal_i2c.o(i.I2C_RequestMemoryRead)
    i.I2C_RequestMemoryWrite                 0x08002e40   Section        0  stm32f1xx_hal_i2c.o(i.I2C_RequestMemoryWrite)
    I2C_RequestMemoryWrite                   0x08002e41   Thumb Code   162  stm32f1xx_hal_i2c.o(i.I2C_RequestMemoryWrite)
    i.I2C_WaitOnBTFFlagUntilTimeout          0x08002ee8   Section        0  stm32f1xx_hal_i2c.o(i.I2C_WaitOnBTFFlagUntilTimeout)
    I2C_WaitOnBTFFlagUntilTimeout            0x08002ee9   Thumb Code    86  stm32f1xx_hal_i2c.o(i.I2C_WaitOnBTFFlagUntilTimeout)
    i.I2C_WaitOnFlagUntilTimeout             0x08002f40   Section        0  stm32f1xx_hal_i2c.o(i.I2C_WaitOnFlagUntilTimeout)
    I2C_WaitOnFlagUntilTimeout               0x08002f41   Thumb Code   144  stm32f1xx_hal_i2c.o(i.I2C_WaitOnFlagUntilTimeout)
    i.I2C_WaitOnMasterAddressFlagUntilTimeout 0x08002fd0   Section        0  stm32f1xx_hal_i2c.o(i.I2C_WaitOnMasterAddressFlagUntilTimeout)
    I2C_WaitOnMasterAddressFlagUntilTimeout  0x08002fd1   Thumb Code   188  stm32f1xx_hal_i2c.o(i.I2C_WaitOnMasterAddressFlagUntilTimeout)
    i.I2C_WaitOnRXNEFlagUntilTimeout         0x0800308c   Section        0  stm32f1xx_hal_i2c.o(i.I2C_WaitOnRXNEFlagUntilTimeout)
    I2C_WaitOnRXNEFlagUntilTimeout           0x0800308d   Thumb Code   112  stm32f1xx_hal_i2c.o(i.I2C_WaitOnRXNEFlagUntilTimeout)
    i.I2C_WaitOnTXEFlagUntilTimeout          0x080030fc   Section        0  stm32f1xx_hal_i2c.o(i.I2C_WaitOnTXEFlagUntilTimeout)
    I2C_WaitOnTXEFlagUntilTimeout            0x080030fd   Thumb Code    86  stm32f1xx_hal_i2c.o(i.I2C_WaitOnTXEFlagUntilTimeout)
    i.INA226_Init                            0x08003154   Section        0  ina226.o(i.INA226_Init)
    i.INA226_Read                            0x080031a0   Section        0  ina226.o(i.INA226_Read)
    i.INA226_Read_Bus_Voltage                0x08003220   Section        0  ina226.o(i.INA226_Read_Bus_Voltage)
    i.INA226_Read_Current                    0x08003258   Section        0  ina226.o(i.INA226_Read_Current)
    i.INA226_Read_Pow                        0x08003290   Section        0  ina226.o(i.INA226_Read_Pow)
    i.LED_Control                            0x080032c8   Section        0  gpio.o(i.LED_Control)
    i.MX_ADC1_Init                           0x080032f8   Section        0  adc.o(i.MX_ADC1_Init)
    i.MX_GPIO_Init                           0x0800334c   Section        0  gpio.o(i.MX_GPIO_Init)
    i.MX_I2C1_Init                           0x0800345c   Section        0  i2c.o(i.MX_I2C1_Init)
    i.MX_TIM1_Init                           0x0800349c   Section        0  tim.o(i.MX_TIM1_Init)
    i.MX_TIM3_Init                           0x08003508   Section        0  tim.o(i.MX_TIM3_Init)
    i.MX_USART1_UART_Init                    0x08003570   Section        0  usart.o(i.MX_USART1_UART_Init)
    i.MX_USART2_UART_Init                    0x080035a8   Section        0  usart.o(i.MX_USART2_UART_Init)
    i.MemManage_Handler                      0x080035e0   Section        0  stm32f1xx_it.o(i.MemManage_Handler)
    i.Modbus_Init                            0x080035e4   Section        0  modbus.o(i.Modbus_Init)
    i.Modbus_Parse                           0x08003638   Section        0  modbus.o(i.Modbus_Parse)
    i.NMI_Handler                            0x080036c4   Section        0  stm32f1xx_it.o(i.NMI_Handler)
    i.OLED_CLS                               0x080036c6   Section        0  oled.o(i.OLED_CLS)
    i.OLED_Fill                              0x080036cc   Section        0  oled.o(i.OLED_Fill)
    i.OLED_Init                              0x08003704   Section        0  oled.o(i.OLED_Init)
    i.OLED_SetPos                            0x080037b8   Section        0  oled.o(i.OLED_SetPos)
    i.OLED_ShowStr                           0x080037e0   Section        0  oled.o(i.OLED_ShowStr)
    i.PendSV_Handler                         0x080038b8   Section        0  stm32f1xx_it.o(i.PendSV_Handler)
    i.RELAY_Control                          0x080038bc   Section        0  gpio.o(i.RELAY_Control)
    i.Read_SlaveAddress                      0x080038dc   Section        0  modbus.o(i.Read_SlaveAddress)
    i.SVC_Handler                            0x08003908   Section        0  stm32f1xx_it.o(i.SVC_Handler)
    i.SysTick_Handler                        0x0800390a   Section        0  stm32f1xx_it.o(i.SysTick_Handler)
    i.SystemClock_Config                     0x0800390e   Section        0  main.o(i.SystemClock_Config)
    i.SystemInit                             0x08003986   Section        0  system_stm32f1xx.o(i.SystemInit)
    i.TIM1_UP_IRQHandler                     0x08003988   Section        0  stm32f1xx_it.o(i.TIM1_UP_IRQHandler)
    i.TIM3_IRQHandler                        0x08003994   Section        0  porttimer.o(i.TIM3_IRQHandler)
    i.TIM_Base_SetConfig                     0x080039b4   Section        0  stm32f1xx_hal_tim.o(i.TIM_Base_SetConfig)
    i.TIM_ETR_SetConfig                      0x08003a2c   Section        0  stm32f1xx_hal_tim.o(i.TIM_ETR_SetConfig)
    i.TIM_ITRx_SetConfig                     0x08003a40   Section        0  stm32f1xx_hal_tim.o(i.TIM_ITRx_SetConfig)
    TIM_ITRx_SetConfig                       0x08003a41   Thumb Code    16  stm32f1xx_hal_tim.o(i.TIM_ITRx_SetConfig)
    i.TIM_TI1_ConfigInputStage               0x08003a50   Section        0  stm32f1xx_hal_tim.o(i.TIM_TI1_ConfigInputStage)
    TIM_TI1_ConfigInputStage                 0x08003a51   Thumb Code    34  stm32f1xx_hal_tim.o(i.TIM_TI1_ConfigInputStage)
    i.TIM_TI2_ConfigInputStage               0x08003a72   Section        0  stm32f1xx_hal_tim.o(i.TIM_TI2_ConfigInputStage)
    TIM_TI2_ConfigInputStage                 0x08003a73   Thumb Code    36  stm32f1xx_hal_tim.o(i.TIM_TI2_ConfigInputStage)
    i.UART_EndRxTransfer                     0x08003a96   Section        0  stm32f1xx_hal_uart.o(i.UART_EndRxTransfer)
    UART_EndRxTransfer                       0x08003a97   Thumb Code    78  stm32f1xx_hal_uart.o(i.UART_EndRxTransfer)
    i.UART_SetConfig                         0x08003ae4   Section        0  stm32f1xx_hal_uart.o(i.UART_SetConfig)
    UART_SetConfig                           0x08003ae5   Thumb Code   178  stm32f1xx_hal_uart.o(i.UART_SetConfig)
    i.UART_WaitOnFlagUntilTimeout            0x08003b9c   Section        0  stm32f1xx_hal_uart.o(i.UART_WaitOnFlagUntilTimeout)
    UART_WaitOnFlagUntilTimeout              0x08003b9d   Thumb Code   114  stm32f1xx_hal_uart.o(i.UART_WaitOnFlagUntilTimeout)
    i.USART2_IRQHandler                      0x08003c10   Section        0  portserial.o(i.USART2_IRQHandler)
    i.UsageFault_Handler                     0x08003c54   Section        0  stm32f1xx_it.o(i.UsageFault_Handler)
    i.WriteCmd                               0x08003c58   Section        0  oled.o(i.WriteCmd)
    i.WriteDat                               0x08003c7c   Section        0  oled.o(i.WriteDat)
    i.Write_SlaveAddress                     0x08003ca0   Section        0  modbus.o(i.Write_SlaveAddress)
    i.__0printf                              0x08003cc8   Section        0  printfa.o(i.__0printf)
    i.__NVIC_SetPriority                     0x08003ce8   Section        0  stm32f1xx_hal_cortex.o(i.__NVIC_SetPriority)
    __NVIC_SetPriority                       0x08003ce9   Thumb Code    32  stm32f1xx_hal_cortex.o(i.__NVIC_SetPriority)
    i.__scatterload_copy                     0x08003d08   Section       14  handlers.o(i.__scatterload_copy)
    i.__scatterload_null                     0x08003d16   Section        2  handlers.o(i.__scatterload_null)
    i.__scatterload_zeroinit                 0x08003d18   Section       14  handlers.o(i.__scatterload_zeroinit)
    i._fp_digits                             0x08003d28   Section        0  printfa.o(i._fp_digits)
    _fp_digits                               0x08003d29   Thumb Code   366  printfa.o(i._fp_digits)
    i._printf_core                           0x08003eac   Section        0  printfa.o(i._printf_core)
    _printf_core                             0x08003ead   Thumb Code  1744  printfa.o(i._printf_core)
    i._printf_post_padding                   0x08004588   Section        0  printfa.o(i._printf_post_padding)
    _printf_post_padding                     0x08004589   Thumb Code    36  printfa.o(i._printf_post_padding)
    i._printf_pre_padding                    0x080045ac   Section        0  printfa.o(i._printf_pre_padding)
    _printf_pre_padding                      0x080045ad   Thumb Code    46  printfa.o(i._printf_pre_padding)
    i.eMBASCIIInit                           0x080045dc   Section        0  mbascii.o(i.eMBASCIIInit)
    i.eMBASCIIReceive                        0x08004610   Section        0  mbascii.o(i.eMBASCIIReceive)
    i.eMBASCIISend                           0x08004658   Section        0  mbascii.o(i.eMBASCIISend)
    i.eMBASCIIStart                          0x080046a0   Section        0  mbascii.o(i.eMBASCIIStart)
    i.eMBASCIIStop                           0x080046bc   Section        0  mbascii.o(i.eMBASCIIStop)
    i.eMBClose                               0x080046d0   Section        0  mb.o(i.eMBClose)
    i.eMBDisable                             0x080046f0   Section        0  mb.o(i.eMBDisable)
    i.eMBEnable                              0x08004710   Section        0  mb.o(i.eMBEnable)
    i.eMBFuncReadCoils                       0x08004730   Section        0  mbfunccoils.o(i.eMBFuncReadCoils)
    i.eMBFuncReadDiscreteInputs              0x080047a2   Section        0  mbfuncdisc.o(i.eMBFuncReadDiscreteInputs)
    i.eMBFuncReadHoldingRegister             0x08004814   Section        0  mbfuncholding.o(i.eMBFuncReadHoldingRegister)
    i.eMBFuncReadInputRegister               0x08004878   Section        0  mbfuncinput.o(i.eMBFuncReadInputRegister)
    i.eMBFuncReadWriteMultipleHoldingRegister 0x080048da   Section        0  mbfuncholding.o(i.eMBFuncReadWriteMultipleHoldingRegister)
    i.eMBFuncReportSlaveID                   0x08004978   Section        0  mbfuncother.o(i.eMBFuncReportSlaveID)
    i.eMBFuncWriteCoil                       0x0800499c   Section        0  mbfunccoils.o(i.eMBFuncWriteCoil)
    i.eMBFuncWriteHoldingRegister            0x080049f2   Section        0  mbfuncholding.o(i.eMBFuncWriteHoldingRegister)
    i.eMBFuncWriteMultipleCoils              0x08004a24   Section        0  mbfunccoils.o(i.eMBFuncWriteMultipleCoils)
    i.eMBFuncWriteMultipleHoldingRegister    0x08004a88   Section        0  mbfuncholding.o(i.eMBFuncWriteMultipleHoldingRegister)
    i.eMBInit                                0x08004ad8   Section        0  mb.o(i.eMBInit)
    i.eMBPoll                                0x08004bc4   Section        0  mb.o(i.eMBPoll)
    i.eMBRTUInit                             0x08004c84   Section        0  mbrtu.o(i.eMBRTUInit)
    i.eMBRTUReceive                          0x08004cc4   Section        0  mbrtu.o(i.eMBRTUReceive)
    i.eMBRTUSend                             0x08004d14   Section        0  mbrtu.o(i.eMBRTUSend)
    i.eMBRTUStart                            0x08004d6c   Section        0  mbrtu.o(i.eMBRTUStart)
    i.eMBRTUStop                             0x08004d88   Section        0  mbrtu.o(i.eMBRTUStop)
    i.eMBRegCoilsCB                          0x08004d9c   Section        0  port.o(i.eMBRegCoilsCB)
    i.eMBRegDiscreteCB                       0x08004e38   Section        0  port.o(i.eMBRegDiscreteCB)
    i.eMBRegHoldingCB                        0x08004eb8   Section        0  port.o(i.eMBRegHoldingCB)
    i.eMBRegInputCB                          0x08004f20   Section        0  port.o(i.eMBRegInputCB)
    i.fputc                                  0x08004f70   Section        0  usart.o(i.fputc)
    i.main                                   0x08004f88   Section        0  main.o(i.main)
    i.prveMBError2Exception                  0x08005024   Section        0  mbutils.o(i.prveMBError2Exception)
    i.prvucMBBIN2CHAR                        0x0800503c   Section        0  mbascii.o(i.prvucMBBIN2CHAR)
    prvucMBBIN2CHAR                          0x0800503d   Thumb Code    28  mbascii.o(i.prvucMBBIN2CHAR)
    i.prvucMBLRC                             0x08005058   Section        0  mbascii.o(i.prvucMBLRC)
    prvucMBLRC                               0x08005059   Thumb Code    24  mbascii.o(i.prvucMBLRC)
    i.usMBCRC16                              0x08005070   Section        0  mbcrc.o(i.usMBCRC16)
    i.vMBPortSerialEnable                    0x0800509c   Section        0  portserial.o(i.vMBPortSerialEnable)
    i.vMBPortTimersDisable                   0x080050f0   Section        0  porttimer.o(i.vMBPortTimersDisable)
    i.vMBPortTimersEnable                    0x08005114   Section        0  porttimer.o(i.vMBPortTimersEnable)
    i.xMBASCIIReceiveFSM                     0x0800512c   Section        0  mbascii.o(i.xMBASCIIReceiveFSM)
    i.xMBASCIITimerT1SExpired                0x08005210   Section        0  mbascii.o(i.xMBASCIITimerT1SExpired)
    i.xMBASCIITransmitFSM                    0x08005240   Section        0  mbascii.o(i.xMBASCIITransmitFSM)
    i.xMBPortEventGet                        0x080052ec   Section        0  portevent.o(i.xMBPortEventGet)
    i.xMBPortEventInit                       0x08005308   Section        0  portevent.o(i.xMBPortEventInit)
    i.xMBPortEventPost                       0x08005318   Section        0  portevent.o(i.xMBPortEventPost)
    i.xMBPortSerialGetByte                   0x08005328   Section        0  portserial.o(i.xMBPortSerialGetByte)
    i.xMBPortSerialInit                      0x08005338   Section        0  portserial.o(i.xMBPortSerialInit)
    i.xMBPortSerialPutByte                   0x08005398   Section        0  portserial.o(i.xMBPortSerialPutByte)
    i.xMBPortTimersInit                      0x080053a4   Section        0  porttimer.o(i.xMBPortTimersInit)
    i.xMBRTUReceiveFSM                       0x08005418   Section        0  mbrtu.o(i.xMBRTUReceiveFSM)
    i.xMBRTUTimerT35Expired                  0x08005480   Section        0  mbrtu.o(i.xMBRTUTimerT35Expired)
    i.xMBRTUTransmitFSM                      0x080054c0   Section        0  mbrtu.o(i.xMBRTUTransmitFSM)
    .constdata                               0x0800551c   Section     2072  oled.o(.constdata)
    .constdata                               0x08005d34   Section      512  mbcrc.o(.constdata)
    aucCRCHi                                 0x08005d34   Data         256  mbcrc.o(.constdata)
    aucCRCLo                                 0x08005e34   Data         256  mbcrc.o(.constdata)
    .constdata                               0x08005f34   Section       18  stm32f1xx_hal_rcc.o(.constdata)
    aPredivFactorTable                       0x08005f34   Data           2  stm32f1xx_hal_rcc.o(.constdata)
    aPLLMULFactorTable                       0x08005f36   Data          16  stm32f1xx_hal_rcc.o(.constdata)
    .constdata                               0x08005f46   Section       18  stm32f1xx_hal_rcc_ex.o(.constdata)
    aPredivFactorTable                       0x08005f46   Data           2  stm32f1xx_hal_rcc_ex.o(.constdata)
    aPLLMULFactorTable                       0x08005f48   Data          16  stm32f1xx_hal_rcc_ex.o(.constdata)
    .constdata                               0x08005f58   Section       16  system_stm32f1xx.o(.constdata)
    .constdata                               0x08005f68   Section        8  system_stm32f1xx.o(.constdata)
    .data                                    0x20000000   Section        8  aht20.o(.data)
    .data                                    0x20000008   Section        3  modbus.o(.data)
    .data                                    0x2000000b   Section        1  gpio.o(.data)
    .data                                    0x2000000c   Section        4  stm32f1xx_it.o(.data)
    old_uwTick                               0x2000000c   Data           4  stm32f1xx_it.o(.data)
    .data                                    0x20000010   Section      172  mb.o(.data)
    eMBState                                 0x20000010   Data           1  mb.o(.data)
    ucRcvAddress                             0x20000011   Data           1  mb.o(.data)
    ucFunctionCode                           0x20000012   Data           1  mb.o(.data)
    eException                               0x20000013   Data           1  mb.o(.data)
    ucMBAddress                              0x20000014   Data           1  mb.o(.data)
    eMBCurrentMode                           0x20000015   Data           1  mb.o(.data)
    usLength                                 0x20000016   Data           2  mb.o(.data)
    ucMBFrame                                0x20000018   Data           4  mb.o(.data)
    peMBFrameSendCur                         0x2000001c   Data           4  mb.o(.data)
    pvMBFrameStartCur                        0x20000020   Data           4  mb.o(.data)
    pvMBFrameStopCur                         0x20000024   Data           4  mb.o(.data)
    peMBFrameReceiveCur                      0x20000028   Data           4  mb.o(.data)
    pvMBFrameCloseCur                        0x2000002c   Data           4  mb.o(.data)
    xFuncHandlers                            0x2000003c   Data         128  mb.o(.data)
    .data                                    0x200000bc   Section       16  mbascii.o(.data)
    eSndState                                0x200000bc   Data           1  mbascii.o(.data)
    eRcvState                                0x200000bd   Data           1  mbascii.o(.data)
    eBytePos                                 0x200000be   Data           1  mbascii.o(.data)
    ucMBLFCharacter                          0x200000bf   Data           1  mbascii.o(.data)
    usRcvBufferPos                           0x200000c0   Data           2  mbascii.o(.data)
    usSndBufferCount                         0x200000c2   Data           2  mbascii.o(.data)
    ucASCIIBuf                               0x200000c4   Data           4  mbascii.o(.data)
    pucSndBufferCur                          0x200000c8   Data           4  mbascii.o(.data)
    .data                                    0x200000cc   Section        2  mbfuncother.o(.data)
    usMBSlaveIDLen                           0x200000cc   Data           2  mbfuncother.o(.data)
    .data                                    0x200000d0   Section       12  mbrtu.o(.data)
    eSndState                                0x200000d0   Data           1  mbrtu.o(.data)
    eRcvState                                0x200000d1   Data           1  mbrtu.o(.data)
    usSndBufferCount                         0x200000d2   Data           2  mbrtu.o(.data)
    usRcvBufferPos                           0x200000d4   Data           2  mbrtu.o(.data)
    pucSndBufferCur                          0x200000d8   Data           4  mbrtu.o(.data)
    .data                                    0x200000dc   Section       20  port.o(.data)
    .data                                    0x200000f0   Section        2  portevent.o(.data)
    eQueuedEvent                             0x200000f0   Data           1  portevent.o(.data)
    xEventInQueue                            0x200000f1   Data           1  portevent.o(.data)
    .data                                    0x200000f4   Section       12  stm32f1xx_hal.o(.data)
    .data                                    0x20000100   Section        4  system_stm32f1xx.o(.data)
    .data                                    0x20000104   Section        4  stdout.o(.data)
    .bss                                     0x20000108   Section       48  adc.o(.bss)
    .bss                                     0x20000138   Section       84  i2c.o(.bss)
    .bss                                     0x2000018c   Section      144  tim.o(.bss)
    .bss                                     0x2000021c   Section      144  usart.o(.bss)
    .bss                                     0x200002ac   Section       32  mbfuncother.o(.bss)
    ucMBSlaveID                              0x200002ac   Data          32  mbfuncother.o(.bss)
    .bss                                     0x200002cc   Section      256  mbrtu.o(.bss)
    .bss                                     0x200003cc   Section       40  port.o(.bss)
    STACK                                    0x200003f8   Section     1024  startup_stm32f103xb.o(STACK)

    Global Symbols

    Symbol Name                              Value     Ov Type        Size  Object(Section)

    BuildAttributes$$THM_ISAv4$P$D$K$B$S$PE$A:L22UL41UL21$X:L11$S22US41US21$IEEE1$IW$USESV6$~STKCKD$USESV7$~SHL$OTIME$ROPI$EBA8$MICROLIB$REQ8$PRES8$EABIv2 0x00000000   Number         0  anon$$obj.o ABSOLUTE
    __ARM_use_no_argv                        0x00000000   Number         0  main.o ABSOLUTE
    _printf_a                                0x00000000   Number         0  stubs.o ABSOLUTE
    _printf_c                                0x00000000   Number         0  stubs.o ABSOLUTE
    _printf_charcount                        0x00000000   Number         0  stubs.o ABSOLUTE
    _printf_d                                0x00000000   Number         0  stubs.o ABSOLUTE
    _printf_e                                0x00000000   Number         0  stubs.o ABSOLUTE
    _printf_f                                0x00000000   Number         0  stubs.o ABSOLUTE
    _printf_flags                            0x00000000   Number         0  stubs.o ABSOLUTE
    _printf_fp_dec                           0x00000000   Number         0  stubs.o ABSOLUTE
    _printf_fp_hex                           0x00000000   Number         0  stubs.o ABSOLUTE
    _printf_g                                0x00000000   Number         0  stubs.o ABSOLUTE
    _printf_i                                0x00000000   Number         0  stubs.o ABSOLUTE
    _printf_int_dec                          0x00000000   Number         0  stubs.o ABSOLUTE
    _printf_l                                0x00000000   Number         0  stubs.o ABSOLUTE
    _printf_lc                               0x00000000   Number         0  stubs.o ABSOLUTE
    _printf_ll                               0x00000000   Number         0  stubs.o ABSOLUTE
    _printf_lld                              0x00000000   Number         0  stubs.o ABSOLUTE
    _printf_lli                              0x00000000   Number         0  stubs.o ABSOLUTE
    _printf_llo                              0x00000000   Number         0  stubs.o ABSOLUTE
    _printf_llu                              0x00000000   Number         0  stubs.o ABSOLUTE
    _printf_llx                              0x00000000   Number         0  stubs.o ABSOLUTE
    _printf_longlong_dec                     0x00000000   Number         0  stubs.o ABSOLUTE
    _printf_longlong_hex                     0x00000000   Number         0  stubs.o ABSOLUTE
    _printf_longlong_oct                     0x00000000   Number         0  stubs.o ABSOLUTE
    _printf_ls                               0x00000000   Number         0  stubs.o ABSOLUTE
    _printf_mbtowc                           0x00000000   Number         0  stubs.o ABSOLUTE
    _printf_n                                0x00000000   Number         0  stubs.o ABSOLUTE
    _printf_o                                0x00000000   Number         0  stubs.o ABSOLUTE
    _printf_p                                0x00000000   Number         0  stubs.o ABSOLUTE
    _printf_percent                          0x00000000   Number         0  stubs.o ABSOLUTE
    _printf_pre_padding                      0x00000000   Number         0  stubs.o ABSOLUTE
    _printf_return_value                     0x00000000   Number         0  stubs.o ABSOLUTE
    _printf_s                                0x00000000   Number         0  stubs.o ABSOLUTE
    _printf_sizespec                         0x00000000   Number         0  stubs.o ABSOLUTE
    _printf_str                              0x00000000   Number         0  stubs.o ABSOLUTE
    _printf_truncate_signed                  0x00000000   Number         0  stubs.o ABSOLUTE
    _printf_truncate_unsigned                0x00000000   Number         0  stubs.o ABSOLUTE
    _printf_u                                0x00000000   Number         0  stubs.o ABSOLUTE
    _printf_wc                               0x00000000   Number         0  stubs.o ABSOLUTE
    _printf_wctomb                           0x00000000   Number         0  stubs.o ABSOLUTE
    _printf_widthprec                        0x00000000   Number         0  stubs.o ABSOLUTE
    _printf_x                                0x00000000   Number         0  stubs.o ABSOLUTE
    __cpp_initialize__aeabi_                  - Undefined Weak Reference
    __cxa_finalize                            - Undefined Weak Reference
    __decompress                              - Undefined Weak Reference
    _clock_init                               - Undefined Weak Reference
    _microlib_exit                            - Undefined Weak Reference
    __Vectors_Size                           0x000000ec   Number         0  startup_stm32f103xb.o ABSOLUTE
    __Vectors                                0x08000000   Data           4  startup_stm32f103xb.o(RESET)
    __Vectors_End                            0x080000ec   Data           0  startup_stm32f103xb.o(RESET)
    __main                                   0x080000ed   Thumb Code     0  entry.o(.ARM.Collect$$$$00000000)
    _main_stk                                0x080000ed   Thumb Code     0  entry2.o(.ARM.Collect$$$$00000001)
    _main_scatterload                        0x080000f1   Thumb Code     0  entry5.o(.ARM.Collect$$$$00000004)
    __main_after_scatterload                 0x080000f5   Thumb Code     0  entry5.o(.ARM.Collect$$$$00000004)
    _main_clock                              0x080000f5   Thumb Code     0  entry7b.o(.ARM.Collect$$$$00000008)
    _main_cpp_init                           0x080000f5   Thumb Code     0  entry8b.o(.ARM.Collect$$$$0000000A)
    _main_init                               0x080000f5   Thumb Code     0  entry9a.o(.ARM.Collect$$$$0000000B)
    __rt_final_cpp                           0x080000fd   Thumb Code     0  entry10a.o(.ARM.Collect$$$$0000000D)
    __rt_final_exit                          0x080000fd   Thumb Code     0  entry11a.o(.ARM.Collect$$$$0000000F)
    Reset_Handler                            0x08000101   Thumb Code     8  startup_stm32f103xb.o(.text)
    ADC1_2_IRQHandler                        0x0800011b   Thumb Code     0  startup_stm32f103xb.o(.text)
    CAN1_RX1_IRQHandler                      0x0800011b   Thumb Code     0  startup_stm32f103xb.o(.text)
    CAN1_SCE_IRQHandler                      0x0800011b   Thumb Code     0  startup_stm32f103xb.o(.text)
    DMA1_Channel1_IRQHandler                 0x0800011b   Thumb Code     0  startup_stm32f103xb.o(.text)
    DMA1_Channel2_IRQHandler                 0x0800011b   Thumb Code     0  startup_stm32f103xb.o(.text)
    DMA1_Channel3_IRQHandler                 0x0800011b   Thumb Code     0  startup_stm32f103xb.o(.text)
    DMA1_Channel4_IRQHandler                 0x0800011b   Thumb Code     0  startup_stm32f103xb.o(.text)
    DMA1_Channel5_IRQHandler                 0x0800011b   Thumb Code     0  startup_stm32f103xb.o(.text)
    DMA1_Channel6_IRQHandler                 0x0800011b   Thumb Code     0  startup_stm32f103xb.o(.text)
    DMA1_Channel7_IRQHandler                 0x0800011b   Thumb Code     0  startup_stm32f103xb.o(.text)
    EXTI0_IRQHandler                         0x0800011b   Thumb Code     0  startup_stm32f103xb.o(.text)
    EXTI1_IRQHandler                         0x0800011b   Thumb Code     0  startup_stm32f103xb.o(.text)
    EXTI2_IRQHandler                         0x0800011b   Thumb Code     0  startup_stm32f103xb.o(.text)
    EXTI3_IRQHandler                         0x0800011b   Thumb Code     0  startup_stm32f103xb.o(.text)
    EXTI4_IRQHandler                         0x0800011b   Thumb Code     0  startup_stm32f103xb.o(.text)
    FLASH_IRQHandler                         0x0800011b   Thumb Code     0  startup_stm32f103xb.o(.text)
    I2C1_ER_IRQHandler                       0x0800011b   Thumb Code     0  startup_stm32f103xb.o(.text)
    I2C1_EV_IRQHandler                       0x0800011b   Thumb Code     0  startup_stm32f103xb.o(.text)
    I2C2_ER_IRQHandler                       0x0800011b   Thumb Code     0  startup_stm32f103xb.o(.text)
    I2C2_EV_IRQHandler                       0x0800011b   Thumb Code     0  startup_stm32f103xb.o(.text)
    PVD_IRQHandler                           0x0800011b   Thumb Code     0  startup_stm32f103xb.o(.text)
    RCC_IRQHandler                           0x0800011b   Thumb Code     0  startup_stm32f103xb.o(.text)
    RTC_Alarm_IRQHandler                     0x0800011b   Thumb Code     0  startup_stm32f103xb.o(.text)
    RTC_IRQHandler                           0x0800011b   Thumb Code     0  startup_stm32f103xb.o(.text)
    SPI1_IRQHandler                          0x0800011b   Thumb Code     0  startup_stm32f103xb.o(.text)
    SPI2_IRQHandler                          0x0800011b   Thumb Code     0  startup_stm32f103xb.o(.text)
    TAMPER_IRQHandler                        0x0800011b   Thumb Code     0  startup_stm32f103xb.o(.text)
    TIM1_BRK_IRQHandler                      0x0800011b   Thumb Code     0  startup_stm32f103xb.o(.text)
    TIM1_CC_IRQHandler                       0x0800011b   Thumb Code     0  startup_stm32f103xb.o(.text)
    TIM1_TRG_COM_IRQHandler                  0x0800011b   Thumb Code     0  startup_stm32f103xb.o(.text)
    TIM2_IRQHandler                          0x0800011b   Thumb Code     0  startup_stm32f103xb.o(.text)
    TIM4_IRQHandler                          0x0800011b   Thumb Code     0  startup_stm32f103xb.o(.text)
    USART1_IRQHandler                        0x0800011b   Thumb Code     0  startup_stm32f103xb.o(.text)
    USART3_IRQHandler                        0x0800011b   Thumb Code     0  startup_stm32f103xb.o(.text)
    USBWakeUp_IRQHandler                     0x0800011b   Thumb Code     0  startup_stm32f103xb.o(.text)
    USB_HP_CAN1_TX_IRQHandler                0x0800011b   Thumb Code     0  startup_stm32f103xb.o(.text)
    USB_LP_CAN1_RX0_IRQHandler               0x0800011b   Thumb Code     0  startup_stm32f103xb.o(.text)
    WWDG_IRQHandler                          0x0800011b   Thumb Code     0  startup_stm32f103xb.o(.text)
    __aeabi_llsr                             0x08000125   Thumb Code    32  llushr.o(.text)
    _ll_ushift_r                             0x08000125   Thumb Code     0  llushr.o(.text)
    __aeabi_memcpy                           0x08000145   Thumb Code    36  memcpya.o(.text)
    __aeabi_memcpy4                          0x08000145   Thumb Code     0  memcpya.o(.text)
    __aeabi_memcpy8                          0x08000145   Thumb Code     0  memcpya.o(.text)
    __aeabi_memset                           0x08000169   Thumb Code    14  memseta.o(.text)
    __aeabi_memset4                          0x08000169   Thumb Code     0  memseta.o(.text)
    __aeabi_memset8                          0x08000169   Thumb Code     0  memseta.o(.text)
    __aeabi_memclr                           0x08000177   Thumb Code     4  memseta.o(.text)
    __aeabi_memclr4                          0x08000177   Thumb Code     0  memseta.o(.text)
    __aeabi_memclr8                          0x08000177   Thumb Code     0  memseta.o(.text)
    _memset$wrapper                          0x0800017b   Thumb Code    18  memseta.o(.text)
    __aeabi_fmul                             0x0800018d   Thumb Code   100  fmul.o(.text)
    __aeabi_fdiv                             0x080001f1   Thumb Code   124  fdiv.o(.text)
    __aeabi_dadd                             0x0800026d   Thumb Code   322  dadd.o(.text)
    __aeabi_dsub                             0x080003af   Thumb Code     6  dadd.o(.text)
    __aeabi_drsub                            0x080003b5   Thumb Code     6  dadd.o(.text)
    __aeabi_dmul                             0x080003bb   Thumb Code   228  dmul.o(.text)
    __aeabi_ddiv                             0x0800049f   Thumb Code   222  ddiv.o(.text)
    __ARM_scalbn                             0x0800057d   Thumb Code    46  dscalb.o(.text)
    scalbn                                   0x0800057d   Thumb Code     0  dscalb.o(.text)
    __aeabi_ui2f                             0x080005ab   Thumb Code    10  ffltui.o(.text)
    __aeabi_ui2d                             0x080005b5   Thumb Code    26  dfltui.o(.text)
    __aeabi_f2uiz                            0x080005cf   Thumb Code    40  ffixui.o(.text)
    __aeabi_d2f                              0x080005f7   Thumb Code    56  d2f.o(.text)
    __aeabi_uidiv                            0x0800062f   Thumb Code     0  uidiv.o(.text)
    __aeabi_uidivmod                         0x0800062f   Thumb Code    44  uidiv.o(.text)
    __aeabi_uldivmod                         0x0800065b   Thumb Code    98  uldiv.o(.text)
    __aeabi_llsl                             0x080006bd   Thumb Code    30  llshl.o(.text)
    _ll_shift_l                              0x080006bd   Thumb Code     0  llshl.o(.text)
    __aeabi_lasr                             0x080006db   Thumb Code    36  llsshr.o(.text)
    _ll_sshift_r                             0x080006db   Thumb Code     0  llsshr.o(.text)
    __I$use$fp                               0x080006ff   Thumb Code     0  iusefp.o(.text)
    _float_round                             0x080006ff   Thumb Code    18  fepilogue.o(.text)
    _float_epilogue                          0x08000711   Thumb Code    92  fepilogue.o(.text)
    _double_round                            0x0800076d   Thumb Code    30  depilogue.o(.text)
    _double_epilogue                         0x0800078b   Thumb Code   156  depilogue.o(.text)
    __aeabi_d2ulz                            0x08000827   Thumb Code    48  dfixul.o(.text)
    __aeabi_cdrcmple                         0x08000859   Thumb Code    48  cdrcmple.o(.text)
    __scatterload                            0x08000889   Thumb Code    28  init.o(.text)
    __scatterload_rt2                        0x08000889   Thumb Code     0  init.o(.text)
    ADC_ConversionStop_Disable               0x080008ad   Thumb Code    86  stm32f1xx_hal_adc.o(i.ADC_ConversionStop_Disable)
    ADC_Enable                               0x08000905   Thumb Code   114  stm32f1xx_hal_adc.o(i.ADC_Enable)
    ADC_VR_CPU_Read                          0x08000981   Thumb Code   248  adc.o(i.ADC_VR_CPU_Read)
    AHT20_DeInit                             0x08000aa1   Thumb Code    40  aht20.o(i.AHT20_DeInit)
    AHT20_Init                               0x08000acd   Thumb Code    58  aht20.o(i.AHT20_Init)
    AHT20_Read                               0x08000b0d   Thumb Code    42  aht20.o(i.AHT20_Read)
    AHT20_ReadData                           0x08000b45   Thumb Code   232  aht20.o(i.AHT20_ReadData)
    AHT20_Read_Status                        0x08000c41   Thumb Code    26  aht20.o(i.AHT20_Read_Status)
    BEEP_Control                             0x08000c61   Thumb Code    28  gpio.o(i.BEEP_Control)
    BusFault_Handler                         0x08000c81   Thumb Code     2  stm32f1xx_it.o(i.BusFault_Handler)
    DebugMon_Handler                         0x08000c83   Thumb Code     2  stm32f1xx_it.o(i.DebugMon_Handler)
    EXTI15_10_IRQHandler                     0x08000c85   Thumb Code    38  stm32f1xx_it.o(i.EXTI15_10_IRQHandler)
    EXTI9_5_IRQHandler                       0x08000cab   Thumb Code    20  stm32f1xx_it.o(i.EXTI9_5_IRQHandler)
    Error_Handler                            0x08000cbf   Thumb Code     4  main.o(i.Error_Handler)
    HAL_ADCEx_Calibration_Start              0x08000cc5   Thumb Code   210  stm32f1xx_hal_adc_ex.o(i.HAL_ADCEx_Calibration_Start)
    HAL_ADC_ConfigChannel                    0x08000d9d   Thumb Code   240  stm32f1xx_hal_adc.o(i.HAL_ADC_ConfigChannel)
    HAL_ADC_GetValue                         0x08000e99   Thumb Code     6  stm32f1xx_hal_adc.o(i.HAL_ADC_GetValue)
    HAL_ADC_Init                             0x08000ea1   Thumb Code   272  stm32f1xx_hal_adc.o(i.HAL_ADC_Init)
    HAL_ADC_MspInit                          0x08000fbd   Thumb Code    76  adc.o(i.HAL_ADC_MspInit)
    HAL_ADC_PollForConversion                0x08001015   Thumb Code   304  stm32f1xx_hal_adc.o(i.HAL_ADC_PollForConversion)
    HAL_ADC_Start                            0x08001151   Thumb Code   184  stm32f1xx_hal_adc.o(i.HAL_ADC_Start)
    HAL_Delay                                0x08001211   Thumb Code    32  stm32f1xx_hal.o(i.HAL_Delay)
    HAL_GPIO_EXTI_Callback                   0x08001235   Thumb Code   156  stm32f1xx_it.o(i.HAL_GPIO_EXTI_Callback)
    HAL_GPIO_EXTI_IRQHandler                 0x0800134d   Thumb Code    18  stm32f1xx_hal_gpio.o(i.HAL_GPIO_EXTI_IRQHandler)
    HAL_GPIO_Init                            0x08001365   Thumb Code   446  stm32f1xx_hal_gpio.o(i.HAL_GPIO_Init)
    HAL_GPIO_WritePin                        0x08001545   Thumb Code    10  stm32f1xx_hal_gpio.o(i.HAL_GPIO_WritePin)
    HAL_GetTick                              0x08001551   Thumb Code     6  stm32f1xx_hal.o(i.HAL_GetTick)
    HAL_I2C_Init                             0x0800155d   Thumb Code   376  stm32f1xx_hal_i2c.o(i.HAL_I2C_Init)
    HAL_I2C_Master_Receive                   0x080016e5   Thumb Code   576  stm32f1xx_hal_i2c.o(i.HAL_I2C_Master_Receive)
    HAL_I2C_Master_Transmit                  0x08001935   Thumb Code   290  stm32f1xx_hal_i2c.o(i.HAL_I2C_Master_Transmit)
    HAL_I2C_Mem_Read                         0x08001a61   Thumb Code   586  stm32f1xx_hal_i2c.o(i.HAL_I2C_Mem_Read)
    HAL_I2C_Mem_Write                        0x08001cbd   Thumb Code   294  stm32f1xx_hal_i2c.o(i.HAL_I2C_Mem_Write)
    HAL_I2C_MspInit                          0x08001ded   Thumb Code    80  i2c.o(i.HAL_I2C_MspInit)
    HAL_IncTick                              0x08001e49   Thumb Code    12  stm32f1xx_hal.o(i.HAL_IncTick)
    HAL_Init                                 0x08001e59   Thumb Code    32  stm32f1xx_hal.o(i.HAL_Init)
    HAL_InitTick                             0x08001e7d   Thumb Code    54  stm32f1xx_hal.o(i.HAL_InitTick)
    HAL_MspInit                              0x08001ebd   Thumb Code    52  stm32f1xx_hal_msp.o(i.HAL_MspInit)
    HAL_NVIC_EnableIRQ                       0x08001ef9   Thumb Code    26  stm32f1xx_hal_cortex.o(i.HAL_NVIC_EnableIRQ)
    HAL_NVIC_SetPriority                     0x08001f15   Thumb Code    60  stm32f1xx_hal_cortex.o(i.HAL_NVIC_SetPriority)
    HAL_NVIC_SetPriorityGrouping             0x08001f55   Thumb Code    26  stm32f1xx_hal_cortex.o(i.HAL_NVIC_SetPriorityGrouping)
    HAL_RCCEx_GetPeriphCLKFreq               0x08001f79   Thumb Code   148  stm32f1xx_hal_rcc_ex.o(i.HAL_RCCEx_GetPeriphCLKFreq)
    HAL_RCCEx_PeriphCLKConfig                0x0800201d   Thumb Code   224  stm32f1xx_hal_rcc_ex.o(i.HAL_RCCEx_PeriphCLKConfig)
    HAL_RCC_ClockConfig                      0x08002109   Thumb Code   280  stm32f1xx_hal_rcc.o(i.HAL_RCC_ClockConfig)
    HAL_RCC_GetPCLK1Freq                     0x08002235   Thumb Code    20  stm32f1xx_hal_rcc.o(i.HAL_RCC_GetPCLK1Freq)
    HAL_RCC_GetPCLK2Freq                     0x08002255   Thumb Code    20  stm32f1xx_hal_rcc.o(i.HAL_RCC_GetPCLK2Freq)
    HAL_RCC_GetSysClockFreq                  0x08002275   Thumb Code    58  stm32f1xx_hal_rcc.o(i.HAL_RCC_GetSysClockFreq)
    HAL_RCC_OscConfig                        0x080022c1   Thumb Code   778  stm32f1xx_hal_rcc.o(i.HAL_RCC_OscConfig)
    HAL_SYSTICK_Config                       0x080025e1   Thumb Code    40  stm32f1xx_hal_cortex.o(i.HAL_SYSTICK_Config)
    HAL_TIMEx_BreakCallback                  0x08002609   Thumb Code     2  stm32f1xx_hal_tim_ex.o(i.HAL_TIMEx_BreakCallback)
    HAL_TIMEx_CommutCallback                 0x0800260b   Thumb Code     2  stm32f1xx_hal_tim_ex.o(i.HAL_TIMEx_CommutCallback)
    HAL_TIMEx_MasterConfigSynchronization    0x0800260d   Thumb Code    92  stm32f1xx_hal_tim_ex.o(i.HAL_TIMEx_MasterConfigSynchronization)
    HAL_TIM_Base_Init                        0x08002675   Thumb Code    90  stm32f1xx_hal_tim.o(i.HAL_TIM_Base_Init)
    HAL_TIM_Base_MspInit                     0x080026d1   Thumb Code    86  tim.o(i.HAL_TIM_Base_MspInit)
    HAL_TIM_Base_Start_IT                    0x08002735   Thumb Code    76  stm32f1xx_hal_tim.o(i.HAL_TIM_Base_Start_IT)
    HAL_TIM_ConfigClockSource                0x0800278d   Thumb Code   220  stm32f1xx_hal_tim.o(i.HAL_TIM_ConfigClockSource)
    HAL_TIM_IC_CaptureCallback               0x08002869   Thumb Code     2  stm32f1xx_hal_tim.o(i.HAL_TIM_IC_CaptureCallback)
    HAL_TIM_IRQHandler                       0x0800286b   Thumb Code   304  stm32f1xx_hal_tim.o(i.HAL_TIM_IRQHandler)
    HAL_TIM_OC_DelayElapsedCallback          0x0800299b   Thumb Code     2  stm32f1xx_hal_tim.o(i.HAL_TIM_OC_DelayElapsedCallback)
    HAL_TIM_PWM_PulseFinishedCallback        0x0800299d   Thumb Code     2  stm32f1xx_hal_tim.o(i.HAL_TIM_PWM_PulseFinishedCallback)
    HAL_TIM_PeriodElapsedCallback            0x080029a1   Thumb Code    16  stm32f1xx_it.o(i.HAL_TIM_PeriodElapsedCallback)
    HAL_TIM_TriggerCallback                  0x080029b9   Thumb Code     2  stm32f1xx_hal_tim.o(i.HAL_TIM_TriggerCallback)
    HAL_UART_Init                            0x080029bb   Thumb Code   100  stm32f1xx_hal_uart.o(i.HAL_UART_Init)
    HAL_UART_MspInit                         0x08002a21   Thumb Code   186  usart.o(i.HAL_UART_MspInit)
    HAL_UART_Transmit                        0x08002aed   Thumb Code   160  stm32f1xx_hal_uart.o(i.HAL_UART_Transmit)
    HardFault_Handler                        0x08002b8d   Thumb Code     2  stm32f1xx_it.o(i.HardFault_Handler)
    INA226_Init                              0x08003155   Thumb Code    72  ina226.o(i.INA226_Init)
    INA226_Read                              0x080031a1   Thumb Code   102  ina226.o(i.INA226_Read)
    INA226_Read_Bus_Voltage                  0x08003221   Thumb Code    46  ina226.o(i.INA226_Read_Bus_Voltage)
    INA226_Read_Current                      0x08003259   Thumb Code    46  ina226.o(i.INA226_Read_Current)
    INA226_Read_Pow                          0x08003291   Thumb Code    46  ina226.o(i.INA226_Read_Pow)
    LED_Control                              0x080032c9   Thumb Code    42  gpio.o(i.LED_Control)
    MX_ADC1_Init                             0x080032f9   Thumb Code    76  adc.o(i.MX_ADC1_Init)
    MX_GPIO_Init                             0x0800334d   Thumb Code   250  gpio.o(i.MX_GPIO_Init)
    MX_I2C1_Init                             0x0800345d   Thumb Code    50  i2c.o(i.MX_I2C1_Init)
    MX_TIM1_Init                             0x0800349d   Thumb Code   100  tim.o(i.MX_TIM1_Init)
    MX_TIM3_Init                             0x08003509   Thumb Code    96  tim.o(i.MX_TIM3_Init)
    MX_USART1_UART_Init                      0x08003571   Thumb Code    48  usart.o(i.MX_USART1_UART_Init)
    MX_USART2_UART_Init                      0x080035a9   Thumb Code    48  usart.o(i.MX_USART2_UART_Init)
    MemManage_Handler                        0x080035e1   Thumb Code     2  stm32f1xx_it.o(i.MemManage_Handler)
    Modbus_Init                              0x080035e5   Thumb Code    50  modbus.o(i.Modbus_Init)
    Modbus_Parse                             0x08003639   Thumb Code   132  modbus.o(i.Modbus_Parse)
    NMI_Handler                              0x080036c5   Thumb Code     2  stm32f1xx_it.o(i.NMI_Handler)
    OLED_CLS                                 0x080036c7   Thumb Code     6  oled.o(i.OLED_CLS)
    OLED_Fill                                0x080036cd   Thumb Code    56  oled.o(i.OLED_Fill)
    OLED_Init                                0x08003705   Thumb Code   180  oled.o(i.OLED_Init)
    OLED_SetPos                              0x080037b9   Thumb Code    38  oled.o(i.OLED_SetPos)
    OLED_ShowStr                             0x080037e1   Thumb Code   208  oled.o(i.OLED_ShowStr)
    PendSV_Handler                           0x080038b9   Thumb Code     2  stm32f1xx_it.o(i.PendSV_Handler)
    RELAY_Control                            0x080038bd   Thumb Code    26  gpio.o(i.RELAY_Control)
    Read_SlaveAddress                        0x080038dd   Thumb Code    38  modbus.o(i.Read_SlaveAddress)
    SVC_Handler                              0x08003909   Thumb Code     2  stm32f1xx_it.o(i.SVC_Handler)
    SysTick_Handler                          0x0800390b   Thumb Code     4  stm32f1xx_it.o(i.SysTick_Handler)
    SystemClock_Config                       0x0800390f   Thumb Code   120  main.o(i.SystemClock_Config)
    SystemInit                               0x08003987   Thumb Code     2  system_stm32f1xx.o(i.SystemInit)
    TIM1_UP_IRQHandler                       0x08003989   Thumb Code     6  stm32f1xx_it.o(i.TIM1_UP_IRQHandler)
    TIM3_IRQHandler                          0x08003995   Thumb Code    24  porttimer.o(i.TIM3_IRQHandler)
    TIM_Base_SetConfig                       0x080039b5   Thumb Code   108  stm32f1xx_hal_tim.o(i.TIM_Base_SetConfig)
    TIM_ETR_SetConfig                        0x08003a2d   Thumb Code    20  stm32f1xx_hal_tim.o(i.TIM_ETR_SetConfig)
    USART2_IRQHandler                        0x08003c11   Thumb Code    56  portserial.o(i.USART2_IRQHandler)
    UsageFault_Handler                       0x08003c55   Thumb Code     2  stm32f1xx_it.o(i.UsageFault_Handler)
    WriteCmd                                 0x08003c59   Thumb Code    32  oled.o(i.WriteCmd)
    WriteDat                                 0x08003c7d   Thumb Code    32  oled.o(i.WriteDat)
    Write_SlaveAddress                       0x08003ca1   Thumb Code    34  modbus.o(i.Write_SlaveAddress)
    __0printf                                0x08003cc9   Thumb Code    22  printfa.o(i.__0printf)
    __1printf                                0x08003cc9   Thumb Code     0  printfa.o(i.__0printf)
    __2printf                                0x08003cc9   Thumb Code     0  printfa.o(i.__0printf)
    __c89printf                              0x08003cc9   Thumb Code     0  printfa.o(i.__0printf)
    printf                                   0x08003cc9   Thumb Code     0  printfa.o(i.__0printf)
    __scatterload_copy                       0x08003d09   Thumb Code    14  handlers.o(i.__scatterload_copy)
    __scatterload_null                       0x08003d17   Thumb Code     2  handlers.o(i.__scatterload_null)
    __scatterload_zeroinit                   0x08003d19   Thumb Code    14  handlers.o(i.__scatterload_zeroinit)
    eMBASCIIInit                             0x080045dd   Thumb Code    48  mbascii.o(i.eMBASCIIInit)
    eMBASCIIReceive                          0x08004611   Thumb Code    68  mbascii.o(i.eMBASCIIReceive)
    eMBASCIISend                             0x08004659   Thumb Code    68  mbascii.o(i.eMBASCIISend)
    eMBASCIIStart                            0x080046a1   Thumb Code    24  mbascii.o(i.eMBASCIIStart)
    eMBASCIIStop                             0x080046bd   Thumb Code    18  mbascii.o(i.eMBASCIIStop)
    eMBClose                                 0x080046d1   Thumb Code    28  mb.o(i.eMBClose)
    eMBDisable                               0x080046f1   Thumb Code    28  mb.o(i.eMBDisable)
    eMBEnable                                0x08004711   Thumb Code    28  mb.o(i.eMBEnable)
    eMBFuncReadCoils                         0x08004731   Thumb Code   114  mbfunccoils.o(i.eMBFuncReadCoils)
    eMBFuncReadDiscreteInputs                0x080047a3   Thumb Code   114  mbfuncdisc.o(i.eMBFuncReadDiscreteInputs)
    eMBFuncReadHoldingRegister               0x08004815   Thumb Code   100  mbfuncholding.o(i.eMBFuncReadHoldingRegister)
    eMBFuncReadInputRegister                 0x08004879   Thumb Code    98  mbfuncinput.o(i.eMBFuncReadInputRegister)
    eMBFuncReadWriteMultipleHoldingRegister  0x080048db   Thumb Code   156  mbfuncholding.o(i.eMBFuncReadWriteMultipleHoldingRegister)
    eMBFuncReportSlaveID                     0x08004979   Thumb Code    26  mbfuncother.o(i.eMBFuncReportSlaveID)
    eMBFuncWriteCoil                         0x0800499d   Thumb Code    86  mbfunccoils.o(i.eMBFuncWriteCoil)
    eMBFuncWriteHoldingRegister              0x080049f3   Thumb Code    50  mbfuncholding.o(i.eMBFuncWriteHoldingRegister)
    eMBFuncWriteMultipleCoils                0x08004a25   Thumb Code   100  mbfunccoils.o(i.eMBFuncWriteMultipleCoils)
    eMBFuncWriteMultipleHoldingRegister      0x08004a89   Thumb Code    78  mbfuncholding.o(i.eMBFuncWriteMultipleHoldingRegister)
    eMBInit                                  0x08004ad9   Thumb Code   174  mb.o(i.eMBInit)
    eMBPoll                                  0x08004bc5   Thumb Code   186  mb.o(i.eMBPoll)
    eMBRTUInit                               0x08004c85   Thumb Code    58  mbrtu.o(i.eMBRTUInit)
    eMBRTUReceive                            0x08004cc5   Thumb Code    72  mbrtu.o(i.eMBRTUReceive)
    eMBRTUSend                               0x08004d15   Thumb Code    80  mbrtu.o(i.eMBRTUSend)
    eMBRTUStart                              0x08004d6d   Thumb Code    24  mbrtu.o(i.eMBRTUStart)
    eMBRTUStop                               0x08004d89   Thumb Code    18  mbrtu.o(i.eMBRTUStop)
    eMBRegCoilsCB                            0x08004d9d   Thumb Code   152  port.o(i.eMBRegCoilsCB)
    eMBRegDiscreteCB                         0x08004e39   Thumb Code   122  port.o(i.eMBRegDiscreteCB)
    eMBRegHoldingCB                          0x08004eb9   Thumb Code    94  port.o(i.eMBRegHoldingCB)
    eMBRegInputCB                            0x08004f21   Thumb Code    74  port.o(i.eMBRegInputCB)
    fputc                                    0x08004f71   Thumb Code    20  usart.o(i.fputc)
    main                                     0x08004f89   Thumb Code    98  main.o(i.main)
    prveMBError2Exception                    0x08005025   Thumb Code    24  mbutils.o(i.prveMBError2Exception)
    usMBCRC16                                0x08005071   Thumb Code    40  mbcrc.o(i.usMBCRC16)
    vMBPortSerialEnable                      0x0800509d   Thumb Code    76  portserial.o(i.vMBPortSerialEnable)
    vMBPortTimersDisable                     0x080050f1   Thumb Code    32  porttimer.o(i.vMBPortTimersDisable)
    vMBPortTimersEnable                      0x08005115   Thumb Code    20  porttimer.o(i.vMBPortTimersEnable)
    xMBASCIIReceiveFSM                       0x0800512d   Thumb Code   222  mbascii.o(i.xMBASCIIReceiveFSM)
    xMBASCIITimerT1SExpired                  0x08005211   Thumb Code    42  mbascii.o(i.xMBASCIITimerT1SExpired)
    xMBASCIITransmitFSM                      0x08005241   Thumb Code   168  mbascii.o(i.xMBASCIITransmitFSM)
    xMBPortEventGet                          0x080052ed   Thumb Code    24  portevent.o(i.xMBPortEventGet)
    xMBPortEventInit                         0x08005309   Thumb Code    10  portevent.o(i.xMBPortEventInit)
    xMBPortEventPost                         0x08005319   Thumb Code    12  portevent.o(i.xMBPortEventPost)
    xMBPortSerialGetByte                     0x08005329   Thumb Code    10  portserial.o(i.xMBPortSerialGetByte)
    xMBPortSerialInit                        0x08005339   Thumb Code    88  portserial.o(i.xMBPortSerialInit)
    xMBPortSerialPutByte                     0x08005399   Thumb Code     8  portserial.o(i.xMBPortSerialPutByte)
    xMBPortTimersInit                        0x080053a5   Thumb Code   106  porttimer.o(i.xMBPortTimersInit)
    xMBRTUReceiveFSM                         0x08005419   Thumb Code    96  mbrtu.o(i.xMBRTUReceiveFSM)
    xMBRTUTimerT35Expired                    0x08005481   Thumb Code    58  mbrtu.o(i.xMBRTUTimerT35Expired)
    xMBRTUTransmitFSM                        0x080054c1   Thumb Code    86  mbrtu.o(i.xMBRTUTransmitFSM)
    F6x8                                     0x0800551c   Data         552  oled.o(.constdata)
    F8X16                                    0x08005744   Data        1520  oled.o(.constdata)
    AHBPrescTable                            0x08005f58   Data          16  system_stm32f1xx.o(.constdata)
    APBPrescTable                            0x08005f68   Data           8  system_stm32f1xx.o(.constdata)
    Region$$Table$$Base                      0x08005f70   Number         0  anon$$obj.o(Region$$Table)
    Region$$Table$$Limit                     0x08005f90   Number         0  anon$$obj.o(Region$$Table)
    RH                                       0x20000000   Data           4  aht20.o(.data)
    Temp                                     0x20000004   Data           4  aht20.o(.data)
    TIM1_Timeout_Flag                        0x20000008   Data           1  modbus.o(.data)
    SlaveAddress                             0x20000009   Data           1  modbus.o(.data)
    Modify_SlaveAddress_Flag                 0x2000000a   Data           1  modbus.o(.data)
    Key_Value                                0x2000000b   Data           1  gpio.o(.data)
    pxMBFrameCBByteReceived                  0x20000030   Data           4  mb.o(.data)
    pxMBFrameCBTransmitterEmpty              0x20000034   Data           4  mb.o(.data)
    pxMBPortCBTimerExpired                   0x20000038   Data           4  mb.o(.data)
    REG_COILS_BUF                            0x200000dc   Data          10  port.o(.data)
    REG_DISC_BUF                             0x200000e6   Data          10  port.o(.data)
    uwTickFreq                               0x200000f4   Data           1  stm32f1xx_hal.o(.data)
    uwTickPrio                               0x200000f8   Data           4  stm32f1xx_hal.o(.data)
    uwTick                                   0x200000fc   Data           4  stm32f1xx_hal.o(.data)
    SystemCoreClock                          0x20000100   Data           4  system_stm32f1xx.o(.data)
    __stdout                                 0x20000104   Data           4  stdout.o(.data)
    hadc1                                    0x20000108   Data          48  adc.o(.bss)
    hi2c1                                    0x20000138   Data          84  i2c.o(.bss)
    htim1                                    0x2000018c   Data          72  tim.o(.bss)
    htim3                                    0x200001d4   Data          72  tim.o(.bss)
    huart1                                   0x2000021c   Data          72  usart.o(.bss)
    huart2                                   0x20000264   Data          72  usart.o(.bss)
    ucRTUBuf                                 0x200002cc   Data         256  mbrtu.o(.bss)
    REG_HOLD_BUF                             0x200003cc   Data          20  port.o(.bss)
    REG_INPUT_BUF                            0x200003e0   Data          20  port.o(.bss)
    __initial_sp                             0x200007f8   Data           0  startup_stm32f103xb.o(STACK)



==============================================================================

Memory Map of the image

  Image Entry point : 0x080000ed

  Load Region LR_IROM1 (Base: 0x08000000, Size: 0x00006098, Max: 0x00010000, ABSOLUTE)

    Execution Region ER_IROM1 (Exec base: 0x08000000, Load base: 0x08000000, Size: 0x00005f90, Max: 0x00010000, ABSOLUTE)

    Exec Addr    Load Addr    Size         Type   Attr      Idx    E Section Name        Object

    0x08000000   0x08000000   0x000000ec   Data   RO            3    RESET               startup_stm32f103xb.o
    0x080000ec   0x080000ec   0x00000000   Code   RO         4534  * .ARM.Collect$$$$00000000  mc_w.l(entry.o)
    0x080000ec   0x080000ec   0x00000004   Code   RO         4832    .ARM.Collect$$$$00000001  mc_w.l(entry2.o)
    0x080000f0   0x080000f0   0x00000004   Code   RO         4835    .ARM.Collect$$$$00000004  mc_w.l(entry5.o)
    0x080000f4   0x080000f4   0x00000000   Code   RO         4837    .ARM.Collect$$$$00000008  mc_w.l(entry7b.o)
    0x080000f4   0x080000f4   0x00000000   Code   RO         4839    .ARM.Collect$$$$0000000A  mc_w.l(entry8b.o)
    0x080000f4   0x080000f4   0x00000008   Code   RO         4840    .ARM.Collect$$$$0000000B  mc_w.l(entry9a.o)
    0x080000fc   0x080000fc   0x00000000   Code   RO         4842    .ARM.Collect$$$$0000000D  mc_w.l(entry10a.o)
    0x080000fc   0x080000fc   0x00000000   Code   RO         4844    .ARM.Collect$$$$0000000F  mc_w.l(entry11a.o)
    0x080000fc   0x080000fc   0x00000004   Code   RO         4833    .ARM.Collect$$$$00002712  mc_w.l(entry2.o)
    0x08000100   0x08000100   0x00000024   Code   RO            4    .text               startup_stm32f103xb.o
    0x08000124   0x08000124   0x00000020   Code   RO         4537    .text               mc_w.l(llushr.o)
    0x08000144   0x08000144   0x00000024   Code   RO         4541    .text               mc_w.l(memcpya.o)
    0x08000168   0x08000168   0x00000024   Code   RO         4543    .text               mc_w.l(memseta.o)
    0x0800018c   0x0800018c   0x00000064   Code   RO         4810    .text               mf_w.l(fmul.o)
    0x080001f0   0x080001f0   0x0000007c   Code   RO         4812    .text               mf_w.l(fdiv.o)
    0x0800026c   0x0800026c   0x0000014e   Code   RO         4814    .text               mf_w.l(dadd.o)
    0x080003ba   0x080003ba   0x000000e4   Code   RO         4816    .text               mf_w.l(dmul.o)
    0x0800049e   0x0800049e   0x000000de   Code   RO         4818    .text               mf_w.l(ddiv.o)
    0x0800057c   0x0800057c   0x0000002e   Code   RO         4820    .text               mf_w.l(dscalb.o)
    0x080005aa   0x080005aa   0x0000000a   Code   RO         4822    .text               mf_w.l(ffltui.o)
    0x080005b4   0x080005b4   0x0000001a   Code   RO         4824    .text               mf_w.l(dfltui.o)
    0x080005ce   0x080005ce   0x00000028   Code   RO         4826    .text               mf_w.l(ffixui.o)
    0x080005f6   0x080005f6   0x00000038   Code   RO         4830    .text               mf_w.l(d2f.o)
    0x0800062e   0x0800062e   0x0000002c   Code   RO         4847    .text               mc_w.l(uidiv.o)
    0x0800065a   0x0800065a   0x00000062   Code   RO         4849    .text               mc_w.l(uldiv.o)
    0x080006bc   0x080006bc   0x0000001e   Code   RO         4851    .text               mc_w.l(llshl.o)
    0x080006da   0x080006da   0x00000024   Code   RO         4853    .text               mc_w.l(llsshr.o)
    0x080006fe   0x080006fe   0x00000000   Code   RO         4855    .text               mc_w.l(iusefp.o)
    0x080006fe   0x080006fe   0x0000006e   Code   RO         4856    .text               mf_w.l(fepilogue.o)
    0x0800076c   0x0800076c   0x000000ba   Code   RO         4858    .text               mf_w.l(depilogue.o)
    0x08000826   0x08000826   0x00000030   Code   RO         4860    .text               mf_w.l(dfixul.o)
    0x08000856   0x08000856   0x00000002   PAD
    0x08000858   0x08000858   0x00000030   Code   RO         4862    .text               mf_w.l(cdrcmple.o)
    0x08000888   0x08000888   0x00000024   Code   RO         4864    .text               mc_w.l(init.o)
    0x080008ac   0x080008ac   0x00000056   Code   RO         1473    i.ADC_ConversionStop_Disable  stm32f1xx_hal_adc.o
    0x08000902   0x08000902   0x00000002   PAD
    0x08000904   0x08000904   0x0000007c   Code   RO         1477    i.ADC_Enable        stm32f1xx_hal_adc.o
    0x08000980   0x08000980   0x00000120   Code   RO          538    i.ADC_VR_CPU_Read   adc.o
    0x08000aa0   0x08000aa0   0x0000002c   Code   RO           13    i.AHT20_DeInit      aht20.o
    0x08000acc   0x08000acc   0x00000040   Code   RO           14    i.AHT20_Init        aht20.o
    0x08000b0c   0x08000b0c   0x00000038   Code   RO           15    i.AHT20_Read        aht20.o
    0x08000b44   0x08000b44   0x000000fc   Code   RO           16    i.AHT20_ReadData    aht20.o
    0x08000c40   0x08000c40   0x00000020   Code   RO           17    i.AHT20_Read_Status  aht20.o
    0x08000c60   0x08000c60   0x00000020   Code   RO          460    i.BEEP_Control      gpio.o
    0x08000c80   0x08000c80   0x00000002   Code   RO          761    i.BusFault_Handler  stm32f1xx_it.o
    0x08000c82   0x08000c82   0x00000002   Code   RO          762    i.DebugMon_Handler  stm32f1xx_it.o
    0x08000c84   0x08000c84   0x00000026   Code   RO          763    i.EXTI15_10_IRQHandler  stm32f1xx_it.o
    0x08000caa   0x08000caa   0x00000014   Code   RO          764    i.EXTI9_5_IRQHandler  stm32f1xx_it.o
    0x08000cbe   0x08000cbe   0x00000004   Code   RO          416    i.Error_Handler     main.o
    0x08000cc2   0x08000cc2   0x00000002   PAD
    0x08000cc4   0x08000cc4   0x000000d8   Code   RO         1653    i.HAL_ADCEx_Calibration_Start  stm32f1xx_hal_adc_ex.o
    0x08000d9c   0x08000d9c   0x000000fc   Code   RO         1479    i.HAL_ADC_ConfigChannel  stm32f1xx_hal_adc.o
    0x08000e98   0x08000e98   0x00000006   Code   RO         1486    i.HAL_ADC_GetValue  stm32f1xx_hal_adc.o
    0x08000e9e   0x08000e9e   0x00000002   PAD
    0x08000ea0   0x08000ea0   0x0000011c   Code   RO         1488    i.HAL_ADC_Init      stm32f1xx_hal_adc.o
    0x08000fbc   0x08000fbc   0x00000058   Code   RO          542    i.HAL_ADC_MspInit   adc.o
    0x08001014   0x08001014   0x0000013c   Code   RO         1492    i.HAL_ADC_PollForConversion  stm32f1xx_hal_adc.o
    0x08001150   0x08001150   0x000000c0   Code   RO         1494    i.HAL_ADC_Start     stm32f1xx_hal_adc.o
    0x08001210   0x08001210   0x00000024   Code   RO         1756    i.HAL_Delay         stm32f1xx_hal.o
    0x08001234   0x08001234   0x00000118   Code   RO          765    i.HAL_GPIO_EXTI_Callback  stm32f1xx_it.o
    0x0800134c   0x0800134c   0x00000018   Code   RO         2065    i.HAL_GPIO_EXTI_IRQHandler  stm32f1xx_hal_gpio.o
    0x08001364   0x08001364   0x000001e0   Code   RO         2066    i.HAL_GPIO_Init     stm32f1xx_hal_gpio.o
    0x08001544   0x08001544   0x0000000a   Code   RO         2070    i.HAL_GPIO_WritePin  stm32f1xx_hal_gpio.o
    0x0800154e   0x0800154e   0x00000002   PAD
    0x08001550   0x08001550   0x0000000c   Code   RO         1760    i.HAL_GetTick       stm32f1xx_hal.o
    0x0800155c   0x0800155c   0x00000188   Code   RO         2737    i.HAL_I2C_Init      stm32f1xx_hal_i2c.o
    0x080016e4   0x080016e4   0x00000250   Code   RO         2743    i.HAL_I2C_Master_Receive  stm32f1xx_hal_i2c.o
    0x08001934   0x08001934   0x0000012c   Code   RO         2750    i.HAL_I2C_Master_Transmit  stm32f1xx_hal_i2c.o
    0x08001a60   0x08001a60   0x0000025c   Code   RO         2755    i.HAL_I2C_Mem_Read  stm32f1xx_hal_i2c.o
    0x08001cbc   0x08001cbc   0x00000130   Code   RO         2758    i.HAL_I2C_Mem_Write  stm32f1xx_hal_i2c.o
    0x08001dec   0x08001dec   0x0000005c   Code   RO          605    i.HAL_I2C_MspInit   i2c.o
    0x08001e48   0x08001e48   0x00000010   Code   RO         1766    i.HAL_IncTick       stm32f1xx_hal.o
    0x08001e58   0x08001e58   0x00000024   Code   RO         1767    i.HAL_Init          stm32f1xx_hal.o
    0x08001e7c   0x08001e7c   0x00000040   Code   RO         1768    i.HAL_InitTick      stm32f1xx_hal.o
    0x08001ebc   0x08001ebc   0x0000003c   Code   RO          868    i.HAL_MspInit       stm32f1xx_hal_msp.o
    0x08001ef8   0x08001ef8   0x0000001a   Code   RO         2226    i.HAL_NVIC_EnableIRQ  stm32f1xx_hal_cortex.o
    0x08001f12   0x08001f12   0x00000002   PAD
    0x08001f14   0x08001f14   0x00000040   Code   RO         2232    i.HAL_NVIC_SetPriority  stm32f1xx_hal_cortex.o
    0x08001f54   0x08001f54   0x00000024   Code   RO         2233    i.HAL_NVIC_SetPriorityGrouping  stm32f1xx_hal_cortex.o
    0x08001f78   0x08001f78   0x000000a4   Code   RO         2027    i.HAL_RCCEx_GetPeriphCLKFreq  stm32f1xx_hal_rcc_ex.o
    0x0800201c   0x0800201c   0x000000ec   Code   RO         2028    i.HAL_RCCEx_PeriphCLKConfig  stm32f1xx_hal_rcc_ex.o
    0x08002108   0x08002108   0x0000012c   Code   RO         1924    i.HAL_RCC_ClockConfig  stm32f1xx_hal_rcc.o
    0x08002234   0x08002234   0x00000020   Code   RO         1931    i.HAL_RCC_GetPCLK1Freq  stm32f1xx_hal_rcc.o
    0x08002254   0x08002254   0x00000020   Code   RO         1932    i.HAL_RCC_GetPCLK2Freq  stm32f1xx_hal_rcc.o
    0x08002274   0x08002274   0x0000004c   Code   RO         1933    i.HAL_RCC_GetSysClockFreq  stm32f1xx_hal_rcc.o
    0x080022c0   0x080022c0   0x00000320   Code   RO         1936    i.HAL_RCC_OscConfig  stm32f1xx_hal_rcc.o
    0x080025e0   0x080025e0   0x00000028   Code   RO         2237    i.HAL_SYSTICK_Config  stm32f1xx_hal_cortex.o
    0x08002608   0x08002608   0x00000002   Code   RO         3869    i.HAL_TIMEx_BreakCallback  stm32f1xx_hal_tim_ex.o
    0x0800260a   0x0800260a   0x00000002   Code   RO         3870    i.HAL_TIMEx_CommutCallback  stm32f1xx_hal_tim_ex.o
    0x0800260c   0x0800260c   0x00000068   Code   RO         3888    i.HAL_TIMEx_MasterConfigSynchronization  stm32f1xx_hal_tim_ex.o
    0x08002674   0x08002674   0x0000005a   Code   RO         3165    i.HAL_TIM_Base_Init  stm32f1xx_hal_tim.o
    0x080026ce   0x080026ce   0x00000002   PAD
    0x080026d0   0x080026d0   0x00000064   Code   RO          655    i.HAL_TIM_Base_MspInit  tim.o
    0x08002734   0x08002734   0x00000058   Code   RO         3170    i.HAL_TIM_Base_Start_IT  stm32f1xx_hal_tim.o
    0x0800278c   0x0800278c   0x000000dc   Code   RO         3174    i.HAL_TIM_ConfigClockSource  stm32f1xx_hal_tim.o
    0x08002868   0x08002868   0x00000002   Code   RO         3199    i.HAL_TIM_IC_CaptureCallback  stm32f1xx_hal_tim.o
    0x0800286a   0x0800286a   0x00000130   Code   RO         3213    i.HAL_TIM_IRQHandler  stm32f1xx_hal_tim.o
    0x0800299a   0x0800299a   0x00000002   Code   RO         3216    i.HAL_TIM_OC_DelayElapsedCallback  stm32f1xx_hal_tim.o
    0x0800299c   0x0800299c   0x00000002   Code   RO         3243    i.HAL_TIM_PWM_PulseFinishedCallback  stm32f1xx_hal_tim.o
    0x0800299e   0x0800299e   0x00000002   PAD
    0x080029a0   0x080029a0   0x00000018   Code   RO          766    i.HAL_TIM_PeriodElapsedCallback  stm32f1xx_it.o
    0x080029b8   0x080029b8   0x00000002   Code   RO         3256    i.HAL_TIM_TriggerCallback  stm32f1xx_hal_tim.o
    0x080029ba   0x080029ba   0x00000064   Code   RO         4166    i.HAL_UART_Init     stm32f1xx_hal_uart.o
    0x08002a1e   0x08002a1e   0x00000002   PAD
    0x08002a20   0x08002a20   0x000000cc   Code   RO          703    i.HAL_UART_MspInit  usart.o
    0x08002aec   0x08002aec   0x000000a0   Code   RO         4174    i.HAL_UART_Transmit  stm32f1xx_hal_uart.o
    0x08002b8c   0x08002b8c   0x00000002   Code   RO          767    i.HardFault_Handler  stm32f1xx_it.o
    0x08002b8e   0x08002b8e   0x0000002e   Code   RO         2780    i.I2C_IsAcknowledgeFailed  stm32f1xx_hal_i2c.o
    0x08002bbc   0x08002bbc   0x000000ec   Code   RO         2783    i.I2C_MasterRequestRead  stm32f1xx_hal_i2c.o
    0x08002ca8   0x08002ca8   0x0000009c   Code   RO         2784    i.I2C_MasterRequestWrite  stm32f1xx_hal_i2c.o
    0x08002d44   0x08002d44   0x000000fc   Code   RO         2790    i.I2C_RequestMemoryRead  stm32f1xx_hal_i2c.o
    0x08002e40   0x08002e40   0x000000a8   Code   RO         2791    i.I2C_RequestMemoryWrite  stm32f1xx_hal_i2c.o
    0x08002ee8   0x08002ee8   0x00000056   Code   RO         2795    i.I2C_WaitOnBTFFlagUntilTimeout  stm32f1xx_hal_i2c.o
    0x08002f3e   0x08002f3e   0x00000002   PAD
    0x08002f40   0x08002f40   0x00000090   Code   RO         2796    i.I2C_WaitOnFlagUntilTimeout  stm32f1xx_hal_i2c.o
    0x08002fd0   0x08002fd0   0x000000bc   Code   RO         2797    i.I2C_WaitOnMasterAddressFlagUntilTimeout  stm32f1xx_hal_i2c.o
    0x0800308c   0x0800308c   0x00000070   Code   RO         2798    i.I2C_WaitOnRXNEFlagUntilTimeout  stm32f1xx_hal_i2c.o
    0x080030fc   0x080030fc   0x00000056   Code   RO         2799    i.I2C_WaitOnTXEFlagUntilTimeout  stm32f1xx_hal_i2c.o
    0x08003152   0x08003152   0x00000002   PAD
    0x08003154   0x08003154   0x0000004c   Code   RO          185    i.INA226_Init       ina226.o
    0x080031a0   0x080031a0   0x00000080   Code   RO          186    i.INA226_Read       ina226.o
    0x08003220   0x08003220   0x00000038   Code   RO          187    i.INA226_Read_Bus_Voltage  ina226.o
    0x08003258   0x08003258   0x00000038   Code   RO          188    i.INA226_Read_Current  ina226.o
    0x08003290   0x08003290   0x00000038   Code   RO          189    i.INA226_Read_Pow   ina226.o
    0x080032c8   0x080032c8   0x00000030   Code   RO          464    i.LED_Control       gpio.o
    0x080032f8   0x080032f8   0x00000054   Code   RO          543    i.MX_ADC1_Init      adc.o
    0x0800334c   0x0800334c   0x00000110   Code   RO          466    i.MX_GPIO_Init      gpio.o
    0x0800345c   0x0800345c   0x00000040   Code   RO          606    i.MX_I2C1_Init      i2c.o
    0x0800349c   0x0800349c   0x0000006c   Code   RO          656    i.MX_TIM1_Init      tim.o
    0x08003508   0x08003508   0x00000068   Code   RO          657    i.MX_TIM3_Init      tim.o
    0x08003570   0x08003570   0x00000038   Code   RO          704    i.MX_USART1_UART_Init  usart.o
    0x080035a8   0x080035a8   0x00000038   Code   RO          705    i.MX_USART2_UART_Init  usart.o
    0x080035e0   0x080035e0   0x00000002   Code   RO          768    i.MemManage_Handler  stm32f1xx_it.o
    0x080035e2   0x080035e2   0x00000002   PAD
    0x080035e4   0x080035e4   0x00000054   Code   RO          341    i.Modbus_Init       modbus.o
    0x08003638   0x08003638   0x0000008c   Code   RO          342    i.Modbus_Parse      modbus.o
    0x080036c4   0x080036c4   0x00000002   Code   RO          769    i.NMI_Handler       stm32f1xx_it.o
    0x080036c6   0x080036c6   0x00000006   Code   RO          249    i.OLED_CLS          oled.o
    0x080036cc   0x080036cc   0x00000038   Code   RO          251    i.OLED_Fill         oled.o
    0x08003704   0x08003704   0x000000b4   Code   RO          252    i.OLED_Init         oled.o
    0x080037b8   0x080037b8   0x00000026   Code   RO          255    i.OLED_SetPos       oled.o
    0x080037de   0x080037de   0x00000002   PAD
    0x080037e0   0x080037e0   0x000000d8   Code   RO          257    i.OLED_ShowStr      oled.o
    0x080038b8   0x080038b8   0x00000002   Code   RO          770    i.PendSV_Handler    stm32f1xx_it.o
    0x080038ba   0x080038ba   0x00000002   PAD
    0x080038bc   0x080038bc   0x00000020   Code   RO          467    i.RELAY_Control     gpio.o
    0x080038dc   0x080038dc   0x0000002c   Code   RO          343    i.Read_SlaveAddress  modbus.o
    0x08003908   0x08003908   0x00000002   Code   RO          771    i.SVC_Handler       stm32f1xx_it.o
    0x0800390a   0x0800390a   0x00000004   Code   RO          772    i.SysTick_Handler   stm32f1xx_it.o
    0x0800390e   0x0800390e   0x00000078   Code   RO          417    i.SystemClock_Config  main.o
    0x08003986   0x08003986   0x00000002   Code   RO         4500    i.SystemInit        system_stm32f1xx.o
    0x08003988   0x08003988   0x0000000c   Code   RO          773    i.TIM1_UP_IRQHandler  stm32f1xx_it.o
    0x08003994   0x08003994   0x00000020   Code   RO         1395    i.TIM3_IRQHandler   porttimer.o
    0x080039b4   0x080039b4   0x00000078   Code   RO         3258    i.TIM_Base_SetConfig  stm32f1xx_hal_tim.o
    0x08003a2c   0x08003a2c   0x00000014   Code   RO         3269    i.TIM_ETR_SetConfig  stm32f1xx_hal_tim.o
    0x08003a40   0x08003a40   0x00000010   Code   RO         3270    i.TIM_ITRx_SetConfig  stm32f1xx_hal_tim.o
    0x08003a50   0x08003a50   0x00000022   Code   RO         3276    i.TIM_TI1_ConfigInputStage  stm32f1xx_hal_tim.o
    0x08003a72   0x08003a72   0x00000024   Code   RO         3278    i.TIM_TI2_ConfigInputStage  stm32f1xx_hal_tim.o
    0x08003a96   0x08003a96   0x0000004e   Code   RO         4189    i.UART_EndRxTransfer  stm32f1xx_hal_uart.o
    0x08003ae4   0x08003ae4   0x000000b8   Code   RO         4192    i.UART_SetConfig    stm32f1xx_hal_uart.o
    0x08003b9c   0x08003b9c   0x00000072   Code   RO         4195    i.UART_WaitOnFlagUntilTimeout  stm32f1xx_hal_uart.o
    0x08003c0e   0x08003c0e   0x00000002   PAD
    0x08003c10   0x08003c10   0x00000044   Code   RO         1344    i.USART2_IRQHandler  portserial.o
    0x08003c54   0x08003c54   0x00000002   Code   RO          774    i.UsageFault_Handler  stm32f1xx_it.o
    0x08003c56   0x08003c56   0x00000002   PAD
    0x08003c58   0x08003c58   0x00000024   Code   RO          259    i.WriteCmd          oled.o
    0x08003c7c   0x08003c7c   0x00000024   Code   RO          260    i.WriteDat          oled.o
    0x08003ca0   0x08003ca0   0x00000028   Code   RO          344    i.Write_SlaveAddress  modbus.o
    0x08003cc8   0x08003cc8   0x00000020   Code   RO         4782    i.__0printf         mc_w.l(printfa.o)
    0x08003ce8   0x08003ce8   0x00000020   Code   RO         2239    i.__NVIC_SetPriority  stm32f1xx_hal_cortex.o
    0x08003d08   0x08003d08   0x0000000e   Code   RO         4868    i.__scatterload_copy  mc_w.l(handlers.o)
    0x08003d16   0x08003d16   0x00000002   Code   RO         4869    i.__scatterload_null  mc_w.l(handlers.o)
    0x08003d18   0x08003d18   0x0000000e   Code   RO         4870    i.__scatterload_zeroinit  mc_w.l(handlers.o)
    0x08003d26   0x08003d26   0x00000002   PAD
    0x08003d28   0x08003d28   0x00000184   Code   RO         4789    i._fp_digits        mc_w.l(printfa.o)
    0x08003eac   0x08003eac   0x000006dc   Code   RO         4790    i._printf_core      mc_w.l(printfa.o)
    0x08004588   0x08004588   0x00000024   Code   RO         4791    i._printf_post_padding  mc_w.l(printfa.o)
    0x080045ac   0x080045ac   0x0000002e   Code   RO         4792    i._printf_pre_padding  mc_w.l(printfa.o)
    0x080045da   0x080045da   0x00000002   PAD
    0x080045dc   0x080045dc   0x00000034   Code   RO          972    i.eMBASCIIInit      mbascii.o
    0x08004610   0x08004610   0x00000048   Code   RO          973    i.eMBASCIIReceive   mbascii.o
    0x08004658   0x08004658   0x00000048   Code   RO          974    i.eMBASCIISend      mbascii.o
    0x080046a0   0x080046a0   0x0000001c   Code   RO          975    i.eMBASCIIStart     mbascii.o
    0x080046bc   0x080046bc   0x00000012   Code   RO          976    i.eMBASCIIStop      mbascii.o
    0x080046ce   0x080046ce   0x00000002   PAD
    0x080046d0   0x080046d0   0x00000020   Code   RO          889    i.eMBClose          mb.o
    0x080046f0   0x080046f0   0x00000020   Code   RO          890    i.eMBDisable        mb.o
    0x08004710   0x08004710   0x00000020   Code   RO          891    i.eMBEnable         mb.o
    0x08004730   0x08004730   0x00000072   Code   RO         1063    i.eMBFuncReadCoils  mbfunccoils.o
    0x080047a2   0x080047a2   0x00000072   Code   RO         1090    i.eMBFuncReadDiscreteInputs  mbfuncdisc.o
    0x08004814   0x08004814   0x00000064   Code   RO         1108    i.eMBFuncReadHoldingRegister  mbfuncholding.o
    0x08004878   0x08004878   0x00000062   Code   RO         1138    i.eMBFuncReadInputRegister  mbfuncinput.o
    0x080048da   0x080048da   0x0000009c   Code   RO         1109    i.eMBFuncReadWriteMultipleHoldingRegister  mbfuncholding.o
    0x08004976   0x08004976   0x00000002   PAD
    0x08004978   0x08004978   0x00000024   Code   RO         1150    i.eMBFuncReportSlaveID  mbfuncother.o
    0x0800499c   0x0800499c   0x00000056   Code   RO         1064    i.eMBFuncWriteCoil  mbfunccoils.o
    0x080049f2   0x080049f2   0x00000032   Code   RO         1110    i.eMBFuncWriteHoldingRegister  mbfuncholding.o
    0x08004a24   0x08004a24   0x00000064   Code   RO         1065    i.eMBFuncWriteMultipleCoils  mbfunccoils.o
    0x08004a88   0x08004a88   0x0000004e   Code   RO         1111    i.eMBFuncWriteMultipleHoldingRegister  mbfuncholding.o
    0x08004ad6   0x08004ad6   0x00000002   PAD
    0x08004ad8   0x08004ad8   0x000000ec   Code   RO          892    i.eMBInit           mb.o
    0x08004bc4   0x08004bc4   0x000000c0   Code   RO          893    i.eMBPoll           mb.o
    0x08004c84   0x08004c84   0x00000040   Code   RO         1171    i.eMBRTUInit        mbrtu.o
    0x08004cc4   0x08004cc4   0x00000050   Code   RO         1172    i.eMBRTUReceive     mbrtu.o
    0x08004d14   0x08004d14   0x00000058   Code   RO         1173    i.eMBRTUSend        mbrtu.o
    0x08004d6c   0x08004d6c   0x0000001c   Code   RO         1174    i.eMBRTUStart       mbrtu.o
    0x08004d88   0x08004d88   0x00000012   Code   RO         1175    i.eMBRTUStop        mbrtu.o
    0x08004d9a   0x08004d9a   0x00000002   PAD
    0x08004d9c   0x08004d9c   0x0000009c   Code   RO         1265    i.eMBRegCoilsCB     port.o
    0x08004e38   0x08004e38   0x00000080   Code   RO         1266    i.eMBRegDiscreteCB  port.o
    0x08004eb8   0x08004eb8   0x00000068   Code   RO         1267    i.eMBRegHoldingCB   port.o
    0x08004f20   0x08004f20   0x00000050   Code   RO         1268    i.eMBRegInputCB     port.o
    0x08004f70   0x08004f70   0x00000018   Code   RO          706    i.fputc             usart.o
    0x08004f88   0x08004f88   0x0000009c   Code   RO          418    i.main              main.o
    0x08005024   0x08005024   0x00000018   Code   RO         1238    i.prveMBError2Exception  mbutils.o
    0x0800503c   0x0800503c   0x0000001c   Code   RO          977    i.prvucMBBIN2CHAR   mbascii.o
    0x08005058   0x08005058   0x00000018   Code   RO          978    i.prvucMBLRC        mbascii.o
    0x08005070   0x08005070   0x0000002c   Code   RO         1046    i.usMBCRC16         mbcrc.o
    0x0800509c   0x0800509c   0x00000054   Code   RO         1345    i.vMBPortSerialEnable  portserial.o
    0x080050f0   0x080050f0   0x00000024   Code   RO         1425    i.vMBPortTimersDisable  porttimer.o
    0x08005114   0x08005114   0x00000018   Code   RO         1419    i.vMBPortTimersEnable  porttimer.o
    0x0800512c   0x0800512c   0x000000e4   Code   RO          979    i.xMBASCIIReceiveFSM  mbascii.o
    0x08005210   0x08005210   0x00000030   Code   RO          980    i.xMBASCIITimerT1SExpired  mbascii.o
    0x08005240   0x08005240   0x000000ac   Code   RO          981    i.xMBASCIITransmitFSM  mbascii.o
    0x080052ec   0x080052ec   0x0000001c   Code   RO         1315    i.xMBPortEventGet   portevent.o
    0x08005308   0x08005308   0x00000010   Code   RO         1316    i.xMBPortEventInit  portevent.o
    0x08005318   0x08005318   0x00000010   Code   RO         1317    i.xMBPortEventPost  portevent.o
    0x08005328   0x08005328   0x00000010   Code   RO         1346    i.xMBPortSerialGetByte  portserial.o
    0x08005338   0x08005338   0x00000060   Code   RO         1347    i.xMBPortSerialInit  portserial.o
    0x08005398   0x08005398   0x0000000c   Code   RO         1348    i.xMBPortSerialPutByte  portserial.o
    0x080053a4   0x080053a4   0x00000074   Code   RO         1396    i.xMBPortTimersInit  porttimer.o
    0x08005418   0x08005418   0x00000068   Code   RO         1176    i.xMBRTUReceiveFSM  mbrtu.o
    0x08005480   0x08005480   0x00000040   Code   RO         1177    i.xMBRTUTimerT35Expired  mbrtu.o
    0x080054c0   0x080054c0   0x0000005c   Code   RO         1178    i.xMBRTUTransmitFSM  mbrtu.o
    0x0800551c   0x0800551c   0x00000818   Data   RO          261    .constdata          oled.o
    0x08005d34   0x08005d34   0x00000200   Data   RO         1047    .constdata          mbcrc.o
    0x08005f34   0x08005f34   0x00000012   Data   RO         1937    .constdata          stm32f1xx_hal_rcc.o
    0x08005f46   0x08005f46   0x00000012   Data   RO         2029    .constdata          stm32f1xx_hal_rcc_ex.o
    0x08005f58   0x08005f58   0x00000010   Data   RO         4501    .constdata          system_stm32f1xx.o
    0x08005f68   0x08005f68   0x00000008   Data   RO         4502    .constdata          system_stm32f1xx.o
    0x08005f70   0x08005f70   0x00000020   Data   RO         4866    Region$$Table       anon$$obj.o


    Execution Region RW_IRAM1 (Exec base: 0x20000000, Load base: 0x08005f90, Size: 0x000007f8, Max: 0x00005000, ABSOLUTE)

    Exec Addr    Load Addr    Size         Type   Attr      Idx    E Section Name        Object

    0x20000000   0x08005f90   0x00000008   Data   RW           19    .data               aht20.o
    0x20000008   0x08005f98   0x00000003   Data   RW          345    .data               modbus.o
    0x2000000b   0x08005f9b   0x00000001   Data   RW          469    .data               gpio.o
    0x2000000c   0x08005f9c   0x00000004   Data   RW          775    .data               stm32f1xx_it.o
    0x20000010   0x08005fa0   0x000000ac   Data   RW          895    .data               mb.o
    0x200000bc   0x0800604c   0x00000010   Data   RW          982    .data               mbascii.o
    0x200000cc   0x0800605c   0x00000002   Data   RW         1153    .data               mbfuncother.o
    0x200000ce   0x0800605e   0x00000002   PAD
    0x200000d0   0x08006060   0x0000000c   Data   RW         1180    .data               mbrtu.o
    0x200000dc   0x0800606c   0x00000014   Data   RW         1270    .data               port.o
    0x200000f0   0x08006080   0x00000002   Data   RW         1318    .data               portevent.o
    0x200000f2   0x08006082   0x00000002   PAD
    0x200000f4   0x08006084   0x0000000c   Data   RW         1774    .data               stm32f1xx_hal.o
    0x20000100   0x08006090   0x00000004   Data   RW         4503    .data               system_stm32f1xx.o
    0x20000104   0x08006094   0x00000004   Data   RW         4846    .data               mc_w.l(stdout.o)
    0x20000108        -       0x00000030   Zero   RW          544    .bss                adc.o
    0x20000138        -       0x00000054   Zero   RW          607    .bss                i2c.o
    0x2000018c        -       0x00000090   Zero   RW          658    .bss                tim.o
    0x2000021c        -       0x00000090   Zero   RW          708    .bss                usart.o
    0x200002ac        -       0x00000020   Zero   RW         1152    .bss                mbfuncother.o
    0x200002cc        -       0x00000100   Zero   RW         1179    .bss                mbrtu.o
    0x200003cc        -       0x00000028   Zero   RW         1269    .bss                port.o
    0x200003f4   0x08006098   0x00000004   PAD
    0x200003f8        -       0x00000400   Zero   RW            1    STACK               startup_stm32f103xb.o


==============================================================================

Image component sizes


      Code (inc. data)   RO Data    RW Data    ZI Data      Debug   Object Name

       460         60          0          0         48       2379   adc.o
       448         50          0          8          0     457810   aht20.o
       384         38          0          1          0       2638   gpio.o
       156         26          0          0         84       1625   i2c.o
       372         60          0          0          0       4018   ina226.o
       280         58          0          0          0       2060   main.o
       524         80          0        172          0       8068   mb.o
       742         38          0         16          0       8176   mbascii.o
        44          4        512          0          0       1116   mbcrc.o
       300          0          0          0          0       3486   mbfunccoils.o
       114          0          0          0          0       1440   mbfuncdisc.o
       384          0          0          0          0       4827   mbfuncholding.o
        98          0          0          0          0       1431   mbfuncinput.o
        36         10          0          2         32       1227   mbfuncother.o
       538         46          0         12        256       5891   mbrtu.o
        24          0          0          0          0        572   mbutils.o
       308         54          0          3          0       2878   modbus.o
       568         16       2072          0          0       4754   oled.o
       468         26          0         20         40       4101   port.o
        60         14          0          2          0       1960   portevent.o
       276         38          0          0          0       3328   portserial.o
       208         26          0          0          0       2447   porttimer.o
        36          8        236          0       1024        780   startup_stm32f103xb.o
       164         28          0         12          0       5717   stm32f1xx_hal.o
      1260         54          0          0          0       6340   stm32f1xx_hal_adc.o
       216          6          0          0          0       1390   stm32f1xx_hal_adc_ex.o
       198         14          0          0          0      28819   stm32f1xx_hal_cortex.o
       514         40          0          0          0       3391   stm32f1xx_hal_gpio.o
      3666         94          0          0          0      17305   stm32f1xx_hal_i2c.o
        60          8          0          0          0        830   stm32f1xx_hal_msp.o
      1240         84         18          0          0       4972   stm32f1xx_hal_rcc.o
       400         28         18          0          0       2401   stm32f1xx_hal_rcc_ex.o
       936         24          0          0          0       9525   stm32f1xx_hal_tim.o
       108         12          0          0          0       2309   stm32f1xx_hal_tim_ex.o
       636          6          0          0          0       4504   stm32f1xx_hal_uart.o
       394        138          0          4          0       6660   stm32f1xx_it.o
         2          0         24          4          0       1047   system_stm32f1xx.o
       312         30          0          0        144       2239   tim.o
       340         38          0          0        144       2858   usart.o

    ----------------------------------------------------------------------
     17312       1256       2912        260       1776     627319   Object Totals
         0          0         32          0          0          0   (incl. Generated)
        38          0          0          4          4          0   (incl. Padding)

    ----------------------------------------------------------------------

      Code (inc. data)   RO Data    RW Data    ZI Data      Debug   Library Member Name

         0          0          0          0          0          0   entry.o
         0          0          0          0          0          0   entry10a.o
         0          0          0          0          0          0   entry11a.o
         8          4          0          0          0          0   entry2.o
         4          0          0          0          0          0   entry5.o
         0          0          0          0          0          0   entry7b.o
         0          0          0          0          0          0   entry8b.o
         8          4          0          0          0          0   entry9a.o
        30          0          0          0          0          0   handlers.o
        36          8          0          0          0         68   init.o
         0          0          0          0          0          0   iusefp.o
        30          0          0          0          0         68   llshl.o
        36          0          0          0          0         68   llsshr.o
        32          0          0          0          0         68   llushr.o
        36          0          0          0          0         68   memcpya.o
        36          0          0          0          0        108   memseta.o
      2258         90          0          0          0        452   printfa.o
         0          0          0          4          0          0   stdout.o
        44          0          0          0          0         80   uidiv.o
        98          0          0          0          0         92   uldiv.o
        48          0          0          0          0         68   cdrcmple.o
        56          0          0          0          0         88   d2f.o
       334          0          0          0          0        148   dadd.o
       222          0          0          0          0        100   ddiv.o
       186          0          0          0          0        176   depilogue.o
        48          0          0          0          0         68   dfixul.o
        26          0          0          0          0         76   dfltui.o
       228          0          0          0          0         96   dmul.o
        46          0          0          0          0         80   dscalb.o
       124          0          0          0          0         88   fdiv.o
       110          0          0          0          0        168   fepilogue.o
        40          0          0          0          0         68   ffixui.o
        10          0          0          0          0         68   ffltui.o
       100          0          0          0          0         76   fmul.o

    ----------------------------------------------------------------------
      4240        106          0          4          0       2440   Library Totals
         6          0          0          0          0          0   (incl. Padding)

    ----------------------------------------------------------------------

      Code (inc. data)   RO Data    RW Data    ZI Data      Debug   Library Name

      2656        106          0          4          0       1072   mc_w.l
      1578          0          0          0          0       1368   mf_w.l

    ----------------------------------------------------------------------
      4240        106          0          4          0       2440   Library Totals

    ----------------------------------------------------------------------

==============================================================================


      Code (inc. data)   RO Data    RW Data    ZI Data      Debug   

     21552       1362       2912        264       1776     619927   Grand Totals
     21552       1362       2912        264       1776     619927   ELF Image Totals
     21552       1362       2912        264          0          0   ROM Totals

==============================================================================

    Total RO  Size (Code + RO Data)                24464 (  23.89kB)
    Total RW  Size (RW Data + ZI Data)              2040 (   1.99kB)
    Total ROM Size (Code + RO Data + RW Data)      24728 (  24.15kB)

==============================================================================

